08-01 11:28:17.040  2240  3426 V qms     : |QMS|NetlinkWrapper::handleOEMVendorSubCommand:1076 handleOEMVendorSubCommand: OEM_DATA_CMD_STX_FEATURE_ENABLE_STATUS
08-01 11:28:17.040  2240  3426 I qms     : |QMS|NetlinkWrapper::oem_read_tlv:2368 oem_read_tlv: type=56, length=4, read_len=8
08-01 11:28:17.040  2240  3426 D qms     : |QMS|NetlinkWrapper::handleOEMVendorSubCommand:1087 handleOEMVendorSubCommand: [30]-> value[1], size[4], len[16]
08-01 11:28:17.040  2240  3426 I qms     : |QMS|NetlinkWrapper::oem_read_tlv:2368 oem_read_tlv: type=90, length=4, read_len=8
08-01 11:28:17.040  2240  3426 D qms     : |QMS|NetlinkWrapper::handleOEMVendorSubCommand:1095 handleOEMVendorSubCommand:versionLen[3]
08-01 11:28:17.040  2240  3426 I qms     : |QMS|NetlinkWrapper::oem_read_tlv:2368 oem_read_tlv: type=91, length=4, read_len=8
08-01 11:28:17.040  2240  3426 D qms     : |QMS|NetlinkWrapper::handleOEMVendorSubCommand:1106 handleOEMVendorSubCommand:val[1], read_offset[8]
08-01 11:28:17.040  2240  3426 D qms     : |QMS|NetlinkWrapper::handleOEMVendorSubCommand:1111 handleOEMVendorSubCommand:versions[3]
08-01 11:28:17.040  2240  3426 D qms     : |QMS|NetlinkWrapper::handleOEMVendorSubCommand:1116 handleOEMVendorSubCommand:stxOpStatus[1]
08-01 11:28:17.040  2240  3426 D qms     : |WIFI_TECH|WlanTechHandler::onStxStatusReceived:934 WlanTechHandler:stxStatusReceived
08-01 11:28:17.040  1893  3650 D UwbCountryCode: Set wifi country code to: US
08-01 11:28:17.040  2312  2312 I cnss-daemon: nl80211 response handler invoked
08-01 11:28:17.041  2240  3426 D qms     : |QMS|QmsEventHandler::postEvent:84 QmsEventHandler postEvent start for fd[50]
08-01 11:28:17.041  2240  3426 D qms     : |QMS|QmsEventHandler::postEvent:86 Wakelock evt start 0xb4000071dee3b0f8 0xb4000070fee34b30
08-01 11:28:17.041  2312  2312 I cnss-daemon: nl80211_response_handler: cmd 103, vendorID 4980, subcmd 182  received
08-01 11:28:17.041  2240  3426 D qms     : |QMS|WakelockWrapper::acquireWakelock:83 QmsServices acquireWakelock 0xb40000727ee3a4a8
08-01 11:28:17.041  1893  3650 I UwbCountryCode: Ignoring already set country code: US
08-01 11:28:17.041  2240  3426 D qms     : |QMS_BASE_MODULE|QmsBaseModule::serviceThread:24 [NetlinkModule] processEvents done
08-01 11:28:17.041  2240  3428 D qms     : |QMS|EventManager::processEvents:144 there are 1 file descriptor(s) with events pending
08-01 11:28:17.041  2240  3428 D qms     : |QMS|EventManager::processEvents:168 processing event number: 0, handling 1 for 50
08-01 11:28:17.041  2240  3428 D qms     : |QMS|EventManager::processEvents:179 file descriptor '50' is processing events [callback:0x58b4f3c008, data:0xb4000071dee3b0f8]
08-01 11:28:17.041  2240  3428 D qms     : |QMS|QmsEventHandler::cb:103 QmsEventHandler cb start
08-01 11:28:17.041  2240  3428 D qms     : |WIFI_TECH|WlanTechHandler::handleEvent:408 WlanTechHandler:handleEvent [5]
08-01 11:28:17.041  2240  3428 D qms     : |WIFI_TECH|WlanTechHandler_V2_5::stxStatusReceived:90 version[0]=1
08-01 11:28:17.041  2240  3428 D qms     : |MODEM_INTERFACE|SmartTxManager::onWlanStxStatusReceived:323 SmartTxManager:stxStatusReceived
08-01 11:28:17.041  2240  3428 D qms     : |QMI_STX|QmiStx::setWifiOperationMode:1314 QMI_STX_CNE_WLAN_BT_CTRL_CMD_STATUS_REQ_V01 BT_valid[0], BT_status[0],Wlan_valid[1], Wlan_status[0]
08-01 11:28:17.056   895   895 I servicemanager: Caller(pid=1893,uid=1000,sid=u:r:system_server:s0) Found android.hardware.wifi.IWifi/default in device VINTF manifest.
08-01 11:28:17.066   895   895 I servicemanager: Caller(pid=1893,uid=1000,sid=u:r:system_server:s0) Found android.hardware.wifi.IWifi/default in device VINTF manifest.
08-01 11:28:17.067   895   895 I servicemanager: Caller(pid=1893,uid=1000,sid=u:r:system_server:s0) Found android.hardware.wifi.IWifi/default in device VINTF manifest.
08-01 11:28:17.044  2240  3428 D qms     : |QMI_STX|QmiStx::setWifiOperationMode:1327 QMI_STX_CNE_WLAN_BT_CTRL_CMD_STATUS_REQ_V01 sent successfully!
08-01 11:28:17.044  2240  3428 V qms     : |WIFI_TECH|WlanTechHandler::setModemMcc:574 WlanTechHandler:setModemMcc mcc=0
08-01 11:28:17.044  2240  3428 V qms     : |QMS|RadioTechHandler::setModemMcc:39 setModemMcc: prev_mcc(0), curr_mcc(0)
08-01 11:28:17.044  2240  3428 V qms     : |WIFI_TECH|WlanTechHandler::setModemMcc:590 WlanTechHandler:setModemMcc sending config (ALWAYS)
08-01 11:28:17.044  2240  3428 D qms     : |QMS|QmsEventHandler::postEvent:84 QmsEventHandler postEvent start for fd[50]
08-01 11:28:17.044  2240  3428 D qms     : |QMS|QmsEventHandler::postEvent:86 Wakelock evt start 0xb4000071dee3b0f8 0xb40000728ee3d2b0
08-01 11:28:17.044  2240  3428 D qms     : |QMS|WakelockWrapper::acquireWakelock:83 QmsServices acquireWakelock 0xb40000727ee3a4a8
08-01 11:28:17.044  2240  3428 I qms     : |QMS|NetlinkWrapper::init_oem_data_cmd_hdr:1539 oem_data_cmd=24
08-01 11:28:17.044  2240  3428 V qms     : |QMS|NetlinkWrapper::oem_tlv_write_tlv:1409 WRITE OEM TLV type 1, length 4, write_len 8
08-01 11:28:17.045  2240  3428 V qms     : |QMS|NetlinkWrapper::oem_tlv_write_tlv:1409 WRITE OEM TLV type 46, length 1, write_len 5
08-01 11:28:17.045  2240  3428 V qms     : |QMS|NetlinkWrapper::sendApmStatusTlv:1600 sendApmStatusTlv CmdId[24] { TLV: 46, value: 0}
08-01 11:28:17.050  2240  3428 V qms     : |QMS|NetlinkWrapper::ack_handler:1370 ack_handler is evoked
08-01 11:28:17.050  2240  3428 V qms     : |QMS|NetlinkWrapper::sendApmStatusTlv:1605 sendApmStatusTlv done
08-01 11:28:17.050  2240  3428 V qms     : |QMS|NetlinkWrapper::queryWlanForCountryCode:1897 queryWlanForCountryCode
08-01 11:28:17.051  2240  3428 D qms     : |QMS|NetlinkWrapper::wiPhyCallback:1926 wiPhyCallback: start
08-01 11:28:17.051  2240  3428 D qms     : |QMS|NetlinkWrapper::wiPhyCallback:1934 wiPhyCallback: wiPhy_idx: 1
08-01 11:28:17.051  2240  3428 V qms     : |QMS|NetlinkWrapper::finish_handler:1378 finish_handler is evoked
08-01 11:28:17.051  2240  3428 D qms     : |QMS|NetlinkWrapper::getInstance:94 netlink instance is already available
08-01 11:28:17.051  2240  3428 V qms     : |QMS|NetlinkWrapper::countryCodeCallback:1961 countryCodeCallback: country=US, domain=1
08-01 11:28:17.051  2240  3428 D qms     : |WIFI_TECH|WlanTechHandler::onWlanContryCodeReceived:920 WlanTechHandler:onWifiCountryCodeReceived
08-01 11:28:17.051  2240  3428 D qms     : |QMS|QmsEventHandler::postEvent:84 QmsEventHandler postEvent start for fd[50]
08-01 11:28:17.051  2240  3428 D qms     : |QMS|QmsEventHandler::postEvent:86 Wakelock evt start 0xb4000071dee3b0f8 0xb4000070fee34ad0
08-01 11:28:17.051  2240  3428 D qms     : |QMS|WakelockWrapper::acquireWakelock:83 QmsServices acquireWakelock 0xb40000727ee3a4a8
08-01 11:28:17.051  2240  3428 V qms     : |QMS|NetlinkWrapper::ack_handler:1370 ack_handler is evoked
08-01 11:28:17.051  2240  3428 D qms     : |QMS|WakelockWrapper::releaseWakelock:99 QmsServices releaseWakelock[3], 0xb40000727ee3a4a8
08-01 11:28:17.052  2240  3428 D qms     : |QMS|QmsEventHandler::cb:124 Wakelock evt end 0xb4000071dee3b0f8 0xb4000070fee34b30
08-01 11:28:17.052  2240  3428 D qms     : |WIFI_TECH|WlanTechHandler::handleEvent:408 WlanTechHandler:handleEvent [0]
08-01 11:28:17.052  2240  3428 D qms     : |WIFI_TECH|WlanTechHandler::handleEvent:411 WlanTechHandler:handleEvent WIFI_CONFIG_CHANGED
08-01 11:28:17.052  2240  3428 I qms     : |WIFI_TECH|WlanTechHandler::sendConfig:379 sendConfig no mccConfigList found
08-01 11:28:17.052  2240  3428 D qms     : |QMS|WakelockWrapper::releaseWakelock:99 QmsServices releaseWakelock[2], 0xb40000727ee3a4a8
08-01 11:28:17.052  2240  3428 D qms     : |QMS|QmsEventHandler::cb:124 Wakelock evt end 0xb4000071dee3b0f8 0xb40000728ee3d2b0
08-01 11:28:17.052  2240  3428 D qms     : |WIFI_TECH|WlanTechHandler::handleEvent:408 WlanTechHandler:handleEvent [3]
08-01 11:28:17.052  2240  3428 D qms     : |QMS|WakelockWrapper::releaseWakelock:99 QmsServices releaseWakelock[1], 0xb40000727ee3a4a8
08-01 11:28:17.052  2240  3428 D qms     : |QMS|QmsEventHandler::cb:124 Wakelock evt end 0xb4000071dee3b0f8 0xb4000070fee34ad0
08-01 11:28:17.052  2240  3428 D qms     : |QMS|QmsEventHandler::cb:126 QmsEventHandler cb end
08-01 11:28:17.052  2240  3428 D qms     : |QMS_BASE_MODULE|QmsBaseModule::serviceThread:24 [StxModule] processEvents done
08-01 11:28:17.053  2240  3428 D qms     : |QMS|EventManager::processEvents:144 there are 1 file descriptor(s) with events pending
08-01 11:28:17.053  2240  3428 D qms     : |QMS|EventManager::processEvents:168 processing event number: 0, handling 1 for 50
08-01 11:28:17.053  2240  3428 D qms     : |QMS|EventManager::processEvents:179 file descriptor '50' is processing events [callback:0x58b4f3c008, data:0xb4000071dee3b0f8]
08-01 11:28:17.053  2240  3428 D qms     : |QMS|QmsEventHandler::cb:103 QmsEventHandler cb start
08-01 11:28:17.053  2240  3428 D qms     : |QMS|QmsEventHandler::cb:126 QmsEventHandler cb end
08-01 11:28:17.053  2240  3428 D qms     : |QMS_BASE_MODULE|QmsBaseModule::serviceThread:24 [StxModule] processEvents done
08-01 11:28:17.055  2652  2715 D LOWI-9.0.1.118: [LOWI-Scan] Failed to open control socket for genl family msgs
08-01 11:28:17.056  2652  2715 D LOWI-9.0.1.118: [LOWIWpaInterface] OpenCtrl]72 Failure for mCtrl
08-01 11:28:17.056  2652  2715 D LOWI-9.0.1.118: [LOWI-Scan] nl80211_init:SUCCESS
08-01 11:28:17.057  2652  2715 D LOWI-9.0.1.118: [LOWI-Scan] nl_get_wiphy_info, done err = 0
08-01 11:28:17.057  2652  2715 I LOWI-9.0.1.118: [LOWI-Scan] WipsGetSupportedChannels: return err = 0 num_2g_ch = 14 num_5g_ch = 25 num_6g_ch = 59
08-01 11:28:17.057  2652  2715 I LOWI-9.0.1.118: [LOWIWifiDriverUtils] set the band mask from wiphy 7
08-01 11:28:17.057  2652  2715 D LOWI-9.0.1.118: [LOWIWifiDriverUtils] getWiFiIdentityFromIoctl: ioctl(GET_MAC_ADDR) return: 0, Mac = 00:**:**:**:a9:a9
08-01 11:28:17.062  2652  2715 I LOWI-9.0.1.118: [LOWI-ROME-RTT] RomeWipsOpen: libCld80211 found, load the symbols..
08-01 11:28:17.063  2652  2715 I CLD80211: lowi-server: initialized exit socket pair
08-01 11:28:17.063  2652  2715 D LOWI-9.0.1.118: [LOWI-ROME-RTT] cld80211InitAndRegister: Init and Registration done
08-01 11:28:17.099  2652  2715 D LOWI-9.0.1.118: [LOWI-ROME-RTT] Failed to open control socket for cld80211 family msgs
08-01 11:28:17.100  2652  2715 D LOWI-9.0.1.118: [LOWIController] createWifiDriver: wifi driver created.
08-01 11:28:17.101  2652  2715 D LOWI-9.0.1.118: [LOWIController] getWifiCapabilities
08-01 11:28:17.101  2652  2715 D LOWI-9.0.1.118: [LOWIController] passContConfig
08-01 11:28:17.102  2652  2715 I LOWI-9.0.1.118: [LOWIWifiDriverUtils] return band_mask based on wiphy 7
08-01 11:28:17.102  2652  2715 D LOWI-9.0.1.118: [LOWIControllerExtn] createScanResultReceiver: scanbitmask(0x26)
08-01 11:28:17.102  2652  2715 D LOWI-9.0.1.118: [LOWIController] createScanResultReceiver: Capabilities: discovery(1), ranging(1), bgscan(0), scanbitmask(0x26)
08-01 11:28:17.106  2652  6990 D LOWI-9.0.1.118: [LOWI-Scan] Creating the pipe
08-01 11:28:17.108  2652  6990 D LOWI-9.0.1.118: [LOWIScanResultReceiver] Enter passive listening mode
08-01 11:28:17.109  2652  6990 D LOWI-9.0.1.118: [LOWIWifiDriverInterface] getMeasurements - Passive listening mode
08-01 11:28:17.111  2652  2715 D LOWI-9.0.1.118: [LOWIController] created scanReceiver successfully
08-01 11:28:17.112  2652  2715 D LOWI-9.0.1.118: [LOWIController] created scanReceiver successfully
08-01 11:28:17.112  2652  2715 D LOWI-9.0.1.118: [LOWIController] isWifiEnabled: Issuing the EMERG request only
08-01 11:28:17.112  2652  6990 D LOWI-9.0.1.118: [LOWI-Scan] WipsScanUsingNL:wait -1 sec for netlink message
08-01 11:28:17.113  2652  6991 D LOWI-9.0.1.118: [LOWI-ROME-RTT] Creating pipe to Ranging Thread
08-01 11:28:17.113  2652  6991 D LOWI-9.0.1.118: [LOWIScanResultReceiver] Enter passive listening mode
08-01 11:28:17.114  2652  6991 D LOWI-9.0.1.118: [LOWIRangingFSM] FSM: Received Event EVENT_START_THREAD, Current state: STATE_IDLE_START
08-01 11:28:17.150  2652  6991 D LOWI-9.0.1.118: [LOWI-ROME-RTT] Failed to open control socket for cld80211 family msgs
08-01 11:28:17.151  2652  6991 W LOWI-9.0.1.118: [LOWIRangingFSM] SendRegRequest: Failed - Send Registration request to Host Driver
08-01 11:28:17.151  2652  6991 W LOWI-9.0.1.118: [LOWIRangingFSM] HandleRegFailureOrLost:Failed with Host Driver
08-01 11:28:17.151  2652  6991 D LOWI-9.0.1.118: [LOWIRangingFSM] FSM: New FSM state: STATE_IDLE_START
08-01 11:28:17.151  2652  6991 W LOWI-9.0.1.118: [LOWI-ROME-RTT] RomeWaitOnActivityOnSocketOrPipe: Bad socket 0
08-01 11:28:17.151  2652  6991 D LOWI-9.0.1.118: [LOWI-ROME-RTT] RomeWaitOnActivityOnSocketOrPipe: issue blocking select 
08-01 11:28:17.229  2240  2382 D qms     : |QMS|WakelockWrapper::doResetTimer:68 QmsServices release wakelock after timer expiry
08-01 11:28:17.230  2240  2382 D qms     : |QMS|WakelockWrapper::doResetTimer:70 QmsServices lock held for 200ms
08-01 11:28:17.231  2240  2382 D qms     : |QMS|WakelockWrapper::doResetTimer:72 QmsServices force release count: 2
08-01 11:28:17.528  2240  6989 D qms     : |WIFI_MANAGER|WifiMgr::retryTimeoutHdlrSocketCreate:157 retryTimeoutHdlrSocketCreate  retry timeout called, posting to main thread
08-01 11:28:17.529  2240  6989 D qms     : |QMS|QmsEventHandler::postEvent:84 QmsEventHandler postEvent start for fd[36]
08-01 11:28:17.530  2240  6989 D qms     : |QMS|QmsEventHandler::postEvent:86 Wakelock evt start 0xb40000729ee3f458 0xb4000070fee34888
08-01 11:28:17.530  2240  6989 D qms     : |QMS|WakelockWrapper::acquireWakelock:83 QmsServices acquireWakelock 0xb40000727ee3a4a8
08-01 11:28:17.535  2240  2382 D qms     : |QMS|WakelockWrapper::doResetTimer:42 QmsServices doResetTimer 0xb40000727ee3a4a8, 0, 1
08-01 11:28:17.737  2240  2382 D qms     : |QMS|WakelockWrapper::doResetTimer:68 QmsServices release wakelock after timer expiry
08-01 11:28:17.738  2240  2382 D qms     : |QMS|WakelockWrapper::doResetTimer:70 QmsServices lock held for 200ms
08-01 11:28:17.738  2240  2382 D qms     : |QMS|WakelockWrapper::doResetTimer:72 QmsServices force release count: 3
08-01 11:28:18.078  2240  3427 E qms     : |WIFI_TECH|N53Me::handleWlanUpdate:229 rec unknown iface: wlan0
08-01 11:28:18.078  2240  3427 D qms     : |QMS|WakelockWrapper::releaseWakelock:99 QmsServices releaseWakelock[0], 0xb40000727ee3a4a8
08-01 11:28:18.078  2240  3427 D qms     : |QMS|QmsEventHandler::cb:124 Wakelock evt end 0xb4000071dee3ca68 0xb4000070fee350c8
08-01 11:28:18.079  2240  3427 D qms     : |QMS|QmsEventHandler::cb:126 QmsEventHandler cb end
08-01 11:28:18.079  2240  3427 D qms     : |QMS_BASE_MODULE|QmsBaseModule::serviceThread:24 [MutualExModule] processEvents done
08-01 11:28:18.079  2240  3427 D qms     : |QMS|EventManager::processEvents:144 there are 1 file descriptor(s) with events pending
08-01 11:28:18.079  2240  3427 D qms     : |QMS|EventManager::processEvents:168 processing event number: 0, handling 1 for 36
08-01 11:28:18.079  2240  3427 D qms     : |QMS|EventManager::processEvents:179 file descriptor '36' is processing events [callback:0x58b4f3bfe0, data:0xb40000729ee3f458]
08-01 11:28:18.079  2240  3427 D qms     : |QMS|QmsEventHandler::cb:103 QmsEventHandler cb start
08-01 11:28:18.087  2240  3427 D qms     : |WIFI_MANAGER|WifiMgr::checkAndInitWpa:348 WifiMgr Iface is not belongs to wpa
08-01 11:28:18.089  2240  3427 D qms     : |WIFI_MANAGER|WifiMgr::checkAndInitHostapd:424 WifiMgr Iface is not belongs to hostapd
08-01 11:28:18.090  2240  3427 D qms     : |QMS|WakelockWrapper::releaseWakelock:99 QmsServices releaseWakelock[0], 0xb40000727ee3a4a8
08-01 11:28:18.091  2240  3427 D qms     : |QMS|QmsEventHandler::cb:124 Wakelock evt end 0xb40000729ee3f458 0xb4000070fee34888
08-01 11:28:18.091  2240  3427 D qms     : |QMS|QmsEventHandler::cb:126 QmsEventHandler cb end
08-01 11:28:18.091  2240  3427 D qms     : |QMS_BASE_MODULE|QmsBaseModule::serviceThread:24 [MutualExModule] processEvents done
08-01 11:28:18.106  1610  5107 D StNfcHal: echo thread wakeup from chip...
08-01 11:28:18.113  1610  5107 D StNfcHal: (#000E1) Rx 6f 02 16 31 20 00 a2 0a 08 07 ff d0 ff ad 01 23 9e 12 15 05 03 01 23 9e 1b 
08-01 11:28:18.114  1610  5106 D StNfcHal: received new data from CLF
08-01 11:28:18.115  1610  5106 D StNfcHal: !! got event HAL_EVENT_DATAIND for 25 bytes
08-01 11:28:18.115  1610  5106 D StNfcHal: HalStopTimer 
08-01 11:28:18.115  1610  5106 D StNfcHal: halWrapperDataCallback - mHalWrapperState = HAL_WRAPPER_STATE_READY
08-01 11:28:18.117  4744  5100 D libnfc_nci: nfc_ncif_process_event; NFC received ntf gid:15
08-01 11:28:18.118  4744  5100 I libnfc_nci: StFwNtfManager::handleVsLogData; data_len: 0x0019 
08-01 11:28:18.119  1610  5107 D StNfcHal: (#000E2) Rx 6f 02 13 31 20 00 12 04 01 23 9f 5d 0a 08 01 00 01 52 01 23 a4 c6 
08-01 11:28:18.119  1610  5106 D StNfcHal: received new data from CLF
08-01 11:28:18.119  1610  5106 D StNfcHal: !! got event HAL_EVENT_DATAIND for 22 bytes
08-01 11:28:18.119  1610  5106 D StNfcHal: HalStopTimer 
08-01 11:28:18.120  1610  5106 D StNfcHal: halWrapperDataCallback - mHalWrapperState = HAL_WRAPPER_STATE_READY
08-01 11:28:18.120  4744  5100 D libnfc_nci: nfc_ncif_process_event; NFC received ntf gid:15
08-01 11:28:18.120  4744  5100 I libnfc_nci: StFwNtfManager::handleVsLogData; data_len: 0x0016 
08-01 11:28:18.121  1610  5107 D StNfcHal: echo thread go to sleep...
08-01 11:28:18.126  1610  5107 D StNfcHal: echo thread wakeup from chip...
08-01 11:28:18.127  1610  5107 D StNfcHal: (#000E3) Rx 6f 02 0f 31 20 00 0a 0a 07 00 03 05 00 08 01 23 aa 8e 
08-01 11:28:18.128  1610  5106 D StNfcHal: received new data from CLF
08-01 11:28:18.128  1610  5106 D StNfcHal: !! got event HAL_EVENT_DATAIND for 18 bytes
08-01 11:28:18.128  1610  5106 D StNfcHal: HalStopTimer 
08-01 11:28:18.128  1610  5106 D StNfcHal: halWrapperDataCallback - mHalWrapperState = HAL_WRAPPER_STATE_READY
08-01 11:28:18.129  1610  5107 D StNfcHal: echo thread go to sleep...
08-01 11:28:18.129  4744  5100 D libnfc_nci: nfc_ncif_process_event; NFC received ntf gid:15
08-01 11:28:18.130  4744  5100 I libnfc_nci: StFwNtfManager::handleVsLogData; data_len: 0x0012 
08-01 11:28:18.152  1610  5107 D StNfcHal: echo thread wakeup from chip...
08-01 11:28:18.154  1610  5107 D StNfcHal: (#000E4) Rx 6f 02 11 31 20 00 0a 0c 19 00 05 00 ff ff 00 03 01 23 cc 79 
08-01 11:28:18.154  1610  5106 D StNfcHal: received new data from CLF
08-01 11:28:18.154  1610  5106 D StNfcHal: !! got event HAL_EVENT_DATAIND for 20 bytes
08-01 11:28:18.154  1610  5106 D StNfcHal: HalStopTimer 
08-01 11:28:18.155  1610  5106 D StNfcHal: halWrapperDataCallback - mHalWrapperState = HAL_WRAPPER_STATE_READY
08-01 11:28:18.157  4744  5100 D libnfc_nci: nfc_ncif_process_event; NFC received ntf gid:15
08-01 11:28:18.158  4744  5100 I libnfc_nci: StFwNtfManager::handleVsLogData; data_len: 0x0014 
08-01 11:28:18.158  1610  5107 D StNfcHal: echo thread go to sleep...
08-01 11:28:18.165  1610  5107 D StNfcHal: echo thread wakeup from chip...
08-01 11:28:18.167  1610  5107 D StNfcHal: (#000E5) Rx 6f 02 0f 31 20 00 0a 0a 0a 00 03 26 01 00 01 23 d9 b6 
08-01 11:28:18.168  1610  5106 D StNfcHal: received new data from CLF
08-01 11:28:18.168  1610  5106 D StNfcHal: !! got event HAL_EVENT_DATAIND for 18 bytes
08-01 11:28:18.168  1610  5106 D StNfcHal: HalStopTimer 
08-01 11:28:18.168  1610  5106 D StNfcHal: halWrapperDataCallback - mHalWrapperState = HAL_WRAPPER_STATE_READY
08-01 11:28:18.196  1573  1573 W healthd : battery l=100 v=4443 t=41.0 h=2 st=2 c=482192 fc=3998000 cc=1 chg=a
08-01 11:28:18.170  4744  5100 D libnfc_nci: nfc_ncif_process_event; NFC received ntf gid:15
08-01 11:28:18.170  1610  5107 D StNfcHal: echo thread go to sleep...
08-01 11:28:18.170  4744  5100 I libnfc_nci: StFwNtfManager::handleVsLogData; data_len: 0x0012 
08-01 11:28:18.175  3793  3793 D DeviceStatisticsService: onReceive: action= android.intent.action.BATTERY_CHANGED
08-01 11:28:18.175  1610  5107 D StNfcHal: echo thread wakeup from chip...
08-01 11:28:18.178  1610  5107 D StNfcHal: (#000E6) Rx 6f 02 09 31 20 00 13 04 01 23 dc 46 
08-01 11:28:18.178  1610  5106 D StNfcHal: received new data from CLF
08-01 11:28:18.178  1610  5106 D StNfcHal: !! got event HAL_EVENT_DATAIND for 12 bytes
08-01 11:28:18.179  1610  5106 D StNfcHal: HalStopTimer 
08-01 11:28:18.179  1610  5106 D StNfcHal: halWrapperDataCallback - mHalWrapperState = HAL_WRAPPER_STATE_READY
08-01 11:28:18.179  3660  6729 D PowerUI : can't show warning due to - plugged: true status unknown: false
08-01 11:28:18.182  1610  5107 D StNfcHal: echo thread go to sleep...
08-01 11:28:18.182  4744  5100 D libnfc_nci: nfc_ncif_process_event; NFC received ntf gid:15
08-01 11:28:18.183  4744  5100 I libnfc_nci: StFwNtfManager::handleVsLogData; data_len: 0x000C 
08-01 11:28:18.209  3793  3793 V DeviceStatisticsService: chargerType=1 batteryLevel=100 totalBatteryCapacity=3998000
08-01 11:28:18.274  1681  1843 I SDM     : DisplayBase::CommitThread: Received Idle Timeout, panel: cmd, timeout: 69999 us
08-01 11:28:18.591  1610  5107 D StNfcHal: echo thread wakeup from chip...
08-01 11:28:18.598  1610  5107 D StNfcHal: (#000E7) Rx 6f 02 09 31 20 00 12 04 01 25 7b 97 
08-01 11:28:18.599  1610  5106 D StNfcHal: received new data from CLF
08-01 11:28:18.599  1610  5106 D StNfcHal: !! got event HAL_EVENT_DATAIND for 12 bytes
08-01 11:28:18.599  1610  5106 D StNfcHal: HalStopTimer 
08-01 11:28:18.599  1610  5106 D StNfcHal: halWrapperDataCallback - mHalWrapperState = HAL_WRAPPER_STATE_READY
08-01 11:28:18.600  4744  5100 D libnfc_nci: nfc_ncif_process_event; NFC received ntf gid:15
08-01 11:28:18.601  4744  5100 I libnfc_nci: StFwNtfManager::handleVsLogData; data_len: 0x000C 
08-01 11:28:18.604  1610  5107 D StNfcHal: (#000E8) Rx 6f 02 0d 31 20 00 0a 08 01 00 01 52 01 25 80 ff 
08-01 11:28:18.604  1610  5106 D StNfcHal: received new data from CLF
08-01 11:28:18.604  1610  5106 D StNfcHal: !! got event HAL_EVENT_DATAIND for 16 bytes
08-01 11:28:18.604  1610  5106 D StNfcHal: HalStopTimer 
08-01 11:28:18.605  1610  5106 D StNfcHal: halWrapperDataCallback - mHalWrapperState = HAL_WRAPPER_STATE_READY
08-01 11:28:18.606  4744  5100 D libnfc_nci: nfc_ncif_process_event; NFC received ntf gid:15
08-01 11:28:18.606  1610  5107 D StNfcHal: echo thread go to sleep...
08-01 11:28:18.607  4744  5100 I libnfc_nci: StFwNtfManager::handleVsLogData; data_len: 0x0010 
08-01 11:28:18.610  1610  5107 D StNfcHal: echo thread wakeup from chip...
08-01 11:28:18.611  1610  5107 D StNfcHal: (#000E9) Rx 6f 02 0f 31 20 00 0a 0a 07 00 03 05 00 08 01 25 86 c7 
08-01 11:28:18.612  1610  5106 D StNfcHal: received new data from CLF
08-01 11:28:18.612  1610  5106 D StNfcHal: !! got event HAL_EVENT_DATAIND for 18 bytes
08-01 11:28:18.613  1610  5106 D StNfcHal: HalStopTimer 
08-01 11:28:18.613  1610  5106 D StNfcHal: halWrapperDataCallback - mHalWrapperState = HAL_WRAPPER_STATE_READY
08-01 11:28:18.615  1610  5107 D StNfcHal: echo thread go to sleep...
08-01 11:28:18.615  4744  5100 D libnfc_nci: nfc_ncif_process_event; NFC received ntf gid:15
08-01 11:28:18.616  4744  5100 I libnfc_nci: StFwNtfManager::handleVsLogData; data_len: 0x0012 
08-01 11:28:18.635  1610  5107 D StNfcHal: echo thread wakeup from chip...
08-01 11:28:18.638  1610  5107 D StNfcHal: (#000EA) Rx 6f 02 11 31 20 00 0a 0c 19 00 05 00 ff ff 00 03 01 25 a8 b3 
08-01 11:28:18.639  1610  5106 D StNfcHal: received new data from CLF
08-01 11:28:18.640  1610  5106 D StNfcHal: !! got event HAL_EVENT_DATAIND for 20 bytes
08-01 11:28:18.640  1610  5106 D StNfcHal: HalStopTimer 
08-01 11:28:18.640  1610  5106 D StNfcHal: halWrapperDataCallback - mHalWrapperState = HAL_WRAPPER_STATE_READY
08-01 11:28:18.642  4744  5100 D libnfc_nci: nfc_ncif_process_event; NFC received ntf gid:15
08-01 11:28:18.642  4744  5100 I libnfc_nci: StFwNtfManager::handleVsLogData; data_len: 0x0014 
08-01 11:28:18.643  1610  5107 D StNfcHal: echo thread go to sleep...
08-01 11:28:18.649  1610  5107 D StNfcHal: echo thread wakeup from chip...
08-01 11:28:18.650  1610  5107 D StNfcHal: (#000EB) Rx 6f 02 0f 31 20 00 0a 0a 0a 00 03 26 01 00 01 25 b5 f0 
08-01 11:28:18.651  1610  5106 D StNfcHal: received new data from CLF
08-01 11:28:18.652  1610  5106 D StNfcHal: !! got event HAL_EVENT_DATAIND for 18 bytes
08-01 11:28:18.652  1610  5106 D StNfcHal: HalStopTimer 
08-01 11:28:18.652  1610  5106 D StNfcHal: halWrapperDataCallback - mHalWrapperState = HAL_WRAPPER_STATE_READY
08-01 11:28:18.654  4744  5100 D libnfc_nci: nfc_ncif_process_event; NFC received ntf gid:15
08-01 11:28:18.654  1610  5107 D StNfcHal: echo thread go to sleep...
08-01 11:28:18.655  4744  5100 I libnfc_nci: StFwNtfManager::handleVsLogData; data_len: 0x0012 
08-01 11:28:18.659  1610  5107 D StNfcHal: echo thread wakeup from chip...
08-01 11:28:18.660  1610  5107 D StNfcHal: (#000EC) Rx 6f 02 09 31 20 00 13 04 01 25 b8 80 
08-01 11:28:18.661  1610  5106 D StNfcHal: received new data from CLF
08-01 11:28:18.662  1610  5106 D StNfcHal: !! got event HAL_EVENT_DATAIND for 12 bytes
08-01 11:28:18.662  1610  5106 D StNfcHal: HalStopTimer 
08-01 11:28:18.662  1610  5106 D StNfcHal: halWrapperDataCallback - mHalWrapperState = HAL_WRAPPER_STATE_READY
08-01 11:28:18.664  4744  5100 D libnfc_nci: nfc_ncif_process_event; NFC received ntf gid:15
08-01 11:28:18.665  4744  5100 I libnfc_nci: StFwNtfManager::handleVsLogData; data_len: 0x000C 
08-01 11:28:18.666  1610  5107 D StNfcHal: echo thread go to sleep...
08-01 11:28:19.075  1610  5107 D StNfcHal: echo thread wakeup from chip...
08-01 11:28:19.082  1610  5107 D StNfcHal: (#000ED) Rx 6f 02 09 31 20 00 12 04 01 27 57 f3 
08-01 11:28:19.084  1610  5106 D StNfcHal: received new data from CLF
08-01 11:28:19.084  1610  5106 D StNfcHal: !! got event HAL_EVENT_DATAIND for 12 bytes
08-01 11:28:19.084  1610  5106 D StNfcHal: HalStopTimer 
08-01 11:28:19.084  1610  5106 D StNfcHal: halWrapperDataCallback - mHalWrapperState = HAL_WRAPPER_STATE_READY
08-01 11:28:19.086  4744  5100 D libnfc_nci: nfc_ncif_process_event; NFC received ntf gid:15
08-01 11:28:19.087  4744  5100 I libnfc_nci: StFwNtfManager::handleVsLogData; data_len: 0x000C 
08-01 11:28:19.090  1610  5107 D StNfcHal: (#000EE) Rx 6f 02 0d 31 20 00 0a 08 01 00 01 52 01 27 5d 5b 
08-01 11:28:19.090  1610  5106 D StNfcHal: received new data from CLF
08-01 11:28:19.090  1610  5106 D StNfcHal: !! got event HAL_EVENT_DATAIND for 16 bytes
08-01 11:28:19.090  1610  5106 D StNfcHal: HalStopTimer 
08-01 11:28:19.090  1610  5106 D StNfcHal: halWrapperDataCallback - mHalWrapperState = HAL_WRAPPER_STATE_READY
08-01 11:28:19.092  4744  5100 D libnfc_nci: nfc_ncif_process_event; NFC received ntf gid:15
08-01 11:28:19.092  4744  5100 I libnfc_nci: StFwNtfManager::handleVsLogData; data_len: 0x0010 
08-01 11:28:19.095  1610  5107 D StNfcHal: (#000EF) Rx 6f 02 0f 31 20 00 0a 0a 07 00 03 05 00 08 01 27 63 23 
08-01 11:28:19.096  1610  5106 D StNfcHal: received new data from CLF
08-01 11:28:19.096  1610  5106 D StNfcHal: !! got event HAL_EVENT_DATAIND for 18 bytes
08-01 11:28:19.096  1610  5106 D StNfcHal: HalStopTimer 
08-01 11:28:19.096  1610  5106 D StNfcHal: halWrapperDataCallback - mHalWrapperState = HAL_WRAPPER_STATE_READY
08-01 11:28:19.097  4744  5100 D libnfc_nci: nfc_ncif_process_event; NFC received ntf gid:15
08-01 11:28:19.098  1610  5107 D StNfcHal: echo thread go to sleep...
08-01 11:28:19.098  4744  5100 I libnfc_nci: StFwNtfManager::handleVsLogData; data_len: 0x0012 
08-01 11:28:19.120  1610  5107 D StNfcHal: echo thread wakeup from chip...
08-01 11:28:19.123  1610  5107 D StNfcHal: (#000F0) Rx 6f 02 11 31 20 00 0a 0c 19 00 05 00 ff ff 00 03 01 27 85 0f 
08-01 11:28:19.123  1610  5106 D StNfcHal: received new data from CLF
08-01 11:28:19.124  1610  5106 D StNfcHal: !! got event HAL_EVENT_DATAIND for 20 bytes
08-01 11:28:19.124  1610  5106 D StNfcHal: HalStopTimer 
08-01 11:28:19.124  1610  5106 D StNfcHal: halWrapperDataCallback - mHalWrapperState = HAL_WRAPPER_STATE_READY
08-01 11:28:19.126  1610  5107 D StNfcHal: echo thread go to sleep...
08-01 11:28:19.126  4744  5100 D libnfc_nci: nfc_ncif_process_event; NFC received ntf gid:15
08-01 11:28:19.126  4744  5100 I libnfc_nci: StFwNtfManager::handleVsLogData; data_len: 0x0014 
08-01 11:28:19.132  1610  5107 D StNfcHal: echo thread wakeup from chip...
08-01 11:28:19.134  1610  5107 D StNfcHal: (#000F1) Rx 6f 02 0f 31 20 00 0a 0a 0a 00 03 26 01 00 01 27 92 4c 
08-01 11:28:19.134  1610  5106 D StNfcHal: received new data from CLF
08-01 11:28:19.135  1610  5106 D StNfcHal: !! got event HAL_EVENT_DATAIND for 18 bytes
08-01 11:28:19.135  1610  5106 D StNfcHal: HalStopTimer 
08-01 11:28:19.135  1610  5106 D StNfcHal: halWrapperDataCallback - mHalWrapperState = HAL_WRAPPER_STATE_READY
08-01 11:28:19.137  4744  5100 D libnfc_nci: nfc_ncif_process_event; NFC received ntf gid:15
08-01 11:28:19.137  4744  5100 I libnfc_nci: StFwNtfManager::handleVsLogData; data_len: 0x0012 
08-01 11:28:19.139  1610  5107 D StNfcHal: echo thread go to sleep...
08-01 11:28:19.142  1610  5107 D StNfcHal: echo thread wakeup from chip...
08-01 11:28:19.144  1610  5107 D StNfcHal: (#000F2) Rx 6f 02 09 31 20 00 13 04 01 27 94 db 
08-01 11:28:19.144  1610  5106 D StNfcHal: received new data from CLF
08-01 11:28:19.144  1610  5106 D StNfcHal: !! got event HAL_EVENT_DATAIND for 12 bytes
08-01 11:28:19.145  1610  5106 D StNfcHal: HalStopTimer 
08-01 11:28:19.145  1610  5106 D StNfcHal: halWrapperDataCallback - mHalWrapperState = HAL_WRAPPER_STATE_READY
08-01 11:28:19.146  1610  5107 D StNfcHal: echo thread go to sleep...
08-01 11:28:19.146  4744  5100 D libnfc_nci: nfc_ncif_process_event; NFC received ntf gid:15
08-01 11:28:19.146  4744  5100 I libnfc_nci: StFwNtfManager::handleVsLogData; data_len: 0x000C 
08-01 11:28:19.330  1681  1843 I SDM     : DisplayBase::CommitThread: Received Idle Timeout, panel: cmd, timeout: 70000 us
08-01 11:28:19.557  1610  5107 D StNfcHal: echo thread wakeup from chip...
08-01 11:28:19.564  1610  5107 D StNfcHal: (#000F3) Rx 6f 02 09 31 20 00 12 04 01 29 33 ff 
08-01 11:28:19.566  1610  5106 D StNfcHal: received new data from CLF
08-01 11:28:19.567  1610  5106 D StNfcHal: !! got event HAL_EVENT_DATAIND for 12 bytes
08-01 11:28:19.567  1610  5106 D StNfcHal: HalStopTimer 
08-01 11:28:19.567  1610  5106 D StNfcHal: halWrapperDataCallback - mHalWrapperState = HAL_WRAPPER_STATE_READY
08-01 11:28:19.568  4744  5100 D libnfc_nci: nfc_ncif_process_event; NFC received ntf gid:15
08-01 11:28:19.569  4744  5100 I libnfc_nci: StFwNtfManager::handleVsLogData; data_len: 0x000C 
08-01 11:28:19.571  1610  5107 D StNfcHal: (#000F4) Rx 6f 02 0d 31 20 00 0a 08 01 00 01 52 01 29 39 67 
08-01 11:28:19.572  1610  5106 D StNfcHal: received new data from CLF
08-01 11:28:19.572  1610  5106 D StNfcHal: !! got event HAL_EVENT_DATAIND for 16 bytes
08-01 11:28:19.572  1610  5106 D StNfcHal: HalStopTimer 
08-01 11:28:19.572  1610  5106 D StNfcHal: halWrapperDataCallback - mHalWrapperState = HAL_WRAPPER_STATE_READY
08-01 11:28:19.574  4744  5100 D libnfc_nci: nfc_ncif_process_event; NFC received ntf gid:15
08-01 11:28:19.574  4744  5100 I libnfc_nci: StFwNtfManager::handleVsLogData; data_len: 0x0010 
08-01 11:28:19.574  1610  5107 D StNfcHal: echo thread go to sleep...
08-01 11:28:19.576  1610  5107 D StNfcHal: echo thread wakeup from chip...
08-01 11:28:19.577  1610  5107 D StNfcHal: (#000F5) Rx 6f 02 0f 31 20 00 0a 0a 07 00 03 05 00 08 01 29 3f 2f 
08-01 11:28:19.578  1610  5106 D StNfcHal: received new data from CLF
08-01 11:28:19.578  1610  5106 D StNfcHal: !! got event HAL_EVENT_DATAIND for 18 bytes
08-01 11:28:19.578  1610  5106 D StNfcHal: HalStopTimer 
08-01 11:28:19.578  1610  5106 D StNfcHal: halWrapperDataCallback - mHalWrapperState = HAL_WRAPPER_STATE_READY
08-01 11:28:19.578  4744  5100 D libnfc_nci: nfc_ncif_process_event; NFC received ntf gid:15
08-01 11:28:19.579  4744  5100 I libnfc_nci: StFwNtfManager::handleVsLogData; data_len: 0x0012 
08-01 11:28:19.579  1610  5107 D StNfcHal: echo thread go to sleep...
08-01 11:28:19.602  1610  5107 D StNfcHal: echo thread wakeup from chip...
08-01 11:28:19.604  1610  5107 D StNfcHal: (#000F6) Rx 6f 02 11 31 20 00 0a 0c 19 00 05 00 ff ff 00 03 01 29 61 1a 
08-01 11:28:19.605  1610  5106 D StNfcHal: received new data from CLF
08-01 11:28:19.606  1610  5106 D StNfcHal: !! got event HAL_EVENT_DATAIND for 20 bytes
08-01 11:28:19.606  1610  5106 D StNfcHal: HalStopTimer 
08-01 11:28:19.606  1610  5106 D StNfcHal: halWrapperDataCallback - mHalWrapperState = HAL_WRAPPER_STATE_READY
08-01 11:28:19.609  4744  5100 D libnfc_nci: nfc_ncif_process_event; NFC received ntf gid:15
08-01 11:28:19.610  4744  5100 I libnfc_nci: StFwNtfManager::handleVsLogData; data_len: 0x0014 
08-01 11:28:19.610  1610  5107 D StNfcHal: echo thread go to sleep...
08-01 11:28:19.615  1610  5107 D StNfcHal: echo thread wakeup from chip...
08-01 11:28:19.618  1610  5107 D StNfcHal: (#000F7) Rx 6f 02 0f 31 20 00 0a 0a 0a 00 03 26 01 00 01 29 6e 57 
08-01 11:28:19.619  1610  5106 D StNfcHal: received new data from CLF
08-01 11:28:19.619  1610  5106 D StNfcHal: !! got event HAL_EVENT_DATAIND for 18 bytes
08-01 11:28:19.620  1610  5106 D StNfcHal: HalStopTimer 
08-01 11:28:19.620  1610  5106 D StNfcHal: halWrapperDataCallback - mHalWrapperState = HAL_WRAPPER_STATE_READY
08-01 11:28:19.622  4744  5100 D libnfc_nci: nfc_ncif_process_event; NFC received ntf gid:15
08-01 11:28:19.622  1610  5107 D StNfcHal: echo thread go to sleep...
08-01 11:28:19.622  4744  5100 I libnfc_nci: StFwNtfManager::handleVsLogData; data_len: 0x0012 
08-01 11:28:19.625  1610  5107 D StNfcHal: echo thread wakeup from chip...
08-01 11:28:19.627  1610  5107 D StNfcHal: (#000F8) Rx 6f 02 09 31 20 00 13 04 01 29 70 e7 
08-01 11:28:19.627  1610  5106 D StNfcHal: received new data from CLF
08-01 11:28:19.627  1610  5106 D StNfcHal: !! got event HAL_EVENT_DATAIND for 12 bytes
08-01 11:28:19.627  1610  5106 D StNfcHal: HalStopTimer 
08-01 11:28:19.628  1610  5106 D StNfcHal: halWrapperDataCallback - mHalWrapperState = HAL_WRAPPER_STATE_READY
08-01 11:28:19.629  4744  5100 D libnfc_nci: nfc_ncif_process_event; NFC received ntf gid:15
08-01 11:28:19.630  1610  5107 D StNfcHal: echo thread go to sleep...
08-01 11:28:19.631  4744  5100 I libnfc_nci: StFwNtfManager::handleVsLogData; data_len: 0x000C 
08-01 11:28:19.875  1705  1705 I vendor.qti.hardware.servicetrackeraidl-service: unbindService is called for service : com.google.android.gms/.chimera.PersistentDirectBootAwareApiService and for client com.google.android.googlequicksearchbox:interactor
08-01 11:28:19.877  1705  1705 I vendor.qti.hardware.servicetrackeraidl-service: size of service connections for service: com.google.android.gms/.chimera.PersistentDirectBootAwareApiServiceafter removal is 8
08-01 11:28:19.878  1705  1705 I vendor.qti.hardware.servicetrackeraidl-service: size of client connections for client: com.google.android.googlequicksearchbox:interactorafter removal is 2
08-01 11:28:20.039  2652  6990 D LOWI-9.0.1.118: [LOWI-Scan] wait_event:Wait done with Cmd 103
08-01 11:28:20.039  2652  6990 D LOWI-9.0.1.118: [LOWI-Scan] do_listen_events: Rcvd valid Netlink Cmd 0 Err 0
08-01 11:28:20.040  2446  2446 D wifi_qos_daemon: Event 103 received
08-01 11:28:20.041  2240  3426 D qms     : |QMS|EventManager::processEvents:144 there are 1 file descriptor(s) with events pending
08-01 11:28:20.041  2240  3426 D qms     : |QMS|EventManager::processEvents:168 processing event number: 0, handling 1 for 57
08-01 11:28:20.041  2240  3426 D qms     : |QMS|EventManager::processEvents:179 file descriptor '57' is processing events [callback:0x58b4f3bf58, data:0xb40000729ee3f790]
08-01 11:28:20.042  2240  3426 V qms     : |QMS|NetlinkWrapper::waitWlanEvents:601 Epoll Event received on netlink fd : 57. Reading Netlink Event
08-01 11:28:20.042  2240  3426 I qms     : |QMS|NetlinkWrapper::readVendorEvents:665 nl80211: readVendorEvents received
08-01 11:28:20.042  2240  3426 I qms     : |QMS|NetlinkWrapper::readVendorEvents:897 nl80211: Received unintended QCA vendor event 10. Ignoring this event.
08-01 11:28:20.042  2240  3426 D qms     : |QMS_BASE_MODULE|QmsBaseModule::serviceThread:24 [NetlinkModule] processEvents done
08-01 11:28:20.042  1610  5107 D StNfcHal: echo thread wakeup from chip...
08-01 11:28:20.043  2312  2312 I cnss-daemon: nl80211 response handler invoked
08-01 11:28:20.044  2312  2312 I cnss-daemon: nl80211_response_handler: cmd 103, vendorID 4980, subcmd 10  received
08-01 11:28:20.052  1610  5107 D StNfcHal: (#000F9) Rx 6f 02 09 31 20 00 12 04 01 2b 10 27 
08-01 11:28:20.052  1610  5106 D StNfcHal: received new data from CLF
08-01 11:28:20.052  1610  5106 D StNfcHal: !! got event HAL_EVENT_DATAIND for 12 bytes
08-01 11:28:20.052  1610  5106 D StNfcHal: HalStopTimer 
08-01 11:28:20.052  1610  5106 D StNfcHal: halWrapperDataCallback - mHalWrapperState = HAL_WRAPPER_STATE_READY
08-01 11:28:20.054  4744  5100 D libnfc_nci: nfc_ncif_process_event; NFC received ntf gid:15
08-01 11:28:20.054  4744  5100 I libnfc_nci: StFwNtfManager::handleVsLogData; data_len: 0x000C 
08-01 11:28:20.056  1610  5107 D StNfcHal: (#000FA) Rx 6f 02 19 31 20 00 0a 08 01 00 01 52 01 2b 15 90 0a 0a 07 00 03 05 00 08 01 2b 1b 58 
08-01 11:28:20.056  1610  5106 D StNfcHal: received new data from CLF
08-01 11:28:20.056  1610  5106 D StNfcHal: !! got event HAL_EVENT_DATAIND for 28 bytes
08-01 11:28:20.056  1610  5106 D StNfcHal: HalStopTimer 
08-01 11:28:20.056  1610  5106 D StNfcHal: halWrapperDataCallback - mHalWrapperState = HAL_WRAPPER_STATE_READY
08-01 11:28:20.057  4744  5100 D libnfc_nci: nfc_ncif_process_event; NFC received ntf gid:15
08-01 11:28:20.057  4744  5100 I libnfc_nci: StFwNtfManager::handleVsLogData; data_len: 0x001C 
08-01 11:28:20.057  1610  5107 D StNfcHal: echo thread go to sleep...
08-01 11:28:20.085  1610  5107 D StNfcHal: echo thread wakeup from chip...
08-01 11:28:20.088  1610  5107 D StNfcHal: (#000FB) Rx 6f 02 11 31 20 00 0a 0c 19 00 05 00 ff ff 00 03 01 2b 3d 43 
08-01 11:28:20.089  1610  5106 D StNfcHal: received new data from CLF
08-01 11:28:20.090  1610  5106 D StNfcHal: !! got event HAL_EVENT_DATAIND for 20 bytes
08-01 11:28:20.090  1610  5106 D StNfcHal: HalStopTimer 
08-01 11:28:20.090  1610  5106 D StNfcHal: halWrapperDataCallback - mHalWrapperState = HAL_WRAPPER_STATE_READY
08-01 11:28:20.094  4744  5100 D libnfc_nci: nfc_ncif_process_event; NFC received ntf gid:15
08-01 11:28:20.094  1610  5107 D StNfcHal: echo thread go to sleep...
08-01 11:28:20.094  4744  5100 I libnfc_nci: StFwNtfManager::handleVsLogData; data_len: 0x0014 
08-01 11:28:20.098  1610  5107 D StNfcHal: echo thread wakeup from chip...
08-01 11:28:20.100  1610  5107 D StNfcHal: (#000FC) Rx 6f 02 0f 31 20 00 0a 0a 0a 00 03 26 01 00 01 2b 4a 81 
08-01 11:28:20.100  1610  5106 D StNfcHal: received new data from CLF
08-01 11:28:20.100  1610  5106 D StNfcHal: !! got event HAL_EVENT_DATAIND for 18 bytes
08-01 11:28:20.100  1610  5106 D StNfcHal: HalStopTimer 
08-01 11:28:20.100  1610  5106 D StNfcHal: halWrapperDataCallback - mHalWrapperState = HAL_WRAPPER_STATE_READY
08-01 11:28:20.102  1610  5107 D StNfcHal: echo thread go to sleep...
08-01 11:28:20.102  4744  5100 D libnfc_nci: nfc_ncif_process_event; NFC received ntf gid:15
08-01 11:28:20.102  4744  5100 I libnfc_nci: StFwNtfManager::handleVsLogData; data_len: 0x0012 
08-01 11:28:20.108  1610  5107 D StNfcHal: echo thread wakeup from chip...
08-01 11:28:20.110  1610  5107 D StNfcHal: (#000FD) Rx 6f 02 09 31 20 00 13 04 01 2b 4d 10 
08-01 11:28:20.110  1610  5106 D StNfcHal: received new data from CLF
08-01 11:28:20.110  1610  5106 D StNfcHal: !! got event HAL_EVENT_DATAIND for 12 bytes
08-01 11:28:20.110  1610  5106 D StNfcHal: HalStopTimer 
08-01 11:28:20.110  1610  5106 D StNfcHal: halWrapperDataCallback - mHalWrapperState = HAL_WRAPPER_STATE_READY
08-01 11:28:20.111  1610  5107 D StNfcHal: echo thread go to sleep...
08-01 11:28:20.112  4744  5100 D libnfc_nci: nfc_ncif_process_event; NFC received ntf gid:15
08-01 11:28:20.112  4744  5100 I libnfc_nci: StFwNtfManager::handleVsLogData; data_len: 0x000C 
08-01 11:28:20.522  1610  5107 D StNfcHal: echo thread wakeup from chip...
08-01 11:28:20.529  1610  5107 D StNfcHal: (#000FE) Rx 6f 02 0a 31 20 00 1b 05 00 01 2c ea ee 
08-01 11:28:20.542  6984  6984 I [schedu][0xaa509eef][11:28:20.514413] wcn7750: [6984:I:WMI] vdev_start_add_mlo_params: mlo_flags 0x0 emlsr_support 0
08-01 11:28:20.542  6984  6984 I [schedu][0xaa50a328][11:28:20.514470] wcn7750: [6984:I:WMI] send_vdev_start_cmd_tlv: vdev_id 0 freq 2437 chanmode 31 ch_info: 0x1f is_dfs 0 beacon interval 0 dtim 0 center_chan 2437 center_freq2 0 reg_info_1: 0x1e0000 reg_info_2: 0x1e00, req->max_txpow: 0x1e Tx SS 1, Rx SS 1, ldpc_rx: 0, cac 0, regd 1, HE ops: 0req->dis_hw_ack: 0 target_tsf_us_lo 0l target_tsf_us_hi 0l
08-01 11:28:20.542  6984  6984 I [schedu][0xaa50a5fb][11:28:20.514507] wcn7750: [6984:I:WMI] vdev_start_cmd_fill_11be: EHT ops: 0 puncture_bitmap 0 wmi cmd puncture bitmap ffffffff
08-01 11:28:20.542  6984  6984 W [schedu][0xaa50b933][11:28:20.514763] wcn7750: [6984:W:DP] dp_txrx_set_vdev_param_be: invalid param 31
08-01 11:28:20.542  6984  6984 W [schedu][0xaa50bf9f][11:28:20.514849] wcn7750: [6984:W:DP] dp_txrx_set_vdev_param_be: invalid param 32
08-01 11:28:20.542  6984  6984 E [schedu][0xaa50cb4c][11:28:20.515004] wcn7750: [6984:E:OBJMGR] wlan_vdev_get_bss_peer_mld_mac: not able to find bss peer for vdev 0
08-01 11:28:20.531  1610  5106 D StNfcHal: received new data from CLF
08-01 11:28:20.532  1610  5106 D StNfcHal: !! got event HAL_EVENT_DATAIND for 13 bytes
08-01 11:28:20.532  1610  5106 D StNfcHal: HalStopTimer 
08-01 11:28:20.532  1610  5106 D StNfcHal: halWrapperDataCallback - mHalWrapperState = HAL_WRAPPER_STATE_READY
08-01 11:28:20.534  4744  5100 D libnfc_nci: nfc_ncif_process_event; NFC received ntf gid:15
08-01 11:28:20.534  4744  5100 I libnfc_nci: StFwNtfManager::handleVsLogData; data_len: 0x000D 
08-01 11:28:20.536  1610  5107 D StNfcHal: (#000FF) Rx 6f 02 0f 31 20 00 a2 0a 01 01 00 87 00 7f 01 2c ec f4 
08-01 11:28:20.537  1610  5106 D StNfcHal: received new data from CLF
08-01 11:28:20.538  1610  5106 D StNfcHal: !! got event HAL_EVENT_DATAIND for 18 bytes
08-01 11:28:20.538  1610  5106 D StNfcHal: HalStopTimer 
08-01 11:28:20.538  1610  5106 D StNfcHal: halWrapperDataCallback - mHalWrapperState = HAL_WRAPPER_STATE_READY
08-01 11:28:20.539  4744  5100 D libnfc_nci: nfc_ncif_process_event; NFC received ntf gid:15
08-01 11:28:20.539  4744  5100 I libnfc_nci: StFwNtfManager::handleVsLogData; data_len: 0x0012 
08-01 11:28:20.539  1610  5107 D StNfcHal: echo thread go to sleep...
08-01 11:28:20.541  1610  5107 D StNfcHal: echo thread wakeup from chip...
08-01 11:28:20.543  1610  5107 D StNfcHal: (#00100) Rx 6f 02 2e 31 20 00 a2 0a 02 02 ff c6 ff ae 01 2c f8 c5 14 05 01 01 2c f8 ca a2 0a 10 03 00 20 00 
08-01 11:28:20.543  1610  5107 D StNfcHal: (#00100) rx 20 01 2c f8 cf a2 0a 11 03 00 13 00 12 01 2c f8 d0 
08-01 11:28:20.545  1610  5106 D StNfcHal: received new data from CLF
08-01 11:28:20.546  1610  5106 D StNfcHal: !! got event HAL_EVENT_DATAIND for 49 bytes
08-01 11:28:20.546  1610  5106 D StNfcHal: HalStopTimer 
08-01 11:28:20.546  1610  5106 D StNfcHal: halWrapperDataCallback - mHalWrapperState = HAL_WRAPPER_STATE_READY
08-01 11:28:20.547  4744  5100 D libnfc_nci: nfc_ncif_process_event; NFC received ntf gid:15
08-01 11:28:20.547  4744  5100 I libnfc_nci: StFwNtfManager::handleVsLogData; data_len: 0x0031 
08-01 11:28:20.547  1610  5107 D StNfcHal: echo thread go to sleep...
08-01 11:28:20.611  6984  6984 E [schedu][0xaa6514e0][11:28:20.584252] wcn7750: [6984:E:POLICY_MGR] policy_mgr_update_connection_info: can't find vdev_id 0 in pm_conc_connection_list
08-01 11:28:21.157  7000  7000 I         : icnss2 17110040.qcom,wcn7750 wlan0: entered promiscuous mode
08-01 11:28:21.132  2652  2713 D wlc     : Interface change event received
08-01 11:28:21.133  2652  2705 D LOWI-9.0.1.118: [LOWINetlinkSocketReceiver] unpackRTMLinkMessage: RTM_NEWLINK - ifname wlan0, flags 0x1003 ([UP])
08-01 11:28:21.133  2652  2705 D LOWI-9.0.1.118: [LOWINetlinkSocketReceiver] processNetlinkPacket: ifname(wlan0) status(1)
08-01 11:28:21.133  2652  2705 D LOWI-9.0.1.118: [LOWIController] intfStateReceived: ifname(wlan0) state(1)
08-01 11:28:21.133  2446  2446 D wifi_qos_daemon: Interface change event received
08-01 11:28:21.134  2446  2446 I wifi_qos_daemon: RTM_NEWLINK Event Received for wlan0
08-01 11:28:21.134  2446  2446 D wifi_qos_daemon: stc_send_async_flow_stats_cmd: cmd send
08-01 11:28:21.137  2652  2715 D LOWI-9.0.1.118: [LOWIEventReceiver] handleEvent:FROM:NA, TO:NA, REQ:NA, IREQ:NA, REQ_ID:0, RESP:NA, INFO:INTF-STATUS-UPDATE
08-01 11:28:21.138  2240  3426 D qms     : |QMS|EventManager::processEvents:144 there are 1 file descriptor(s) with events pending
08-01 11:28:21.138  2652  2715 D LOWI-9.0.1.118: [LOWIEventReceiver] Info to [INTF-STATUS-UPDATE]
08-01 11:28:21.138  2240  3426 D qms     : |QMS|EventManager::processEvents:168 processing event number: 0, handling 1 for 43
08-01 11:28:21.138  2652  2715 D LOWI-9.0.1.118: [LOWIController] updateIntfState: WIFI enabled 1 mNlWifiStatus 1 mWifiStateEnabled 1
08-01 11:28:21.138  2240  3426 D qms     : |QMS|EventManager::processEvents:179 file descriptor '43' is processing events [callback:0x58b4f3bf68, data:0xb40000729ee3f790]
08-01 11:28:21.138  2240  3426 V qms     : |QMS|NetlinkWrapper::readRtmEvents:1609 Received readRtmEvents for fd : 43
08-01 11:28:21.138  2652  2715 D LOWI-9.0.1.118: [LOWIController] isWifiEnabled: mNlWifiStatus 1 mWifiStateEnabled 1
08-01 11:28:21.138  2240  3426 V qms     : |QMS|NetlinkWrapper::readRtmEvents:1623 readRtmEvents bytes received is 1484
08-01 11:28:21.138  2240  3426 V qms     : |QMS|NetlinkWrapper::readRtmMessage:1666 readRtmMessage Event 16
08-01 11:28:21.138  2240  3426 I qms     : |QMS|NetlinkWrapper::readRtmMessage:1695 readRtmMessage: RTM_NEWLINK ifaceName[wlan0], UP[1]
08-01 11:28:21.139  2240  3426 D qms     : |QMS|QmsEventHandler::postEvent:84 QmsEventHandler postEvent start for fd[36]
08-01 11:28:21.139  2240  3426 D qms     : |QMS|QmsEventHandler::postEvent:86 Wakelock evt start 0xb40000729ee3f458 0xb4000070fee34be8
08-01 11:28:21.139  2240  3426 D qms     : |QMS|WakelockWrapper::acquireWakelock:83 QmsServices acquireWakelock 0xb40000727ee3a4a8
08-01 11:28:21.141  2240  3426 D qms     : |QMS|QmsEventHandler::postEvent:84 QmsEventHandler postEvent start for fd[112]
08-01 11:28:21.142  2240  3426 D qms     : |QMS|QmsEventHandler::postEvent:86 Wakelock evt start 0xb4000071dee3ca68 0xb4000070fee346a8
08-01 11:28:21.142  2240  3426 D qms     : |QMS|WakelockWrapper::acquireWakelock:83 QmsServices acquireWakelock 0xb40000727ee3a4a8
08-01 11:28:21.142  2240  3426 V qms     : |QMS|NetlinkWrapper::readRtmMessage:1716 readRtmMessage: RTM_NEWLINK iface idx 4[0]
08-01 11:28:21.142  2240  3426 I qms     : |QMS|NetlinkWrapper::readRtmMessage:1719 readRtmMessage: RTM_NEWLINK wlan[1]
08-01 11:28:21.143  2240  3426 I qms     : |QMS|NetlinkWrapper::readRtmMessage:1724 readRtmMessage: RTM_NEWLINK currIfaceName[wlan0]
08-01 11:28:21.143  2240  3426 I qms     : |QMS|NetlinkWrapper::readRtmMessage:1757 readRtmMessage: finalized_iface_name[wlan0], 1
08-01 11:28:21.143  2240  3426 D qms     : |QMS_BASE_MODULE|QmsBaseModule::serviceThread:24 [NetlinkModule] processEvents done
08-01 11:28:21.143  2240  3427 D qms     : |QMS|EventManager::processEvents:144 there are 1 file descriptor(s) with events pending
08-01 11:28:21.143  2240  2382 D qms     : |QMS|WakelockWrapper::doResetTimer:42 QmsServices doResetTimer 0xb40000727ee3a4a8, 0, 1
08-01 11:28:21.143  2240  3427 D qms     : |QMS|EventManager::processEvents:168 processing event number: 0, handling 1 for 36
08-01 11:28:21.144  2240  3427 D qms     : |QMS|EventManager::processEvents:179 file descriptor '36' is processing events [callback:0x58b4f3bfe0, data:0xb40000729ee3f458]
08-01 11:28:21.144  2240  3427 D qms     : |QMS|QmsEventHandler::cb:103 QmsEventHandler cb start
08-01 11:28:21.145  2240  3427 D qms     : |WIFI_MANAGER|WifiMgr::checkAndInitWpa:348 WifiMgr Iface is not belongs to wpa
08-01 11:28:21.146  2240  3427 D qms     : |WIFI_MANAGER|WifiMgr::checkAndInitHostapd:424 WifiMgr Iface is not belongs to hostapd
08-01 11:28:21.147  2240  3427 D qms     : |QMS|WakelockWrapper::releaseWakelock:99 QmsServices releaseWakelock[1], 0xb40000727ee3a4a8
08-01 11:28:21.147  2240  3427 D qms     : |QMS|QmsEventHandler::cb:124 Wakelock evt end 0xb40000729ee3f458 0xb4000070fee34be8
08-01 11:28:21.147  2240  3427 D qms     : |QMS|QmsEventHandler::cb:126 QmsEventHandler cb end
08-01 11:28:21.147  2240  3427 D qms     : |QMS_BASE_MODULE|QmsBaseModule::serviceThread:24 [MutualExModule] processEvents done
08-01 11:28:21.147  2240  3427 D qms     : |QMS|EventManager::processEvents:144 there are 1 file descriptor(s) with events pending
08-01 11:28:21.147  2240  3427 D qms     : |QMS|EventManager::processEvents:168 processing event number: 0, handling 1 for 112
08-01 11:28:21.147  2240  3427 D qms     : |QMS|EventManager::processEvents:179 file descriptor '112' is processing events [callback:0x58b4f3bfc0, data:0xb4000071dee3ca68]
08-01 11:28:21.148  2240  3427 D qms     : |QMS|QmsEventHandler::cb:103 QmsEventHandler cb start
08-01 11:28:21.148  2240  3427 V qms     : |WIFI_TECH|N53Me::handleEvent:249 handleEvent 1
08-01 11:28:21.150  2446  2446 E wifi_qos_daemon: Error in sending vendor command -22
08-01 11:28:21.161  2446  2446 E [wifi_q][0xab0636ba][11:28:21.134248] wcn7750: [2446:E:HDD] __wlan_hdd_cfg80211_telemetry_stats_service: Stats service not supported in device mode: 6
08-01 11:28:21.346  2240  2382 D qms     : |QMS|WakelockWrapper::doResetTimer:68 QmsServices release wakelock after timer expiry
08-01 11:28:21.347  2240  2382 D qms     : |QMS|WakelockWrapper::doResetTimer:70 QmsServices lock held for 200ms
08-01 11:28:21.348  2240  2382 D qms     : |QMS|WakelockWrapper::doResetTimer:72 QmsServices force release count: 4
