08-01 11:28:07.910  2240  3427 D qms     : |QMS|EventManager::processEvents:144 there are 1 file descriptor(s) with events pending
08-01 11:28:07.911  2240  3427 D qms     : |QMS|EventManager::processEvents:168 processing event number: 0, handling 1 for 36
08-01 11:28:07.911  2240  3427 D qms     : |QMS|EventManager::processEvents:179 file descriptor '36' is processing events [callback:0x58b4f3bfe0, data:0xb40000729ee3f458]
08-01 11:28:07.911  2240  3427 D qms     : |QMS|QmsEventHandler::cb:103 QmsEventHandler cb start
08-01 11:28:07.911  2240  3427 D qms     : |QMS|WakelockWrapper::releaseWakelock:99 QmsServices releaseWakelock[1], 0xb40000727ee3a4a8
08-01 11:28:07.911  2240  3427 D qms     : |QMS|QmsEventHandler::cb:124 Wakelock evt end 0xb40000729ee3f458 0xb4000070fee33c28
08-01 11:28:07.911  2240  3427 D qms     : |QMS|QmsEventHandler::cb:126 QmsEventHandler cb end
08-01 11:28:07.911  2240  3427 D qms     : |QMS_BASE_MODULE|QmsBaseModule::serviceThread:24 [MutualExModule] processEvents done
08-01 11:28:07.911  2240  3427 D qms     : |QMS|EventManager::processEvents:144 there are 1 file descriptor(s) with events pending
08-01 11:28:07.911  2240  3427 D qms     : |QMS|EventManager::processEvents:168 processing event number: 0, handling 1 for 112
08-01 11:28:07.911  2240  3427 D qms     : |QMS|EventManager::processEvents:179 file descriptor '112' is processing events [callback:0x58b4f3bfc0, data:0xb4000071dee3ca68]
08-01 11:28:07.912  2240  3427 D qms     : |QMS|QmsEventHandler::cb:103 QmsEventHandler cb start
08-01 11:28:07.912  2240  3427 V qms     : |WIFI_TECH|N53Me::handleEvent:249 handleEvent 1
08-01 11:28:07.912  2240  3427 D qms     : |QMS|WakelockWrapper::releaseWakelock:99 QmsServices releaseWakelock[0], 0xb40000727ee3a4a8
08-01 11:28:07.912  2240  3427 D qms     : |QMS|WakelockWrapper::releaseWakelock:108 QmsServices releasing wake
08-01 11:28:07.912  2240  3426 D qms     : |QMS_BASE_MODULE|QmsBaseModule::serviceThread:24 [NetlinkModule] processEvents done
08-01 11:28:07.912  2240  3427 D qms     : |QMS|WakelockWrapper::releaseWakelock:114 QmsServices lock held for 200ms
08-01 11:28:07.912  2240  3427 D qms     : |QMS|QmsEventHandler::cb:124 Wakelock evt end 0xb4000071dee3ca68 0xb4000070fee35668
08-01 11:28:07.912  2240  3427 D qms     : |QMS|QmsEventHandler::cb:126 QmsEventHandler cb end
08-01 11:28:07.912  2240  3427 D qms     : |QMS_BASE_MODULE|QmsBaseModule::serviceThread:24 [MutualExModule] processEvents done
08-01 11:28:07.946  2240  3426 D qms     : |QMS|EventManager::processEvents:144 there are 1 file descriptor(s) with events pending
08-01 11:28:07.947  2240  3426 D qms     : |QMS|EventManager::processEvents:168 processing event number: 0, handling 1 for 43
08-01 11:28:07.947  2240  3426 D qms     : |QMS|EventManager::processEvents:179 file descriptor '43' is processing events [callback:0x58b4f3bf68, data:0xb40000729ee3f790]
08-01 11:28:07.947  2240  3426 V qms     : |QMS|NetlinkWrapper::readRtmEvents:1609 Received readRtmEvents for fd : 43
08-01 11:28:07.947  2240  3426 V qms     : |QMS|NetlinkWrapper::readRtmEvents:1623 readRtmEvents bytes received is 680
08-01 11:28:07.947  2240  3426 V qms     : |QMS|NetlinkWrapper::readRtmMessage:1666 readRtmMessage Event 17
08-01 11:28:07.947  2240  3426 I qms     : |QMS|NetlinkWrapper::readRtmMessage:1695 readRtmMessage: RTM_NEWLINK ifaceName[p2p0], UP[0]
08-01 11:28:07.947  2240  3426 D qms     : |QMS|QmsEventHandler::postEvent:84 QmsEventHandler postEvent start for fd[36]
08-01 11:28:07.948  2240  3426 D qms     : |QMS|QmsEventHandler::postEvent:86 Wakelock evt start 0xb40000729ee3f458 0xb4000070fee35428
08-01 11:28:07.948  2240  3426 D qms     : |QMS|WakelockWrapper::acquireWakelock:83 QmsServices acquireWakelock 0xb40000727ee3a4a8
08-01 11:28:07.949  2652  2713 D wlc     : Interface change event received
08-01 11:28:07.950  2652  2705 D LOWI-9.0.1.118: [LOWINetlinkSocketReceiver] unpackRTMLinkMessage: RTM_DELLINK - ifname p2p0, flags 0x1002 ()
08-01 11:28:07.950  2446  2446 D wifi_qos_daemon: Interface change event received
08-01 11:28:07.954  2240  3426 D qms     : |QMS|QmsEventHandler::postEvent:84 QmsEventHandler postEvent start for fd[112]
08-01 11:28:07.955  2240  3426 D qms     : |QMS|QmsEventHandler::postEvent:86 Wakelock evt start 0xb4000071dee3ca68 0xb4000070fee34828
08-01 11:28:07.955  2240  3426 D qms     : |QMS|WakelockWrapper::acquireWakelock:83 QmsServices acquireWakelock 0xb40000727ee3a4a8
08-01 11:28:07.955  2240  3426 V qms     : |QMS|NetlinkWrapper::readRtmMessage:1716 readRtmMessage: RTM_NEWLINK iface idx 3[0]
08-01 11:28:07.955  2240  3426 I qms     : |QMS|NetlinkWrapper::readRtmMessage:1719 readRtmMessage: RTM_NEWLINK p2p[0]
08-01 11:28:07.955  2240  3426 I qms     : |QMS|NetlinkWrapper::readRtmMessage:1724 readRtmMessage: RTM_NEWLINK currIfaceName[]
08-01 11:28:07.955  2240  3426 I qms     : |QMS|NetlinkWrapper::readRtmMessage:1757 readRtmMessage: finalized_iface_name[], 0
08-01 11:28:07.955  2240  3426 D qms     : |QMS_BASE_MODULE|QmsBaseModule::serviceThread:24 [NetlinkModule] processEvents done
08-01 11:28:07.959  2240  3427 D qms     : |QMS|EventManager::processEvents:144 there are 2 file descriptor(s) with events pending
08-01 11:28:07.959  2240  3427 D qms     : |QMS|EventManager::processEvents:168 processing event number: 0, handling 1 for 36
08-01 11:28:07.959  2240  3427 D qms     : |QMS|EventManager::processEvents:179 file descriptor '36' is processing events [callback:0x58b4f3bfe0, data:0xb40000729ee3f458]
08-01 11:28:07.959  2240  3427 D qms     : |QMS|QmsEventHandler::cb:103 QmsEventHandler cb start
08-01 11:28:07.959  2240  3427 D qms     : |QMS|WakelockWrapper::releaseWakelock:99 QmsServices releaseWakelock[1], 0xb40000727ee3a4a8
08-01 11:28:07.959  2240  3427 D qms     : |QMS|QmsEventHandler::cb:124 Wakelock evt end 0xb40000729ee3f458 0xb4000070fee35428
08-01 11:28:07.959  2240  3427 D qms     : |QMS|QmsEventHandler::cb:126 QmsEventHandler cb end
08-01 11:28:07.959  2240  3427 D qms     : |QMS|EventManager::processEvents:144 there are 1 file descriptor(s) with events pending
08-01 11:28:07.959  2240  3427 D qms     : |QMS|EventManager::processEvents:168 processing event number: 1, handling 1 for 112
08-01 11:28:07.959  2240  3427 D qms     : |QMS|EventManager::processEvents:179 file descriptor '112' is processing events [callback:0x58b4f3bfc0, data:0xb4000071dee3ca68]
08-01 11:28:07.959  2240  3427 D qms     : |QMS|QmsEventHandler::cb:103 QmsEventHandler cb start
08-01 11:28:07.959  2240  3427 V qms     : |WIFI_TECH|N53Me::handleEvent:249 handleEvent 1
08-01 11:28:07.959  2240  3427 D qms     : |QMS|WakelockWrapper::releaseWakelock:99 QmsServices releaseWakelock[0], 0xb40000727ee3a4a8
08-01 11:28:07.959  2240  3427 D qms     : |QMS|WakelockWrapper::releaseWakelock:108 QmsServices releasing wake
08-01 11:28:07.960  2240  3427 D qms     : |QMS|WakelockWrapper::releaseWakelock:114 QmsServices lock held for 200ms
08-01 11:28:07.960  2240  3427 D qms     : |QMS|QmsEventHandler::cb:124 Wakelock evt end 0xb4000071dee3ca68 0xb4000070fee34828
08-01 11:28:07.960  2240  3427 D qms     : |QMS|QmsEventHandler::cb:126 QmsEventHandler cb end
08-01 11:28:07.960  2240  3427 D qms     : |QMS_BASE_MODULE|QmsBaseModule::serviceThread:24 [MutualExModule] processEvents done
08-01 11:28:07.981  2240  3426 D qms     : |QMS|EventManager::processEvents:144 there are 1 file descriptor(s) with events pending
08-01 11:28:07.982  2240  3426 D qms     : |QMS|EventManager::processEvents:168 processing event number: 0, handling 1 for 43
08-01 11:28:07.982  2240  3426 D qms     : |QMS|EventManager::processEvents:179 file descriptor '43' is processing events [callback:0x58b4f3bf68, data:0xb40000729ee3f790]
08-01 11:28:07.982  2240  3426 V qms     : |QMS|NetlinkWrapper::readRtmEvents:1609 Received readRtmEvents for fd : 43
08-01 11:28:07.982  2652  2705 D LOWI-9.0.1.118: [LOWINetlinkSocketReceiver] unpackRTMLinkMessage: RTM_DELLINK - ifname wifi-aware0, flags 0x1002 ()
08-01 11:28:07.982  2240  3426 V qms     : |QMS|NetlinkWrapper::readRtmEvents:1623 readRtmEvents bytes received is 684
08-01 11:28:07.982  2240  3426 V qms     : |QMS|NetlinkWrapper::readRtmMessage:1666 readRtmMessage Event 17
08-01 11:28:07.982  2240  3426 I qms     : |QMS|NetlinkWrapper::readRtmMessage:1695 readRtmMessage: RTM_NEWLINK ifaceName[wifi-aware0], UP[0]
08-01 11:28:07.982  2240  3426 D qms     : |QMS|QmsEventHandler::postEvent:84 QmsEventHandler postEvent start for fd[36]
08-01 11:28:07.982  2240  3426 D qms     : |QMS|QmsEventHandler::postEvent:86 Wakelock evt start 0xb40000729ee3f458 0xb4000070fee34228
08-01 11:28:07.982  2240  3426 D qms     : |QMS|WakelockWrapper::acquireWakelock:83 QmsServices acquireWakelock 0xb40000727ee3a4a8
08-01 11:28:07.986  2446  2446 D wifi_qos_daemon: Interface change event received
08-01 11:28:07.986  2240  3426 D qms     : |QMS|QmsEventHandler::postEvent:84 QmsEventHandler postEvent start for fd[112]
08-01 11:28:07.987  2240  3426 D qms     : |QMS|QmsEventHandler::postEvent:86 Wakelock evt start 0xb4000071dee3ca68 0xb4000070fee342e8
08-01 11:28:07.987  2240  3426 D qms     : |QMS|WakelockWrapper::acquireWakelock:83 QmsServices acquireWakelock 0xb40000727ee3a4a8
08-01 11:28:07.987  2240  3426 V qms     : |QMS|NetlinkWrapper::readRtmMessage:1716 readRtmMessage: RTM_NEWLINK iface idx 10[0]
08-01 11:28:07.987  2240  3426 I qms     : |QMS|NetlinkWrapper::readRtmMessage:1719 readRtmMessage: RTM_NEWLINK wifi-aware[0]
08-01 11:28:07.987  2240  3426 I qms     : |QMS|NetlinkWrapper::readRtmMessage:1724 readRtmMessage: RTM_NEWLINK currIfaceName[]
08-01 11:28:07.988  2240  3426 I qms     : |QMS|NetlinkWrapper::readRtmMessage:1757 readRtmMessage: finalized_iface_name[], 0
08-01 11:28:07.988  2240  3426 D qms     : |QMS_BASE_MODULE|QmsBaseModule::serviceThread:24 [NetlinkModule] processEvents done
08-01 11:28:07.988  2240  3427 D qms     : |QMS|EventManager::processEvents:144 there are 2 file descriptor(s) with events pending
08-01 11:28:07.988  2240  3427 D qms     : |QMS|EventManager::processEvents:168 processing event number: 0, handling 1 for 36
08-01 11:28:07.988  2240  3427 D qms     : |QMS|EventManager::processEvents:179 file descriptor '36' is processing events [callback:0x58b4f3bfe0, data:0xb40000729ee3f458]
08-01 11:28:07.988  2240  3427 D qms     : |QMS|QmsEventHandler::cb:103 QmsEventHandler cb start
08-01 11:28:07.988  2240  3427 D qms     : |QMS|WakelockWrapper::releaseWakelock:99 QmsServices releaseWakelock[1], 0xb40000727ee3a4a8
08-01 11:28:07.988  2240  3427 D qms     : |QMS|QmsEventHandler::cb:124 Wakelock evt end 0xb40000729ee3f458 0xb4000070fee34228
08-01 11:28:07.989  2240  3427 D qms     : |QMS|QmsEventHandler::cb:126 QmsEventHandler cb end
08-01 11:28:07.989  2240  3427 D qms     : |QMS|EventManager::processEvents:144 there are 1 file descriptor(s) with events pending
08-01 11:28:07.989  2240  3427 D qms     : |QMS|EventManager::processEvents:168 processing event number: 1, handling 1 for 112
08-01 11:28:07.989  2240  3427 D qms     : |QMS|EventManager::processEvents:179 file descriptor '112' is processing events [callback:0x58b4f3bfc0, data:0xb4000071dee3ca68]
08-01 11:28:07.989  2240  3427 D qms     : |QMS|QmsEventHandler::cb:103 QmsEventHandler cb start
08-01 11:28:07.989  2240  3427 V qms     : |WIFI_TECH|N53Me::handleEvent:249 handleEvent 1
08-01 11:28:07.989  2240  3427 D qms     : |QMS|WakelockWrapper::releaseWakelock:99 QmsServices releaseWakelock[0], 0xb40000727ee3a4a8
08-01 11:28:07.989  2240  3427 D qms     : |QMS|WakelockWrapper::releaseWakelock:108 QmsServices releasing wake
08-01 11:28:07.990  2240  3427 D qms     : |QMS|WakelockWrapper::releaseWakelock:114 QmsServices lock held for 200ms
08-01 11:28:07.990  2240  3427 D qms     : |QMS|QmsEventHandler::cb:124 Wakelock evt end 0xb4000071dee3ca68 0xb4000070fee342e8
08-01 11:28:07.990  2240  3427 D qms     : |QMS|QmsEventHandler::cb:126 QmsEventHandler cb end
08-01 11:28:07.990  2240  3427 D qms     : |QMS_BASE_MODULE|QmsBaseModule::serviceThread:24 [MutualExModule] processEvents done
08-01 11:28:07.990  2652  2713 D wlc     : Interface change event received
08-01 11:28:08.075   110   110 F [kworke][0x9c0c66ff][11:28:08.048172] wcn7750: [110:F:OBJMGR] wlan_objmgr_print_ref_all_objects_per_psoc: Ref counts of PEER
08-01 11:28:08.090   110   110 F [kworke][0x9c1091d5][11:28:08.062398] wcn7750: [110:F:OBJMGR] wlan_objmgr_print_ref_all_objects_per_psoc: Ref counts of VDEV
08-01 11:28:08.104   110   110 F [kworke][0x9c14bba8][11:28:08.076607] wcn7750: [110:F:OBJMGR] wlan_objmgr_print_ref_all_objects_per_psoc: Ref counts of PDEV
08-01 11:28:08.117   110   110 F [kworke][0x9c18a925][11:28:08.090013] wcn7750: [110:F:OBJMGR] wlan_objmgr_print_ref_all_objects_per_psoc:  Ref counts of PSOC
08-01 11:28:08.131   110   110 F [kworke][0x9c1c9b83][11:28:08.103485] wcn7750: [110:F:OBJMGR] wlan_objmgr_print_ref_ids: Pending references of object
08-01 11:28:08.109  2240  2382 D qms     : |QMS|WakelockWrapper::doResetTimer:42 QmsServices doResetTimer 0xb40000727ee3a4a8, 0, 0
08-01 11:28:08.144   110   110 F [kworke][0x9c206241][11:28:08.116375] wcn7750: [110:F:OBJMGR] wlan_objmgr_print_ref_ids: WLAN_OBJMGR_ID(0) -- 1
08-01 11:28:08.156   110   110 F [kworke][0x9c23f7aa][11:28:08.128607] wcn7750: [110:F:OBJMGR] wlan_objmgr_print_ref_ids: WLAN_HDD_ID_OBJ_MGR(5) -- 1
08-01 11:28:08.168   110   110 I [kworke][0x9c27ad03][11:28:08.141265] wcn7750: [110:I:OBJMGR] wlan_objmgr_psoc_obj_delete: Logically deleting psoc 0
08-01 11:28:08.169   110   110 I [kworke][0x9c27b8ef][11:28:08.141423] wcn7750: [110:I:OBJMGR] wlan_objmgr_psoc_obj_destroy: Physically deleting psoc 0
08-01 11:28:08.173   110   110 I [kworke][0x9c28fd91][11:28:08.145752] wcn7750: [110:I:QDF] wlan_cp_stats_cstats_deinit: Chipset Stats feature is disabled
08-01 11:28:08.185  6403  6925 D SnifferService: Loading driver in monitor mode...
08-01 11:28:08.185  6403  6925 I AdbCommandExecutor: === AdbCommandExecutor.execute() CALLED ===
08-01 11:28:08.185  6403  6925 I AdbCommandExecutor: Command: insmod /vendor/lib/modules/qca_cld3_wcn7750.ko con_mode=4
08-01 11:28:08.185  6403  6925 I AdbCommandExecutor: Thread: DefaultDispatcher-worker-1
08-01 11:28:08.186  6403  6925 I HELPER_COMMAND: insmod /vendor/lib/modules/qca_cld3_wcn7750.ko con_mode=4
08-01 11:28:08.218  1768  3089 D StreamHalAidl: [out|ioHandle:13] standby
08-01 11:28:08.218  1768  3089 D StreamHalAidl: [out|ioHandle:13] pause
08-01 11:28:08.222  1768  3089 D StreamHalAidl: [out|ioHandle:13] flush
08-01 11:28:08.224  1602  3086 I PAL: API: pal_stream_stop: 469: Enter. Stream handle :0xb400007056a395d0K
08-01 11:28:08.224  1602  3086 D AGM: graph: graph_stop: 928 entry graph_handle 0x347534c
08-01 11:28:08.224  1681  1843 I SDM     : DisplayBase::CommitThread: Received Idle Timeout, panel: cmd, timeout: 70000 us
08-01 11:28:08.229  1602  3086 D AGM: graph: graph_stop: 976 exit, ret 0
08-01 11:28:08.230  1602  3086 I PAL: ResourceManager: voteSleepMonitor: 2178: Unvoting done for nlpi use case, lpi votes 0, nlpi votes : 0
08-01 11:28:08.230  1602  3086 I PAL: SpeakerProtection: spkrProtSetSpkrStatus: 224: Speaker used last time 122
08-01 11:28:08.231  1602  3086 D AGM: graph: graph_stop: 928 entry graph_handle 0x247534c
08-01 11:28:08.258  3086  3086 I adsp_sleepmon: Audio: num_sessions=0,num_lpi_sessions=0,timer_pending=1
08-01 11:28:08.232  1602  3086 D AGM: graph: graph_stop: 976 exit, ret 0
08-01 11:28:08.232  1602  3086 I AGM: API: agm_session_aif_connect: 623 disconnecting aifid:8 with session id=120
08-01 11:28:08.232  1602  3086 D AGM: graph: graph_stop: 928 entry graph_handle 0x247534c
08-01 11:28:08.232  1602  3086 D AGM: metadata: metadata_print: 79 *************************Metadata*************************
08-01 11:28:08.232  1602  3086 D AGM: metadata: metadata_print: 80 GKV size:1
08-01 11:28:08.232  1602  3086 D AGM: metadata: metadata_print: 83 key:0xa3000000, value:0xa3000009 
08-01 11:28:08.232  1602  3086 D AGM: metadata: metadata_print: 87 
08-01 11:28:08.232  1602  3086 D AGM: metadata: CKV count:1
08-01 11:28:08.232  1602  3086 D AGM: metadata: metadata_print: 90 key:0xbf000000, value:0x0 
08-01 11:28:08.232  1602  3086 D AGM: metadata: metadata_print: 92 
08-01 11:28:08.232  1602  3086 D AGM: metadata: metadata_print: 94 Property ID:134217744
08-01 11:28:08.232  1602  3086 D AGM: metadata: metadata_print: 95 property count:1
08-01 11:28:08.232  1602  3086 D AGM: metadata: metadata_print: 98 Property Values: 
08-01 11:28:08.232  1602  3086 D AGM: metadata: metadata_print: 100 0x2 
08-01 11:28:08.232  1602  3086 D AGM: metadata: metadata_print: 102 
08-01 11:28:08.232  1602  3086 D AGM: metadata: metadata_print: 103 ****************Metadata Done***************************
08-01 11:28:08.232  1602  3086 D AGM: metadata: 
08-01 11:28:08.233  1602  3086 D AGM: graph: graph_stop: 976 exit, ret 0
08-01 11:28:08.235  1602  3086 I AGM: device: device_set_metadata: 707 Setting device metadata for CODEC_DMA-LPAIF_WSA-TX-0
08-01 11:28:08.235  1602  3086 D AGM: metadata: metadata_print: 79 *************************Metadata*************************
08-01 11:28:08.235  1602  3086 D AGM: metadata: metadata_print: 80 GKV size:0
08-01 11:28:08.235  1602  3086 D AGM: metadata: metadata_print: 87 
08-01 11:28:08.235  1602  3086 D AGM: metadata: CKV count:0
08-01 11:28:08.236  1602  3086 D AGM: metadata: metadata_print: 92 
08-01 11:28:08.236  1602  3086 D AGM: metadata: metadata_print: 94 Property ID:134217744
08-01 11:28:08.236  1602  3086 D AGM: metadata: metadata_print: 95 property count:2
08-01 11:28:08.236  1602  3086 D AGM: metadata: metadata_print: 98 Property Values: 
08-01 11:28:08.236  1602  3086 D AGM: metadata: metadata_print: 100 0x2 
08-01 11:28:08.236  1602  3086 D AGM: metadata: metadata_print: 100 0x5 
08-01 11:28:08.236  1602  3086 D AGM: metadata: metadata_print: 102 
08-01 11:28:08.236  1602  3086 D AGM: metadata: metadata_print: 103 ****************Metadata Done***************************
08-01 11:28:08.236  1602  3086 D AGM: metadata: 
08-01 11:28:08.237  1602  3086 I PAL: ResourceManager: freeFrontEndIds: 7656: stream type 1, freeing 120
08-01 11:28:08.237  1602  3086 I AgmIpc::Server: removeSessionHandle removing handle b400007056a1bf10 for session 120
08-01 11:28:08.237  1602  3086 D AGM: session: session_close: 1324 enter
08-01 11:28:08.237  1602  3086 D AGM: graph: graph_close: 762 entry handle 0x247534c
08-01 11:28:08.237  1602  3086 D AGM: graph: graph_close: 783 exit, ret 0
08-01 11:28:08.237  1602  3086 D AGM: session: session_close: 1375 exit, ret 0
08-01 11:28:08.238  1602  3086 D AGM: graph: graph_stop: 928 entry graph_handle 0x147534c
08-01 11:28:08.239  1602  3086 D AGM: graph: graph_stop: 976 exit, ret 0
08-01 11:28:08.239  1602  3086 I AGM: API: agm_session_aif_connect: 623 disconnecting aifid:9 with session id=121
08-01 11:28:08.240  1602  3086 D AGM: graph: graph_stop: 928 entry graph_handle 0x147534c
08-01 11:28:08.240  1602  3086 D AGM: metadata: metadata_print: 79 *************************Metadata*************************
08-01 11:28:08.240  1602  3086 D AGM: metadata: metadata_print: 80 GKV size:1
08-01 11:28:08.240  1602  3086 D AGM: metadata: metadata_print: 83 key:0xa3000000, value:0xa300000e 
08-01 11:28:08.240  1602  3086 D AGM: metadata: metadata_print: 87 
08-01 11:28:08.240  1602  3086 D AGM: metadata: CKV count:1
08-01 11:28:08.240  1602  3086 D AGM: metadata: metadata_print: 90 key:0xe3000000, value:0x0 
08-01 11:28:08.240  1602  3086 D AGM: metadata: metadata_print: 92 
08-01 11:28:08.240  1602  3086 D AGM: metadata: metadata_print: 94 Property ID:134217744
08-01 11:28:08.240  1602  3086 D AGM: metadata: metadata_print: 95 property count:1
08-01 11:28:08.240  1602  3086 D AGM: metadata: metadata_print: 98 Property Values: 
08-01 11:28:08.240  1602  3086 D AGM: metadata: metadata_print: 100 0x2 
08-01 11:28:08.240  1602  3086 D AGM: metadata: metadata_print: 102 
08-01 11:28:08.240  1602  3086 D AGM: metadata: metadata_print: 103 ****************Metadata Done***************************
08-01 11:28:08.240  1602  3086 D AGM: metadata: 
08-01 11:28:08.241  1602  3086 D AGM: graph: graph_stop: 976 exit, ret 0
08-01 11:28:08.242  1602  3086 I AGM: device: device_set_metadata: 707 Setting device metadata for CODEC_DMA-LPAIF_WSA-TX-2
08-01 11:28:08.242  1602  3086 D AGM: metadata: metadata_print: 79 *************************Metadata*************************
08-01 11:28:08.242  1602  3086 D AGM: metadata: metadata_print: 80 GKV size:0
08-01 11:28:08.242  1602  3086 D AGM: metadata: metadata_print: 87 
08-01 11:28:08.242  1602  3086 D AGM: metadata: CKV count:0
08-01 11:28:08.242  1602  3086 D AGM: metadata: metadata_print: 92 
08-01 11:28:08.242  1602  3086 D AGM: metadata: metadata_print: 94 Property ID:134217744
08-01 11:28:08.242  1602  3086 D AGM: metadata: metadata_print: 95 property count:2
08-01 11:28:08.242  1602  3086 D AGM: metadata: metadata_print: 98 Property Values: 
08-01 11:28:08.242  1602  3086 D AGM: metadata: metadata_print: 100 0x2 
08-01 11:28:08.242  1602  3086 D AGM: metadata: metadata_print: 100 0x5 
08-01 11:28:08.242  1602  3086 D AGM: metadata: metadata_print: 102 
08-01 11:28:08.242  1602  3086 D AGM: metadata: metadata_print: 103 ****************Metadata Done***************************
08-01 11:28:08.242  1602  3086 D AGM: metadata: 
08-01 11:28:08.242  1602  3086 I PAL: ResourceManager: freeFrontEndIds: 7656: stream type 1, freeing 121
08-01 11:28:08.243  1602  3086 I AgmIpc::Server: removeSessionHandle removing handle b400007056a1a4d0 for session 121
08-01 11:28:08.243  1602  3086 D AGM: session: session_close: 1324 enter
08-01 11:28:08.243  1602  3086 D AGM: graph: graph_close: 762 entry handle 0x147534c
08-01 11:28:08.243  1602  3086 D AGM: graph: graph_close: 783 exit, ret 0
08-01 11:28:08.243  1602  3086 D AGM: session: session_close: 1375 exit, ret 0
08-01 11:28:08.243  1602  3086 I PAL: API: pal_stream_stop: 530: Exit. status 0
08-01 11:28:08.243  1602  3086 I PAL: API: pal_stream_close: 316: Enter. Stream handle :0xb400007056a395d0K
08-01 11:28:08.244  1602  3086 I AGM: API: agm_session_aif_connect: 623 disconnecting aifid:5 with session id=126
08-01 11:28:08.244  1602  3086 D AGM: graph: graph_stop: 928 entry graph_handle 0x347534c
08-01 11:28:08.244  1602  3086 D AGM: metadata: metadata_print: 79 *************************Metadata*************************
08-01 11:28:08.244  1602  3086 D AGM: metadata: metadata_print: 80 GKV size:4
08-01 11:28:08.244  1602  3086 D AGM: metadata: metadata_print: 83 key:0xa1000000, value:0xa100000e 
08-01 11:28:08.244  1602  3086 D AGM: metadata: metadata_print: 83 key:0xab000000, value:0x1 
08-01 11:28:08.244  1602  3086 D AGM: metadata: metadata_print: 83 key:0xa2000000, value:0xa2000001 
08-01 11:28:08.244  1602  3086 D AGM: metadata: metadata_print: 83 key:0xac000000, value:0xac000002 
08-01 11:28:08.244  1602  3086 D AGM: metadata: metadata_print: 87 
08-01 11:28:08.244  1602  3086 D AGM: metadata: CKV count:3
08-01 11:28:08.244  1602  3086 D AGM: metadata: metadata_print: 90 key:0xa4000000, value:0x0 
08-01 11:28:08.244  1602  3086 D AGM: metadata: metadata_print: 90 key:0xd2000000, value:0x0 
08-01 11:28:08.244  1602  3086 D AGM: metadata: metadata_print: 90 key:0xbe000000, value:0x1 
08-01 11:28:08.244  1602  3086 D AGM: metadata: metadata_print: 92 
08-01 11:28:08.244  1602  3086 D AGM: metadata: metadata_print: 94 Property ID:134217744
08-01 11:28:08.244  1602  3086 D AGM: metadata: metadata_print: 95 property count:3
08-01 11:28:08.244  1602  3086 D AGM: metadata: metadata_print: 98 Property Values: 
08-01 11:28:08.244  1602  3086 D AGM: metadata: metadata_print: 100 0x3 
08-01 11:28:08.244  1602  3086 D AGM: metadata: metadata_print: 100 0x2 
08-01 11:28:08.245  1602  3086 D AGM: metadata: metadata_print: 100 0x5 
08-01 11:28:08.245  1602  3086 D AGM: metadata: metadata_print: 102 
08-01 11:28:08.245  1602  3086 D AGM: metadata: metadata_print: 103 ****************Metadata Done***************************
08-01 11:28:08.245  1602  3086 D AGM: metadata: 
08-01 11:28:08.246  1602  3086 D AGM: graph: graph_stop: 976 exit, ret 0
08-01 11:28:08.252  1602  3086 I AGM: device: device_set_metadata: 707 Setting device metadata for CODEC_DMA-LPAIF_WSA-RX-0
08-01 11:28:08.252  1602  3086 D AGM: metadata: metadata_print: 79 *************************Metadata*************************
08-01 11:28:08.252  1602  3086 D AGM: metadata: metadata_print: 80 GKV size:0
08-01 11:28:08.252  1602  3086 D AGM: metadata: metadata_print: 87 
08-01 11:28:08.252  1602  3086 D AGM: metadata: CKV count:0
08-01 11:28:08.252  1602  3086 D AGM: metadata: metadata_print: 92 
08-01 11:28:08.252  1602  3086 D AGM: metadata: metadata_print: 94 Property ID:134217744
08-01 11:28:08.252  1602  3086 D AGM: metadata: metadata_print: 95 property count:2
08-01 11:28:08.252  1602  3086 D AGM: metadata: metadata_print: 98 Property Values: 
08-01 11:28:08.252  1602  3086 D AGM: metadata: metadata_print: 100 0x2 
08-01 11:28:08.252  1602  3086 D AGM: metadata: metadata_print: 100 0x5 
08-01 11:28:08.252  1602  3086 D AGM: metadata: metadata_print: 102 
08-01 11:28:08.252  1602  3086 D AGM: metadata: metadata_print: 103 ****************Metadata Done***************************
08-01 11:28:08.252  1602  3086 D AGM: metadata: 
08-01 11:28:08.252  1602  3086 I AGM: session: session_obj_set_sess_aif_metadata: 1871 Setting metadata for sess_id 126, aif id 5
08-01 11:28:08.252  1602  3086 D AGM: metadata: metadata_print: 79 *************************Metadata*************************
08-01 11:28:08.252  1602  3086 D AGM: metadata: metadata_print: 80 GKV size:0
08-01 11:28:08.252  1602  3086 D AGM: metadata: metadata_print: 87 
08-01 11:28:08.252  1602  3086 D AGM: metadata: CKV count:0
08-01 11:28:08.252  1602  3086 D AGM: metadata: metadata_print: 92 
08-01 11:28:08.252  1602  3086 D AGM: metadata: metadata_print: 94 Property ID:134217744
08-01 11:28:08.252  1602  3086 D AGM: metadata: metadata_print: 95 property count:1
08-01 11:28:08.252  1602  3086 D AGM: metadata: metadata_print: 98 Property Values: 
08-01 11:28:08.252  1602  3086 D AGM: metadata: metadata_print: 100 0x3 
08-01 11:28:08.253  1602  3086 D AGM: metadata: metadata_print: 102 
08-01 11:28:08.253  1602  3086 D AGM: metadata: metadata_print: 103 ****************Metadata Done***************************
08-01 11:28:08.253  1602  3086 D AGM: metadata: 
08-01 11:28:08.253  1602  3086 I AGM: session: session_obj_set_sess_aif_metadata: 1876 Exit
08-01 11:28:08.253  1602  3086 I AgmIpc::Server: removeSessionHandle removing handle b400007056a19510 for session 126
08-01 11:28:08.253  1602  3086 D AGM: session: session_close: 1324 enter
08-01 11:28:08.253  1602  3086 D AGM: graph: graph_close: 762 entry handle 0x347534c
08-01 11:28:08.254  1602  3086 D AGM: graph: graph_close: 783 exit, ret 0
08-01 11:28:08.254  1602  3086 D AGM: session: session_close: 1375 exit, ret 0
08-01 11:28:08.255  1602  3086 I PAL: ResourceManager: freeFrontEndIds: 7656: stream type 1, freeing 126
08-01 11:28:08.255  1602  3086 I PAL: Device: close: 546: Enter. deviceCount 1 for device id 3 (PAL_DEVICE_OUT_SPEAKER)
08-01 11:28:08.255  1602  3086 I PAL: Device: close: 560: Exit. deviceCount 0 for device id 3 (PAL_DEVICE_OUT_SPEAKER), exit status 0
08-01 11:28:08.255  1602  3086 I PAL: ResourceManager: GetConcurrencyInfo: 5648: stream type 1 Tx conc 0, Rx conc 0, concurrency allowed
08-01 11:28:08.255  1602  3086 I PAL: ResourceManager: deregisterStream: 3739: stream type 1
08-01 11:28:08.255  1602  3086 I PAL: API: pal_stream_close: 358: Exit. status 0
08-01 11:28:08.255  1602  3086 D AHAL_StreamOut_QTI: standby : usecase: LOW_LATENCY_PLAYBACK IoHandle: 13 
08-01 11:28:08.286  6403  6925 I AdbCommandExecutor: Command sent to PC helper script: insmod /vendor/lib/modules/qca_cld3_wcn7750.ko con_mode=4
08-01 11:28:08.365   110   110 I qca_cld3_wcn7750: Driver De-initialized
08-01 11:28:08.370  6941  6941 I [rmmod][0x9c62d761][11:28:08.343218] wcn7750: [6941:I:tdls] ucfg_tdls_deinit: tdls module dispatcher deinit
08-01 11:28:08.370  6941  6941 I [rmmod][0x9c62dcbc][11:28:08.343290] wcn7750: [6941:I:POLICY_MGR] policy_mgr_deinit: deregistered callbacks with obj mgr successfully
08-01 11:28:08.371  6941  6941 I [rmmod][0x9c631940][11:28:08.344096] wcn7750: [6941:I:GREEN_AP] wlan_green_ap_deinit: Successfully unregistered create and destroy handlers with objmgr
08-01 11:28:08.382  6941  6941 E [rmmod][0x9c6650ab][11:28:08.355073] wcn7750: [6941:E:QDF] qdf_nbuf_track_memory_manager_destroy: qdf_nbuf_track_memory_manager_destroy: unexpectedly large max_used count 10315
08-01 11:28:08.400  6941  6941 I [rmmod][0x9c6b9193][11:28:08.373006] wcn7750: [6941:I:QDF] qdf_nbuf_track_memory_manager_destroy: 6877 residual freelist size
08-01 11:28:08.400  6941  6941 I [rmmod][0x9c6b920f][11:28:08.373012] wcn7750: [6941:I:QDF] qdf_nbuf_track_memory_manager_destroy: 6877 max freelist size observed
08-01 11:28:08.400  6941  6941 I [rmmod][0x9c6b9281][11:28:08.373018] wcn7750: [6941:I:QDF] qdf_nbuf_track_memory_manager_destroy: 10315 max buffers used observed
08-01 11:28:08.400  6941  6941 I [rmmod][0x9c6b92f0][11:28:08.373023] wcn7750: [6941:I:QDF] qdf_nbuf_track_memory_manager_destroy: 10315 max buffers allocated observed
08-01 11:28:08.414  6941  6941 I         : wcnss enter pool check
08-01 11:28:08.398  2554  2554 I QTI_SDM_INFO: [qti_rmnet_peripheral.c:606] qti_rmnet_ph_recv_msg():Read 13 data from peripheral device file
08-01 11:28:08.398  2554  2554 I QTI_SDM_INFO: [qti_rmnet_modem.c:1142] qti_rmnet_modem_send_msg():Will send QMI message of size 13 to modem
08-01 11:28:08.399  2554  2554 I QTI_SDM_INFO: [qti_rmnet_modem.c:1167] qti_rmnet_modem_send_msg():Successfully sent message to modem size 13 on fd 15
08-01 11:28:08.399  2554  2554 I QTI_SDM_INFO: [qti_rmnet_modem.c:1222] qti_rmnet_modem_recv_msg():Read 41 data from modem device file
08-01 11:28:08.400  2554  2554 I QTI_SDM_INFO: [qti_rmnet_peripheral.c:954] qti_rmnet_ph_send_msg():Successfully sent message to host size 41 on fd 7
08-01 11:28:08.407  2554  2554 I QTI_SDM_INFO: [qti_rmnet_peripheral.c:606] qti_rmnet_ph_recv_msg():Read 13 data from peripheral device file
08-01 11:28:08.407  2554  2554 I QTI_SDM_INFO: [qti_rmnet_modem.c:1142] qti_rmnet_modem_send_msg():Will send QMI message of size 13 to modem
08-01 11:28:08.409  2554  2554 I QTI_SDM_INFO: [qti_rmnet_modem.c:1167] qti_rmnet_modem_send_msg():Successfully sent message to modem size 13 on fd 15
08-01 11:28:08.410  2554  2554 I QTI_SDM_INFO: [qti_rmnet_modem.c:1222] qti_rmnet_modem_recv_msg():Read 28 data from modem device file
08-01 11:28:08.410  2554  2554 I QTI_SDM_INFO: [qti_rmnet_peripheral.c:954] qti_rmnet_ph_send_msg():Successfully sent message to host size 28 on fd 7
08-01 11:28:08.484  1893  4175 W InputManager-JNI: Input channel object 'dc4956d Toast (client)' was disposed without first being removed with the input manager!
08-01 11:28:08.497  1893  4175 W NotificationService: Toast already killed. pkg=com.vrem.wifianalyzer.BETA token=android.os.BinderProxy@7f2fa05
08-01 11:28:08.584  1681  1843 I SDM     : DisplayBase::CommitThread: Received Idle Timeout, panel: cmd, timeout: 70000 us
08-01 11:28:08.793  1705  1705 I vendor.qti.hardware.servicetrackeraidl-service: unbindService is called for service : com.google.android.gms/.nearby.sharing.SharingTileService and for client com.android.systemui
08-01 11:28:08.793  1893  4175 D OomAdjuster: Not killing cached processes
08-01 11:28:08.794  1705  1705 I vendor.qti.hardware.servicetrackeraidl-service: size of service connections for service: com.google.android.gms/.nearby.sharing.SharingTileServiceafter removal is 0
08-01 11:28:08.794  1705  1705 I vendor.qti.hardware.servicetrackeraidl-service: size of client connections for client: com.android.systemuiafter removal is 1
08-01 11:28:08.797  1705  1705 I vendor.qti.hardware.servicetrackeraidl-service: destroyService is called for service : com.google.android.gms/.nearby.sharing.SharingTileService
08-01 11:28:08.803  5145  5145 I NearbySharing: SharingTileService destroyed
08-01 11:28:08.851  1573  1573 W healthd : battery l=100 v=4445 t=41.0 h=2 st=2 c=756858 fc=3998000 cc=1 chg=a
08-01 11:28:08.836  3793  3793 D DeviceStatisticsService: onReceive: action= android.intent.action.BATTERY_CHANGED
08-01 11:28:08.840  3660  6729 D PowerUI : can't show warning due to - plugged: true status unknown: false
08-01 11:28:08.842  2240  2663 D qms     : |QMS|Log::dumper:176 Dump completed, request type: LOGGING_TIMER_EXPIRED, elapsed time = 0 ms
08-01 11:28:08.871  3793  3793 V DeviceStatisticsService: chargerType=1 batteryLevel=100 totalBatteryCapacity=3998000
08-01 11:28:08.934  1681  1843 I SDM     : DisplayBase::CommitThread: Received Idle Timeout, panel: cmd, timeout: 70000 us
08-01 11:28:09.920  1573  1573 W healthd : battery l=100 v=4428 t=41.0 h=2 st=2 c=-166020 fc=3998000 cc=1 chg=a
08-01 11:28:09.908  3660  4065 D PowerUI : can't show warning due to - plugged: true status unknown: false
08-01 11:28:09.910  3793  3793 D DeviceStatisticsService: onReceive: action= android.intent.action.BATTERY_CHANGED
08-01 11:28:09.933  3793  3793 V DeviceStatisticsService: chargerType=1 batteryLevel=100 totalBatteryCapacity=3998000
08-01 11:28:10.005  1681  1843 I SDM     : DisplayBase::CommitThread: Received Idle Timeout, panel: cmd, timeout: 70000 us
08-01 11:28:10.299  1573  1573 W healthd : battery l=100 v=4445 t=41.0 h=2 st=2 c=726340 fc=3998000 cc=1 chg=a
08-01 11:28:10.283  3793  3793 D DeviceStatisticsService: onReceive: action= android.intent.action.BATTERY_CHANGED
08-01 11:28:10.288  3660  6689 D PowerUI : can't show warning due to - plugged: true status unknown: false
08-01 11:28:10.288  6403  6925 D SnifferService: Bringing interface up...
08-01 11:28:10.288  6403  6925 I AdbCommandExecutor: === AdbCommandExecutor.execute() CALLED ===
08-01 11:28:10.288  6403  6925 I AdbCommandExecutor: Command: ifconfig wlan0 up
08-01 11:28:10.289  6403  6925 I AdbCommandExecutor: Thread: DefaultDispatcher-worker-1
08-01 11:28:10.289  6403  6925 I HELPER_COMMAND: ifconfig wlan0 up
08-01 11:28:10.319  3793  3793 V DeviceStatisticsService: chargerType=1 batteryLevel=100 totalBatteryCapacity=3998000
08-01 11:28:10.320  3793  3793 D DeviceStatisticsService: onReceive: action= android.intent.action.BATTERY_CHANGED
08-01 11:28:10.324  3660  6690 D PowerUI : can't show warning due to - plugged: true status unknown: false
08-01 11:28:10.324  3793  3793 V DeviceStatisticsService: chargerType=1 batteryLevel=100 totalBatteryCapacity=3998000
08-01 11:28:10.390  6403  6925 I AdbCommandExecutor: Command sent to PC helper script: ifconfig wlan0 up
08-01 11:28:10.410  1681  1843 I SDM     : DisplayBase::CommitThread: Received Idle Timeout, panel: cmd, timeout: 70000 us
08-01 11:28:10.479  1877  1877 I vendor.rmt_storage: rmt_storage_connect_cb: clnt_h=0x7 conn_h=0xb40000783be59610
08-01 11:28:10.480  1877  1877 I vendor.rmt_storage: rmt_storage_rw_iovec_cb: /boot/modem_fs2: req_h=0x7 msg_id=3: R/W request received (wr_count 1)
08-01 11:28:10.480  1877  1877 I vendor.rmt_storage: wakelock acquired: 1, error no: 11
08-01 11:28:10.482  1877  2838 I vendor.rmt_storage: rmt_storage_client_thread: /boot/modem_fs2: Unblock worker thread (th_id: 515036437616)
08-01 11:28:10.508  1877  1877 I rmt_storage: INFO:rmt_storage_rw_iovec_cb: Write iovec request (req_h 0x7 wr_count 1) received for /boot/modem_fs2
08-01 11:28:10.511  2838  2838 I rmt_storage: INFO:rmt_storage_client_thread: Calling Write
08-01 11:28:10.511  2838  2838 I rmt_storage: INFO:rmt_storage_client_thread: offset=0
08-01 11:28:10.511  2838  2838 I rmt_storage: INFO:rmt_storage_client_thread: size=4194304
08-01 11:28:10.511  2838  2838 I rmt_storage: INFO:rmt_storage_client_thread: req_h 0x7
08-01 11:28:10.511  2838  2838 I rmt_storage: INFO:rmt_storage_client_thread: wr_count 1
08-01 11:28:10.511  2838  2838 I rmt_storage: INFO:rmt_storage_client_thread: for /boot/modem_fs2!
08-01 11:28:10.543  1877  2838 I vendor.rmt_storage: rmt_storage_client_thread: /boot/modem_fs2: req_h=0x7 msg_id=3: Bytes written = 4194304, wr_count 1
08-01 11:28:10.543  1877  2838 I vendor.rmt_storage: rmt_storage_client_thread: /boot/modem_fs2: req_h=0x7 msg_id=3: Send response: res=0 err=0, wr_count 1
08-01 11:28:10.544  1877  2838 I vendor.rmt_storage: rmt_storage_client_thread: /boot/modem_fs2: About to block rmt_storage client thread (th_id: 515036437616) wakelock released: 1, error no: 0
08-01 11:28:10.544  1877  2838 I vendor.rmt_storage: 
08-01 11:28:10.571  2838  2838 I rmt_storage: INFO:rmt_storage_client_thread: Done Write (bytes = 4194304, req_h 0x7, wr_count 1) for /boot/modem_fs2!
08-01 11:28:10.551  1877  1877 I vendor.rmt_storage: rmt_storage_disconnect_cb: clnt_h=0x7 conn_h=0xb40000783be59610
08-01 11:28:11.263  1893  5006 I WifiService: getWifiEnabledState uid=10262 state=1
08-01 11:28:11.275  1893  4175 W OptProp : Cannot read opt property android.window.PROPERTY_COMPAT_ALLOW_ORIENTATION_OVERRIDE
08-01 11:28:11.275  1893  4175 I HidlServiceManagement: Trying to get transport of vendor.qti.hardware.servicetracker@1.2::IServicetracker/default without hwservicemanager
08-01 11:28:11.276  1893  4175 W ActivityTaskManager: servicetracker HIDL not available
08-01 11:28:11.277  1893  4175 E ActivityTaskManager: Unable to get servicetracker HAL instance
08-01 11:28:11.278  1893  4175 I HidlServiceManagement: Trying to get transport of vendor.qti.hardware.servicetracker@1.2::IServicetracker/default without hwservicemanager
08-01 11:28:11.278  1893  4175 W ActivityTaskManager: servicetracker HIDL not available
08-01 11:28:11.278  1893  4175 E ActivityTaskManager: Unable to get servicetracker HAL instance
08-01 11:28:11.281  1893  4175 W OptProp : Cannot read opt property android.window.PROPERTY_COMPAT_ALLOW_MIN_ASPECT_RATIO_OVERRIDE
08-01 11:28:11.296  1893  4175 V SplashScreenExceptionList: SplashScreen checking exception for package com.android.settings (target sdk:35) -> false
08-01 11:28:11.296  1893  4175 D ActivityTrigger: ActivityTrigger activityPauseTrigger 
08-01 11:28:11.297  1893  4175 I HidlServiceManagement: Trying to get transport of vendor.qti.hardware.servicetracker@1.2::IServicetracker/default without hwservicemanager
08-01 11:28:11.297  3758  3790 I DynamicDDSService: handleMessage(ACTIVITY_INVOKE{appInfo=com.android.settings isFullScreen=}true)
08-01 11:28:11.297  1893  4175 W ActivityTaskManager: servicetracker HIDL not available
08-01 11:28:11.298  1893  4175 E ActivityTaskManager: Unable to get servicetracker HAL instance
08-01 11:28:11.300  1698  1737 E PERFHAL-LLLITE: PERFHAL-LLLITE: CheckOngoingLaunchScenario() 188: mBoostedPkgName is empty!
08-01 11:28:11.302  3758  3773 W DynamicDDSService: appName is running in background.com.vrem.wifianalyzer.BETA
08-01 11:28:11.302  1893  4175 I ActivityTaskManager: START u0 {act=android.settings.panel.action.WIFI cmp=com.android.settings/.panel.SettingsPanelActivity} with LAUNCH_SINGLE_INSTANCE from uid 10262 (BAL_ALLOW_VISIBLE_WINDOW) result code=0
08-01 11:28:11.304  1893  5006 I WifiService: startScan uid=10262
08-01 11:28:11.305  1893  5006 V WifiPermissionsUtil: checkCallersLocationPermission(com.vrem.wifianalyzer.BETA): ok because uid 10262 has app-op android:fine_location
08-01 11:28:11.305  1893  3556 E WifiScanRequestProxy: Failed to retrieve wifiscanner
08-01 11:28:11.307  1893  5006 E WifiService: Failed to start scan
08-01 11:28:11.311  3660  3726 V WindowManagerShell: Transition requested (#14): android.os.BinderProxy@eb63aff TransitionRequestInfo { type = OPEN, triggerTask = TaskInfo{userId=0 taskId=200 displayId=0 isRunning=true baseIntent=Intent { act=android.settings.panel.action.WIFI flg=0x10800000 cmp=com.android.settings/.panel.SettingsPanelActivity } baseActivity=ComponentInfo{com.android.settings/com.android.settings.panel.SettingsPanelActivity} topActivity=ComponentInfo{com.android.settings/com.android.settings.panel.SettingsPanelActivity} origActivity=null realActivity=ComponentInfo{com.android.settings/com.android.settings.panel.SettingsPanelActivity} numActivities=1 lastActiveTime=125475 supportsMultiWindow=true resizeMode=1 isResizeable=true minWidth=-1 minHeight=-1 defaultMinSize=220 token=WCT{android.window.IWindowContainerToken$Stub$Proxy@9cb00cc} topActivityType=1 pictureInPictureParams=null shouldDockBigOverlays=false launchIntoPipHostTaskId=-1 lastParentTaskIdBeforePip=-1 displayCutoutSafeInsets=null topActivityInfo=ActivityInfo{f75af15 com.android.settings.panel.SettingsPanelActivity} launchCookies=[] positionInParent=Point(0, 0) parentTaskId=-1 isFocused=false isVisible=false isVisibleRequested=false isSleeping=false locusId=null displayAreaFeatureId=1 isTopActivityTransparent=true appCompatTaskInfo=AppCompatTaskInfo { topActivityInSizeCompat=false topActivityEligibleForLetterboxEducation= falseisLetterboxEducationEnabled= false isLetterboxDoubleTapEnabled= false topActivityEligibleForUserAspectRatioButton= false topActivityBoundsLetterboxed= false isFromLetterboxDoubleTap= false topActivityLetterboxVerticalPosition= -1 topActivityLetterboxHorizontalPosition= -1 topActivityLetterboxWidth=1440 topActivityLetterboxHeight=3200 isUserFullscreenOverrideEnabled=false isSystemFullscreenOverrideEnabled=false cameraCompatTaskInfo=CameraCompatTaskInfo { cameraCompatControlState=hidden freeformCameraCompatMode=inactive}}}, pipTask = null, remoteTransition = null, displayChange = null, flags = 0, debugId = 14 }
08-01 11:28:11.312  1625  1662 I ANDR-PWR-OPT: GAMEPOWEROPT: sendEvents() 231: Start hint for app com.android.settings/com.android.settings.panel.SettingsPanelActivity/35, hintID : 4099, hintID hex : 1003 value: -1
08-01 11:28:11.312  3980  3980 I TopTaskTracker: onTaskMovedToFront: (moved taskInfo to front) taskId=200, baseIntent=Intent { act=android.settings.panel.action.WIFI flg=0x10800000 cmp=com.android.settings/.panel.SettingsPanelActivity }
08-01 11:28:11.313  1625  1662 I ANDR-PWR-OPT: PowerAppClassifier: getAppType() 59: checking app [com.android.settings] is type 1
08-01 11:28:11.313  1625  1662 I ANDR-PWR-OPT: GAMEPOWEROPT: isGame() 348: com.android.settings is Game = 1
08-01 11:28:11.330  1893  4175 I WifiService: isScanThrottleEnabled uid=10262 enable=true
08-01 11:28:11.337  1893  5006 I HidlServiceManagement: Trying to get transport of vendor.qti.hardware.servicetracker@1.2::IServicetracker/default without hwservicemanager
08-01 11:28:11.337  1893  5006 W ActivityTaskManager: servicetracker HIDL not available
08-01 11:28:11.337  1893  5006 E ActivityTaskManager: Unable to get servicetracker HAL instance
08-01 11:28:11.338  1698  1737 E PERFHAL-LLLITE: PERFHAL-LLLITE: CheckOngoingLaunchScenario() 188: mBoostedPkgName is empty!
08-01 11:28:11.339  1893  5006 I ActivityTaskManager: The Process com.android.settings Already Exists in BG. So sending its PID: 3971
08-01 11:28:11.342  1893  5006 I HidlServiceManagement: Trying to get transport of vendor.qti.hardware.servicetracker@1.2::IServicetracker/default without hwservicemanager
08-01 11:28:11.342  1893  5006 W ActivityTaskManager: servicetracker HIDL not available
08-01 11:28:11.343  1893  5006 E ActivityTaskManager: Unable to get servicetracker HAL instance
08-01 11:28:11.343  1893  5006 W OptProp : Cannot read opt property android.window.PROPERTY_COMPAT_ALLOW_RESIZEABLE_ACTIVITY_OVERRIDES
08-01 11:28:11.344  1893  2458 D OomAdjuster: TOP-APP: pid:3971, processName: com.android.settings, renderThreadTid: 4055
08-01 11:28:11.344  1625  1662 I ANDR-PWR-OPT: GAMEPOWEROPT: sendEvents() 231: Start hint for app com.android.settings/com.android.settings.panel.SettingsPanelActivity/35, hintID : 4099, hintID hex : 1003 value: -1
08-01 11:28:11.345  1698  1737 E PERFHAL-BOOSTCONFIG: PERFHAL-BOOSTCONFIG: GetBoostConfig() 1456: Not able to fetch object
08-01 11:28:11.345  1625  1662 I ANDR-PWR-OPT: PowerAppClassifier: getAppType() 59: checking app [com.android.settings] is type 1
08-01 11:28:11.345  1625  1662 I ANDR-PWR-OPT: GAMEPOWEROPT: isGame() 348: com.android.settings is Game = 1
08-01 11:28:11.345  1893  2458 D OomAdjuster: VENDOR_HINT_BOOST_RENDERTHREAD perfHint was called. mPerfHandle: 245
08-01 11:28:11.347  1893  4511 W PackageConfigPersister: App-specific configuration not found for packageName: com.vrem.wifianalyzer.BETA and userId: 0
08-01 11:28:11.348  1893  4175 W PackageConfigPersister: App-specific configuration not found for packageName: com.vrem.wifianalyzer.BETA and userId: 0
08-01 11:28:11.348  6403  6403 D AccessPointDetail: setCaptureButton: chipsetString='QCA_CLD3_WCN7750', chipset=QCA_CLD3_WCN7750
08-01 11:28:11.348  6403  6403 D AccessPointDetail: Capture button set to VISIBLE
08-01 11:28:11.350  1893  5006 W PackageConfigPersister: App-specific configuration not found for packageName: com.vrem.wifianalyzer.BETA and userId: 0
08-01 11:28:11.350  1893  4175 W PackageConfigPersister: App-specific configuration not found for packageName: com.vrem.wifianalyzer.BETA and userId: 0
08-01 11:28:11.353  3971  3971 W ElapsedTimeUtils: getElapsedTime: sSuwFinishedTimeStamp is null
08-01 11:28:11.355  1419  1449 I netd    : tetherGetStats() -> {[]} <2.21ms>
08-01 11:28:11.356  3971  3988 W ElapsedTimeUtils: getElapsedTime: sSuwFinishedTimeStamp is null
08-01 11:28:11.356  6403  6403 D AccessPointDetail: setCaptureButton: chipsetString='QCA_CLD3_WCN7750', chipset=QCA_CLD3_WCN7750
08-01 11:28:11.356  6403  6403 D AccessPointDetail: Capture button set to VISIBLE
08-01 11:28:11.358  1893  5006 W PackageConfigPersister: App-specific configuration not found for packageName: com.vrem.wifianalyzer.BETA and userId: 0
08-01 11:28:11.358  1893  4175 W PackageConfigPersister: App-specific configuration not found for packageName: com.vrem.wifianalyzer.BETA and userId: 0
08-01 11:28:11.360  6403  6403 D AccessPointDetail: setCaptureButton: chipsetString='QCA_CLD3_WCN7750', chipset=QCA_CLD3_WCN7750
08-01 11:28:11.360  6403  6403 D AccessPointDetail: Capture button set to VISIBLE
08-01 11:28:11.362  1893  5006 W PackageConfigPersister: App-specific configuration not found for packageName: com.vrem.wifianalyzer.BETA and userId: 0
08-01 11:28:11.362  1893  4175 W PackageConfigPersister: App-specific configuration not found for packageName: com.vrem.wifianalyzer.BETA and userId: 0
08-01 11:28:11.363  3971  3971 D SettingsSliceProvider: Starting background worker for: content://android.settings.slices/action/wifi
08-01 11:28:11.363  6403  6403 D AccessPointDetail: setCaptureButton: chipsetString='QCA_CLD3_WCN7750', chipset=QCA_CLD3_WCN7750
08-01 11:28:11.363  1893  5006 I WifiService: getVerboseLoggingLevel uid=1000
08-01 11:28:11.363  6403  6403 D AccessPointDetail: Capture button set to VISIBLE
08-01 11:28:11.363  3971  3971 V WifiPickerTracker: onStart
08-01 11:28:11.363  1893  5006 I WifiService: getVerboseLoggingLevel uid=1000
08-01 11:28:11.364  1893  4175 D CoreBackPreview: Window{e1cc67b u0 com.android.settings/com.android.settings.panel.SettingsPanelActivity}: Setting back callback OnBackInvokedCallbackInfo{mCallback=android.window.IOnBackInvokedCallback$Stub$Proxy@ce57cf1, mPriority=-1, mIsAnimationCallback=false}
08-01 11:28:11.364  1893  4511 W PackageConfigPersister: App-specific configuration not found for packageName: com.vrem.wifianalyzer.BETA and userId: 0
08-01 11:28:11.365  1893  5006 W PackageConfigPersister: App-specific configuration not found for packageName: com.vrem.wifianalyzer.BETA and userId: 0
08-01 11:28:11.366  6403  6403 D AccessPointDetail: setCaptureButton: chipsetString='QCA_CLD3_WCN7750', chipset=QCA_CLD3_WCN7750
08-01 11:28:11.366  6403  6403 D AccessPointDetail: Capture button set to VISIBLE
08-01 11:28:11.367  1790  2023 I BpBinder: onLastStrongRef automatically unlinking death recipients: 
08-01 11:28:11.368  1893  5006 W PackageConfigPersister: App-specific configuration not found for packageName: com.vrem.wifianalyzer.BETA and userId: 0
08-01 11:28:11.369  1893  5006 W PackageConfigPersister: App-specific configuration not found for packageName: com.vrem.wifianalyzer.BETA and userId: 0
08-01 11:28:11.370  6403  6403 D AccessPointDetail: setCaptureButton: chipsetString='QCA_CLD3_WCN7750', chipset=QCA_CLD3_WCN7750
08-01 11:28:11.370  6403  6403 D AccessPointDetail: Capture button set to VISIBLE
08-01 11:28:11.370  1893  5006 I WifiService: getWifiEnabledState uid=1000 state=1
08-01 11:28:11.370  1893  3566 D ConnectivityService: NetReassign [no changes] [c 0] [a 0] [i 2]
08-01 11:28:11.371  3971  4071 D WifiSlice: calling uid name : android.uid.system:1000
08-01 11:28:11.371  1893  5006 D ConnectivityService: requestNetwork for uid/pid:1000/3971 activeRequest: null callbackRequest: 155 [NetworkRequest [ REQUEST id=156, [ Capabilities: INTERNET&NOT_RESTRICTED&TRUSTED&NOT_VCN_MANAGED&NOT_BANDWIDTH_CONSTRAINED Uid: 1000 RequestorUid: 1000 RequestorPkg: com.android.settings UnderlyingNetworks: Null] ]] callback flags: 1 order: 2147483647 isUidTracked: false
08-01 11:28:11.372  1893  4175 W PackageConfigPersister: App-specific configuration not found for packageName: com.vrem.wifianalyzer.BETA and userId: 0
08-01 11:28:11.372  3971  4071 W SatelliteRepository: SatelliteManager is null
08-01 11:28:11.372  1893  4175 W PackageConfigPersister: App-specific configuration not found for packageName: com.vrem.wifianalyzer.BETA and userId: 0
08-01 11:28:11.373  1893  5006 V WifiPermissionsUtil: enforceNearbyDevicesPermission(attributionSource=AttributionSource { uid = 1000, packageName = com.android.settings, attributionTag = null, token = android.os.BinderProxy@c4e48fd, deviceId = 0, next = null }, checkForLocation=false
08-01 11:28:11.373  6403  6403 D AccessPointDetail: setCaptureButton: chipsetString='QCA_CLD3_WCN7750', chipset=QCA_CLD3_WCN7750
08-01 11:28:11.373  1893  5006 I WifiService: getPrivilegedConfiguredNetworks uid=1000
08-01 11:28:11.373  6403  6403 D AccessPointDetail: Capture button set to VISIBLE
