08-01 11:28:06.809  6840  6840 D wpa_supplicant: wlan0: BSS: Remove id 165 BSSID f0:61:c0:26:28:41 SSID 'QGuest' due to wpa_bss_flush
08-01 11:28:06.809  2240  3427 D qms     : |QMS|WpaWrapper::monitorEventsCb:130 WpaWrapper::monitorEventsCb received from wpa: IFNAME=wlan0 <3>CTRL-EVENT-BSS-REMOVED 75 9c:3a:9a:11:6c:86
08-01 11:28:06.809  2240  3427 D qms     : |QMS_BASE_MODULE|QmsBaseModule::serviceThread:24 [MutualExModule] processEvents done
08-01 11:28:06.809  6840  6840 D wpa_supplicant: wlan0: BSS: Remove id 50 BSSID 88:c3:97:c6:9f:0f SSID 'Xiaomi_5A93_2g' due to wpa_bss_flush
08-01 11:28:06.809  2240  3427 D qms     : |QMS|EventManager::processEvents:144 there are 1 file descriptor(s) with events pending
08-01 11:28:06.809  2240  3427 D qms     : |QMS|EventManager::processEvents:168 processing event number: 0, handling 1 for 140
08-01 11:28:06.809  6840  6840 D wpa_supplicant: wlan0: BSS: Remove id 122 BSSID 00:03:7f:12:54:54 SSID 'WKK_2G_494A_B002' due to wpa_bss_flush
08-01 11:28:06.809  2240  3427 D qms     : |QMS|EventManager::processEvents:179 file descriptor '140' is processing events [callback:0x58b4f3bfe8, data:0xb40000713ee3c0c0]
08-01 11:28:06.809  2240  3427 D qms     : |QMS|WpaWrapper::monitorEventsCb:130 WpaWrapper::monitorEventsCb received from wpa: IFNAME=wlan0 <3>CTRL-EVENT-BSS-REMOVED 24 9c:3a:9a:19:6c:86
08-01 11:28:06.809  6840  6840 D wpa_supplicant: wlan0: BSS: Remove id 123 BSSID 04:a1:51:e7:15:c7 SSID 'S_2G' due to wpa_bss_flush
08-01 11:28:06.809  2240  3427 D qms     : |QMS_BASE_MODULE|QmsBaseModule::serviceThread:24 [MutualExModule] processEvents done
08-01 11:28:06.809  2240  3427 D qms     : |QMS|EventManager::processEvents:144 there are 1 file descriptor(s) with events pending
08-01 11:28:06.809  2240  3427 D qms     : |QMS|EventManager::processEvents:168 processing event number: 0, handling 1 for 140
08-01 11:28:06.809  6840  6840 D wpa_supplicant: wlan0: BSS: Remove id 51 BSSID bc:46:99:9d:9a:38 SSID 'tpg' due to wpa_bss_flush
08-01 11:28:06.809  2240  3427 D qms     : |QMS|EventManager::processEvents:179 file descriptor '140' is processing events [callback:0x58b4f3bfe8, data:0xb40000713ee3c0c0]
08-01 11:28:06.809  2240  3427 D qms     : |QMS|WpaWrapper::monitorEventsCb:130 WpaWrapper::monitorEventsCb received from wpa: IFNAME=wlan0 <3>CTRL-EVENT-BSS-REMOVED 135 88:c3:97:c7:d6:64
08-01 11:28:06.809  6840  6840 D wpa_supplicant: wlan0: BSS: Remove id 141 BSSID 54:a0:50:5d:75:38 SSID 'mercury-xx2' due to wpa_bss_flush
08-01 11:28:06.809  2240  3427 D qms     : |QMS_BASE_MODULE|QmsBaseModule::serviceThread:24 [MutualExModule] processEvents done
08-01 11:28:06.809  2240  3427 D qms     : |QMS|EventManager::processEvents:144 there are 1 file descriptor(s) with events pending
08-01 11:28:06.809  6840  6840 D wpa_supplicant: wlan0: BSS: Remove id 146 BSSID 30:86:2d:06:6b:50 SSID 'QGuest' due to wpa_bss_flush
08-01 11:28:06.809  2240  3427 D qms     : |QMS|EventManager::processEvents:168 processing event number: 0, handling 1 for 140
08-01 11:28:06.810  2240  3427 D qms     : |QMS|EventManager::processEvents:179 file descriptor '140' is processing events [callback:0x58b4f3bfe8, data:0xb40000713ee3c0c0]
08-01 11:28:06.810  6840  6840 D wpa_supplicant: wlan0: BSS: Remove id 154 BSSID c4:ca:d9:23:4d:81 SSID '@city' due to wpa_bss_flush
08-01 11:28:06.810  2240  3427 D qms     : |QMS|WpaWrapper::monitorEventsCb:130 WpaWrapper::monitorEventsCb received from wpa: IFNAME=wlan0 <3>CTRL-EVENT-BSS-REMOVED 25 00:18:e7:de:e9:50
08-01 11:28:06.810  2240  3427 D qms     : |QMS_BASE_MODULE|QmsBaseModule::serviceThread:24 [MutualExModule] processEvents done
08-01 11:28:06.810  2240  3427 D qms     : |QMS|EventManager::processEvents:144 there are 1 file descriptor(s) with events pending
08-01 11:28:06.810  2240  3427 D qms     : |QMS|EventManager::processEvents:168 processing event number: 0, handling 1 for 140
08-01 11:28:06.810  6840  6840 D wpa_supplicant: wlan0: BSS: Remove id 52 BSSID c4:ca:d9:23:4d:80 SSID 'ChinaNet' due to wpa_bss_flush
08-01 11:28:06.810  2240  3427 D qms     : |QMS|EventManager::processEvents:179 file descriptor '140' is processing events [callback:0x58b4f3bfe8, data:0xb40000713ee3c0c0]
08-01 11:28:06.810  2240  3427 D qms     : |QMS|WpaWrapper::monitorEventsCb:130 WpaWrapper::monitorEventsCb received from wpa: IFNAME=wlan0 <3>CTRL-EVENT-BSS-REMOVED 26 b4:77:48:dc:60:a0
08-01 11:28:06.810  6840  6840 D wpa_supplicant: wlan0: BSS: Remove id 124 BSSID c4:ca:d9:23:4d:82 SSID '@i-Shangwang' due to wpa_bss_flush
08-01 11:28:06.810  2240  3427 D qms     : |QMS_BASE_MODULE|QmsBaseModule::serviceThread:24 [MutualExModule] processEvents done
08-01 11:28:06.810  2240  3427 D qms     : |QMS|EventManager::processEvents:144 there are 1 file descriptor(s) with events pending
08-01 11:28:06.810  6840  6840 D wpa_supplicant: wlan0: BSS: Remove id 125 BSSID c4:ca:d9:23:4d:85 SSID 'aWiFi' due to wpa_bss_flush
08-01 11:28:06.810  6840  6840 D wpa_supplicant: wlan0: BSS: Remove id 127 BSSID 30:86:2d:17:a7:81 SSID 'QGuest' due to wpa_bss_flush
08-01 11:28:06.810  6840  6840 D wpa_supplicant: wlan0: BSS: Remove id 126 BSSID a8:5b:f7:e1:bb:f2 SSID 'QGuest' due to wpa_bss_flush
08-01 11:28:06.810  2240  3427 D qms     : |QMS|EventManager::processEvents:168 processing event number: 0, handling 1 for 140
08-01 11:28:06.810  6840  6840 D wpa_supplicant: wlan0: BSS: Remove id 153 BSSID 30:86:2d:17:a7:90 SSID 'QGuest' due to wpa_bss_flush
08-01 11:28:06.810  2240  3427 D qms     : |QMS|EventManager::processEvents:179 file descriptor '140' is processing events [callback:0x58b4f3bfe8, data:0xb40000713ee3c0c0]
08-01 11:28:06.810  6840  6840 D wpa_supplicant: wlan0: BSS: Remove id 55 BSSID 30:86:2d:17:ae:41 SSID 'QGuest' due to wpa_bss_flush
08-01 11:28:06.810  2240  3427 D qms     : |QMS|WpaWrapper::monitorEventsCb:130 WpaWrapper::monitorEventsCb received from wpa: IFNAME=wlan0 <3>CTRL-EVENT-BSS-REMOVED 147 62:3a:7c:e2:77:8c
08-01 11:28:06.810  2240  3427 D qms     : |QMS_BASE_MODULE|QmsBaseModule::serviceThread:24 [MutualExModule] processEvents done
08-01 11:28:06.810  6840  6840 D wpa_supplicant: wlan0: BSS: Remove id 166 BSSID 30:86:2d:1b:50:01 SSID 'QGuest' due to wpa_bss_flush
08-01 11:28:06.810  2240  3427 D qms     : |QMS|EventManager::processEvents:144 there are 1 file descriptor(s) with events pending
08-01 11:28:06.810  2240  3427 D qms     : |QMS|EventManager::processEvents:168 processing event number: 0, handling 1 for 140
08-01 11:28:06.810  2240  3427 D qms     : |QMS|EventManager::processEvents:179 file descriptor '140' is processing events [callback:0x58b4f3bfe8, data:0xb40000713ee3c0c0]
08-01 11:28:06.810  6840  6840 D wpa_supplicant: wlan0: BSS: Remove id 155 BSSID 00:03:7f:12:a8:6f SSID 'xpan5' due to wpa_bss_flush
08-01 11:28:06.810  2240  3427 D qms     : |QMS|WpaWrapper::monitorEventsCb:130 WpaWrapper::monitorEventsCb received from wpa: IFNAME=wlan0 <3>CTRL-EVENT-BSS-REMOVED 158 7e:b5:9b:2c:8b:c9
08-01 11:28:06.810  2240  3427 D qms     : |QMS_BASE_MODULE|QmsBaseModule::serviceThread:24 [MutualExModule] processEvents done
08-01 11:28:06.810  6840  6840 D wpa_supplicant: wlan0: BSS: Remove id 54 BSSID e8:9c:25:d8:2c:60 SSID 'PDT_ASUS_5' due to wpa_bss_flush
08-01 11:28:06.810  2240  3427 D qms     : |QMS|EventManager::processEvents:144 there are 1 file descriptor(s) with events pending
08-01 11:28:06.810  2240  3427 D qms     : |QMS|EventManager::processEvents:168 processing event number: 0, handling 1 for 140
08-01 11:28:06.810  6840  6840 D wpa_supplicant: wlan0: BSS: Remove id 156 BSSID c4:04:15:64:45:13 SSID 'QSPR-Netgear-5' due to wpa_bss_flush
08-01 11:28:06.810  2240  3427 D qms     : |QMS|EventManager::processEvents:179 file descriptor '140' is processing events [callback:0x58b4f3bfe8, data:0xb40000713ee3c0c0]
08-01 11:28:06.811  2240  3427 D qms     : |QMS|WpaWrapper::monitorEventsCb:130 WpaWrapper::monitorEventsCb received from wpa: IFNAME=wlan0 <3>CTRL-EVENT-BSS-REMOVED 148 d4:5d:64:9c:42:98
08-01 11:28:06.811  6840  6840 D wpa_supplicant: wlan0: BSS: Remove id 56 BSSID 30:86:2d:1b:3d:81 SSID 'QGuest' due to wpa_bss_flush
08-01 11:28:06.811  2240  3427 D qms     : |QMS_BASE_MODULE|QmsBaseModule::serviceThread:24 [MutualExModule] processEvents done
08-01 11:28:06.811  2240  3427 D qms     : |QMS|EventManager::processEvents:144 there are 1 file descriptor(s) with events pending
08-01 11:28:06.811  2240  3427 D qms     : |QMS|EventManager::processEvents:168 processing event number: 0, handling 1 for 140
08-01 11:28:06.811  6840  6840 D wpa_supplicant: wlan0: Cancelling delayed sched scan
08-01 11:28:06.811  2240  3427 D qms     : |QMS|EventManager::processEvents:179 file descriptor '140' is processing events [callback:0x58b4f3bfe8, data:0xb40000713ee3c0c0]
08-01 11:28:06.811  6840  6840 D wpa_supplicant: wlan0: Cancelling scan request
08-01 11:28:06.811  2240  3427 D qms     : |QMS|WpaWrapper::monitorEventsCb:130 WpaWrapper::monitorEventsCb received from wpa: IFNAME=wlan0 <3>CTRL-EVENT-BSS-REMOVED 82 a8:6e:84:77:22:63
08-01 11:28:06.811  6840  6840 D wpa_supplicant: wlan0: Cancelling authentication timeout
08-01 11:28:06.811  2240  3427 D qms     : |QMS_BASE_MODULE|QmsBaseModule::serviceThread:24 [MutualExModule] processEvents done
08-01 11:28:06.811  6840  6840 D wpa_supplicant: Off-channel: Clear pending Action frame TX (pending_action_tx=0x0
08-01 11:28:06.811  2240  3427 D qms     : |QMS|EventManager::processEvents:144 there are 1 file descriptor(s) with events pending
08-01 11:28:06.811  2240  3427 D qms     : |QMS|EventManager::processEvents:168 processing event number: 0, handling 1 for 140
08-01 11:28:06.811  2240  3427 D qms     : |QMS|EventManager::processEvents:179 file descriptor '140' is processing events [callback:0x58b4f3bfe8, data:0xb40000713ee3c0c0]
08-01 11:28:06.811  2240  3427 D qms     : |QMS|WpaWrapper::monitorEventsCb:130 WpaWrapper::monitorEventsCb received from wpa: IFNAME=wlan0 <3>CTRL-EVENT-BSS-REMOVED 81 b2:6e:84:77:22:63
08-01 11:28:06.811  2240  3427 D qms     : |QMS_BASE_MODULE|QmsBaseModule::serviceThread:24 [MutualExModule] processEvents done
08-01 11:28:06.811  2240  3427 D qms     : |QMS|EventManager::processEvents:144 there are 1 file descriptor(s) with events pending
08-01 11:28:06.811  2240  3427 D qms     : |QMS|EventManager::processEvents:168 processing event number: 0, handling 1 for 140
08-01 11:28:06.811  2240  3427 D qms     : |QMS|EventManager::processEvents:179 file descriptor '140' is processing events [callback:0x58b4f3bfe8, data:0xb40000713ee3c0c0]
08-01 11:28:06.811  2240  3427 D qms     : |QMS|WpaWrapper::monitorEventsCb:130 WpaWrapper::monitorEventsCb received from wpa: IFNAME=wlan0 <3>CTRL-EVENT-BSS-REMOVED 159 ae:6e:84:77:22:63
08-01 11:28:06.811  2240  3427 D qms     : |QMS_BASE_MODULE|QmsBaseModule::serviceThread:24 [MutualExModule] processEvents done
08-01 11:28:06.811  6840  6840 D wpa_supplicant: nl80211: Data frame filter flags=0x0
08-01 11:28:06.811  2240  3427 D qms     : |QMS|EventManager::processEvents:144 there are 1 file descriptor(s) with events pending
08-01 11:28:06.811  2240  3427 D qms     : |QMS|EventManager::processEvents:168 processing event number: 0, handling 1 for 140
08-01 11:28:06.811  2240  3427 D qms     : |QMS|EventManager::processEvents:179 file descriptor '140' is processing events [callback:0x58b4f3bfe8, data:0xb40000713ee3c0c0]
08-01 11:28:06.811  2240  3427 D qms     : |QMS|WpaWrapper::monitorEventsCb:130 WpaWrapper::monitorEventsCb received from wpa: IFNAME=wlan0 <3>CTRL-EVENT-BSS-REMOVED 15 00:03:7f:12:8a:77
08-01 11:28:06.811  2240  3427 D qms     : |QMS_BASE_MODULE|QmsBaseModule::serviceThread:24 [MutualExModule] processEvents done
08-01 11:28:06.811  2240  3427 D qms     : |QMS|EventManager::processEvents:144 there are 1 file descriptor(s) with events pending
08-01 11:28:06.811  2240  3427 D qms     : |QMS|EventManager::processEvents:168 processing event number: 0, handling 1 for 140
08-01 11:28:06.811  2240  3427 D qms     : |QMS|EventManager::processEvents:179 file descriptor '140' is processing events [callback:0x58b4f3bfe8, data:0xb40000713ee3c0c0]
08-01 11:28:06.811  2240  3427 D qms     : |QMS|WpaWrapper::monitorEventsCb:130 WpaWrapper::monitorEventsCb received from wpa: IFNAME=wlan0 <3>CTRL-EVENT-BSS-REMOVED 16 a8:5e:45:ed:0a:34
08-01 11:28:06.811  2240  3427 D qms     : |QMS_BASE_MODULE|QmsBaseModule::serviceThread:24 [MutualExModule] processEvents done
08-01 11:28:06.811  2240  3427 D qms     : |QMS|EventManager::processEvents:144 there are 1 file descriptor(s) with events pending
08-01 11:28:06.811  6840  6840 D wpa_supplicant: HS20: Delete all stored icons
08-01 11:28:06.811  2240  3427 D qms     : |QMS|EventManager::processEvents:168 processing event number: 0, handling 1 for 140
08-01 11:28:06.812  2240  3427 D qms     : |QMS|EventManager::processEvents:179 file descriptor '140' is processing events [callback:0x58b4f3bfe8, data:0xb40000713ee3c0c0]
08-01 11:28:06.812  2240  3427 D qms     : |QMS|WpaWrapper::monitorEventsCb:130 WpaWrapper::monitorEventsCb received from wpa: IFNAME=wlan0 <3>CTRL-EVENT-BSS-REMOVED 39 82:19:65:40:da:9b
08-01 11:28:06.812  6840  6840 D wpa_supplicant: Off-channel: Action frame sequence done notification: pending_action_tx=0x0 drv_offchan_tx=1 action_tx_wait_time=0 off_channel_freq=0 roc_waiting_drv_freq=0
08-01 11:28:06.812  2240  3427 D qms     : |QMS_BASE_MODULE|QmsBaseModule::serviceThread:24 [MutualExModule] processEvents done
08-01 11:28:06.812  2240  3427 D qms     : |QMS|EventManager::processEvents:144 there are 1 file descriptor(s) with events pending
08-01 11:28:06.812  2240  3427 D qms     : |QMS|EventManager::processEvents:168 processing event number: 0, handling 1 for 140
08-01 11:28:06.812  2240  3427 D qms     : |QMS|EventManager::processEvents:179 file descriptor '140' is processing events [callback:0x58b4f3bfe8, data:0xb40000713ee3c0c0]
08-01 11:28:06.812  2240  3427 D qms     : |QMS|WpaWrapper::monitorEventsCb:130 WpaWrapper::monitorEventsCb received from wpa: IFNAME=wlan0 <3>CTRL-EVENT-BSS-REMOVED 86 d4:5d:64:9c:42:9c
08-01 11:28:06.812  2240  3427 D qms     : |QMS_BASE_MODULE|QmsBaseModule::serviceThread:24 [MutualExModule] processEvents done
08-01 11:28:06.812  2240  3427 D qms     : |QMS|EventManager::processEvents:144 there are 1 file descriptor(s) with events pending
08-01 11:28:06.812  2240  3427 D qms     : |QMS|EventManager::processEvents:168 processing event number: 0, handling 1 for 140
08-01 11:28:06.812  2240  3427 D qms     : |QMS|EventManager::processEvents:179 file descriptor '140' is processing events [callback:0x58b4f3bfe8, data:0xb40000713ee3c0c0]
08-01 11:28:06.812  2240  3427 D qms     : |QMS|WpaWrapper::monitorEventsCb:130 WpaWrapper::monitorEventsCb received from wpa: IFNAME=wlan0 <3>CTRL-EVENT-BSS-REMOVED 96 08:36:c9:12:c9:d8
08-01 11:28:06.812  2240  3427 D qms     : |QMS_BASE_MODULE|QmsBaseModule::serviceThread:24 [MutualExModule] processEvents done
08-01 11:28:06.812  2240  3427 D qms     : |QMS|EventManager::processEvents:144 there are 1 file descriptor(s) with events pending
08-01 11:28:06.812  2240  3427 D qms     : |QMS|EventManager::processEvents:168 processing event number: 0, handling 1 for 140
08-01 11:28:06.812  6840  6840 D wpa_supplicant: QM: Clear all active DSCP policies
08-01 11:28:06.812  2240  3427 D qms     : |QMS|EventManager::processEvents:179 file descriptor '140' is processing events [callback:0x58b4f3bfe8, data:0xb40000713ee3c0c0]
08-01 11:28:06.812  6840  6840 I wpa_supplicant: wlan0: CTRL-EVENT-DSCP-POLICY clear_all
08-01 11:28:06.812  2240  3427 D qms     : |QMS|WpaWrapper::monitorEventsCb:130 WpaWrapper::monitorEventsCb received from wpa: IFNAME=wlan0 <3>CTRL-EVENT-BSS-REMOVED 97 30:86:2d:17:a7:82
08-01 11:28:06.812  2240  3427 D qms     : |QMS_BASE_MODULE|QmsBaseModule::serviceThread:24 [MutualExModule] processEvents done
08-01 11:28:06.812  6840  6840 D wpa_supplicant: Remove interface wlan0 from radio phy0
08-01 11:28:06.812  2240  3427 D qms     : |QMS|EventManager::processEvents:144 there are 1 file descriptor(s) with events pending
08-01 11:28:06.812  6840  6840 D wpa_supplicant: Remove radio phy0
08-01 11:28:06.812  2240  3427 D qms     : |QMS|EventManager::processEvents:168 processing event number: 0, handling 1 for 140
08-01 11:28:06.812  6840  6840 I wpa_supplicant: nl80211: deinit ifname=wlan0 disabled_11b_rates=0
08-01 11:28:06.812  2240  3427 D qms     : |QMS|EventManager::processEvents:179 file descriptor '140' is processing events [callback:0x58b4f3bfe8, data:0xb40000713ee3c0c0]
08-01 11:28:06.812  2240  3427 D qms     : |QMS|WpaWrapper::monitorEventsCb:130 WpaWrapper::monitorEventsCb received from wpa: IFNAME=wlan0 <3>CTRL-EVENT-BSS-REMOVED 92 30:86:2d:17:a7:80
08-01 11:28:06.812  2240  3427 D qms     : |QMS_BASE_MODULE|QmsBaseModule::serviceThread:24 [MutualExModule] processEvents done
08-01 11:28:06.812  2240  3427 D qms     : |QMS|EventManager::processEvents:144 there are 1 file descriptor(s) with events pending
08-01 11:28:06.812  2240  3427 D qms     : |QMS|EventManager::processEvents:168 processing event number: 0, handling 1 for 140
08-01 11:28:06.812  2240  3427 D qms     : |QMS|EventManager::processEvents:179 file descriptor '140' is processing events [callback:0x58b4f3bfe8, data:0xb40000713ee3c0c0]
08-01 11:28:06.812  2240  3427 D qms     : |QMS|WpaWrapper::monitorEventsCb:130 WpaWrapper::monitorEventsCb received from wpa: IFNAME=wlan0 <3>CTRL-EVENT-BSS-REMOVED 113 ae:6e:84:77:22:6f
08-01 11:28:06.812  2240  3427 D qms     : |QMS_BASE_MODULE|QmsBaseModule::serviceThread:24 [MutualExModule] processEvents done
08-01 11:28:06.812  2240  3427 D qms     : |QMS|EventManager::processEvents:144 there are 1 file descriptor(s) with events pending
08-01 11:28:06.813  2240  3427 D qms     : |QMS|EventManager::processEvents:168 processing event number: 0, handling 1 for 140
08-01 11:28:06.813  2240  3427 D qms     : |QMS|EventManager::processEvents:179 file descriptor '140' is processing events [callback:0x58b4f3bfe8, data:0xb40000713ee3c0c0]
08-01 11:28:06.813  2240  3427 D qms     : |QMS|WpaWrapper::monitorEventsCb:130 WpaWrapper::monitorEventsCb received from wpa: IFNAME=wlan0 <3>CTRL-EVENT-BSS-REMOVED 35 10:3c:59:96:18:06
08-01 11:28:06.813  6840  6840 D wpa_supplicant: nl80211: Remove monitor interface: refcount=0
08-01 11:28:06.813  6840  6840 D wpa_supplicant: netlink: Operstate: ifindex=16 linkmode=0 (kernel-control), operstate=6 (IF_OPER_UP)
08-01 11:28:06.813  2240  3427 D qms     : |QMS_BASE_MODULE|QmsBaseModule::serviceThread:24 [MutualExModule] processEvents done
08-01 11:28:06.813  2240  3427 D qms     : |QMS|EventManager::processEvents:144 there are 1 file descriptor(s) with events pending
08-01 11:28:06.813  2240  3427 D qms     : |QMS|EventManager::processEvents:168 processing event number: 0, handling 1 for 140
08-01 11:28:06.813  2240  3427 D qms     : |QMS|EventManager::processEvents:179 file descriptor '140' is processing events [callback:0x58b4f3bfe8, data:0xb40000713ee3c0c0]
08-01 11:28:06.813  2240  3427 D qms     : |QMS|WpaWrapper::monitorEventsCb:130 WpaWrapper::monitorEventsCb received from wpa: IFNAME=wlan0 <3>CTRL-EVENT-BSS-REMOVED 18 7e:b5:9b:5c:8b:c9
08-01 11:28:06.813  2240  3427 D qms     : |QMS_BASE_MODULE|QmsBaseModule::serviceThread:24 [MutualExModule] processEvents done
08-01 11:28:06.813  2240  3427 D qms     : |QMS|EventManager::processEvents:144 there are 1 file descriptor(s) with events pending
08-01 11:28:06.813  2240  3427 D qms     : |QMS|EventManager::processEvents:168 processing event number: 0, handling 1 for 140
08-01 11:28:06.813  2240  3427 D qms     : |QMS|EventManager::processEvents:179 file descriptor '140' is processing events [callback:0x58b4f3bfe8, data:0xb40000713ee3c0c0]
08-01 11:28:06.813  2240  3427 D qms     : |QMS|WpaWrapper::monitorEventsCb:130 WpaWrapper::monitorEventsCb received from wpa: IFNAME=wlan0 <3>CTRL-EVENT-BSS-REMOVED 17 7c:b5:9b:3c:8b:cb
08-01 11:28:06.813  2240  3427 D qms     : |QMS_BASE_MODULE|QmsBaseModule::serviceThread:24 [MutualExModule] processEvents done
08-01 11:28:06.813  2240  3427 D qms     : |QMS|EventManager::processEvents:144 there are 1 file descriptor(s) with events pending
08-01 11:28:06.813  2240  3427 D qms     : |QMS|EventManager::processEvents:168 processing event number: 0, handling 1 for 140
08-01 11:28:06.813  2240  3427 D qms     : |QMS|EventManager::processEvents:179 file descriptor '140' is processing events [callback:0x58b4f3bfe8, data:0xb40000713ee3c0c0]
08-01 11:28:06.813  2240  3427 D qms     : |QMS|WpaWrapper::monitorEventsCb:130 WpaWrapper::monitorEventsCb received from wpa: IFNAME=wlan0 <3>CTRL-EVENT-BSS-REMOVED 88 a8:5b:f7:e1:bb:f3
08-01 11:28:06.814  2240  3427 D qms     : |QMS_BASE_MODULE|QmsBaseModule::serviceThread:24 [MutualExModule] processEvents done
08-01 11:28:06.814  2240  3427 D qms     : |QMS|EventManager::processEvents:144 there are 1 file descriptor(s) with events pending
08-01 11:28:06.814  2240  3427 D qms     : |QMS|EventManager::processEvents:168 processing event number: 0, handling 1 for 140
08-01 11:28:06.814  2240  3427 D qms     : |QMS|EventManager::processEvents:179 file descriptor '140' is processing events [callback:0x58b4f3bfe8, data:0xb40000713ee3c0c0]
08-01 11:28:06.814  2240  3427 D qms     : |QMS|WpaWrapper::monitorEventsCb:130 WpaWrapper::monitorEventsCb received from wpa: IFNAME=wlan0 <3>CTRL-EVENT-BSS-REMOVED 90 a8:5b:f7:e1:bb:f0
08-01 11:28:06.814  2240  3427 D qms     : |QMS_BASE_MODULE|QmsBaseModule::serviceThread:24 [MutualExModule] processEvents done
08-01 11:28:06.814  2240  3427 D qms     : |QMS|EventManager::processEvents:144 there are 1 file descriptor(s) with events pending
08-01 11:28:06.814  2240  3427 D qms     : |QMS|EventManager::processEvents:168 processing event number: 0, handling 1 for 140
08-01 11:28:06.814  2240  3427 D qms     : |QMS|EventManager::processEvents:179 file descriptor '140' is processing events [callback:0x58b4f3bfe8, data:0xb40000713ee3c0c0]
08-01 11:28:06.814  2240  3427 D qms     : |QMS|WpaWrapper::monitorEventsCb:130 WpaWrapper::monitorEventsCb received from wpa: IFNAME=wlan0 <3>CTRL-EVENT-BSS-REMOVED 19 9c:3a:9a:91:6c:86
08-01 11:28:06.814  2240  3427 D qms     : |QMS_BASE_MODULE|QmsBaseModule::serviceThread:24 [MutualExModule] processEvents done
08-01 11:28:06.814  2240  3427 D qms     : |QMS|EventManager::processEvents:144 there are 1 file descriptor(s) with events pending
08-01 11:28:06.814  2240  3427 D qms     : |QMS|EventManager::processEvents:168 processing event number: 0, handling 1 for 140
08-01 11:28:06.814  2240  3426 D qms     : |QMS|EventManager::processEvents:144 there are 1 file descriptor(s) with events pending
08-01 11:28:06.814  2652  2705 D LOWI-9.0.1.118: [LOWINetlinkSocketReceiver] unpackRTMLinkMessage: RTM_NEWLINK - ifname wlan0, flags 0x1003 ([UP])
08-01 11:28:06.814  2652  2705 D LOWI-9.0.1.118: [LOWINetlinkSocketReceiver] processNetlinkPacket: ifname(wlan0) status(1)
08-01 11:28:06.814  2240  3427 D qms     : |QMS|EventManager::processEvents:179 file descriptor '140' is processing events [callback:0x58b4f3bfe8, data:0xb40000713ee3c0c0]
08-01 11:28:06.814  2652  2705 D LOWI-9.0.1.118: [LOWIController] intfStateReceived: ifname(wlan0) state(1)
08-01 11:28:06.814  2240  3427 D qms     : |QMS|WpaWrapper::monitorEventsCb:130 WpaWrapper::monitorEventsCb received from wpa: IFNAME=wlan0 <3>CTRL-EVENT-BSS-REMOVED 29 9c:3a:9a:89:6c:86
08-01 11:28:06.815  2240  3427 D qms     : |QMS_BASE_MODULE|QmsBaseModule::serviceThread:24 [MutualExModule] processEvents done
08-01 11:28:06.815  2240  3427 D qms     : |QMS|EventManager::processEvents:144 there are 1 file descriptor(s) with events pending
08-01 11:28:06.815  2240  3427 D qms     : |QMS|EventManager::processEvents:168 processing event number: 0, handling 1 for 140
08-01 11:28:06.815  2240  3427 D qms     : |QMS|EventManager::processEvents:179 file descriptor '140' is processing events [callback:0x58b4f3bfe8, data:0xb40000713ee3c0c0]
08-01 11:28:06.815  2652  2715 D LOWI-9.0.1.118: [LOWIEventReceiver] handleEvent:FROM:NA, TO:NA, REQ:NA, IREQ:NA, REQ_ID:0, RESP:NA, INFO:INTF-STATUS-UPDATE
08-01 11:28:06.815  2240  3427 D qms     : |QMS|WpaWrapper::monitorEventsCb:130 WpaWrapper::monitorEventsCb received from wpa: IFNAME=wlan0 <3>CTRL-EVENT-BSS-REMOVED 89 a8:5b:f7:e1:bb:f4
08-01 11:28:06.815  2652  2715 D LOWI-9.0.1.118: [LOWIEventReceiver] Info to [INTF-STATUS-UPDATE]
08-01 11:28:06.815  2240  3427 D qms     : |QMS_BASE_MODULE|QmsBaseModule::serviceThread:24 [MutualExModule] processEvents done
08-01 11:28:06.815  2652  2713 D wlc     : Interface change event received
08-01 11:28:06.815  2240  3427 D qms     : |QMS|EventManager::processEvents:144 there are 1 file descriptor(s) with events pending
08-01 11:28:06.815  2652  2715 D LOWI-9.0.1.118: [LOWIController] updateIntfState: WIFI enabled 1 mNlWifiStatus 1 mWifiStateEnabled 1
08-01 11:28:06.815  2240  3427 D qms     : |QMS|EventManager::processEvents:168 processing event number: 0, handling 1 for 140
08-01 11:28:06.815  2652  2715 D LOWI-9.0.1.118: [LOWIController] isWifiEnabled: mNlWifiStatus 1 mWifiStateEnabled 1
08-01 11:28:06.815  2240  3427 D qms     : |QMS|EventManager::processEvents:179 file descriptor '140' is processing events [callback:0x58b4f3bfe8, data:0xb40000713ee3c0c0]
08-01 11:28:06.815  2240  3427 D qms     : |QMS|WpaWrapper::monitorEventsCb:130 WpaWrapper::monitorEventsCb received from wpa: IFNAME=wlan0 <3>CTRL-EVENT-BSS-REMOVED 111 b2:6e:84:77:22:6f
08-01 11:28:06.815  2240  3427 D qms     : |QMS_BASE_MODULE|QmsBaseModule::serviceThread:24 [MutualExModule] processEvents done
08-01 11:28:06.815  2240  3427 D qms     : |QMS|EventManager::processEvents:144 there are 1 file descriptor(s) with events pending
08-01 11:28:06.815  2240  3427 D qms     : |QMS|EventManager::processEvents:168 processing event number: 0, handling 1 for 140
08-01 11:28:06.815  2240  3427 D qms     : |QMS|EventManager::processEvents:179 file descriptor '140' is processing events [callback:0x58b4f3bfe8, data:0xb40000713ee3c0c0]
08-01 11:28:06.815  2240  3427 D qms     : |QMS|WpaWrapper::monitorEventsCb:130 WpaWrapper::monitorEventsCb received from wpa: IFNAME=wlan0 <3>CTRL-EVENT-BSS-REMOVED 110 a8:6e:84:77:22:6f
08-01 11:28:06.815  2240  3427 D qms     : |QMS_BASE_MODULE|QmsBaseModule::serviceThread:24 [MutualExModule] processEvents done
08-01 11:28:06.815  2240  3427 D qms     : |QMS|EventManager::processEvents:144 there are 1 file descriptor(s) with events pending
08-01 11:28:06.815  2240  3427 D qms     : |QMS|EventManager::processEvents:168 processing event number: 0, handling 1 for 140
08-01 11:28:06.815  2240  3427 D qms     : |QMS|EventManager::processEvents:179 file descriptor '140' is processing events [callback:0x58b4f3bfe8, data:0xb40000713ee3c0c0]
08-01 11:28:06.815  2446  2446 D wifi_qos_daemon: Interface change event received
08-01 11:28:06.815  2240  3427 D qms     : |QMS|WpaWrapper::monitorEventsCb:130 WpaWrapper::monitorEventsCb received from wpa: IFNAME=wlan0 <3>CTRL-EVENT-BSS-REMOVED 94 e8:9c:25:d8:2f:1c
08-01 11:28:06.815  2446  2446 I wifi_qos_daemon: RTM_NEWLINK Event Received for wlan0
08-01 11:28:06.815  2240  3427 D qms     : |QMS_BASE_MODULE|QmsBaseModule::serviceThread:24 [MutualExModule] processEvents done
08-01 11:28:06.815  2446  2446 D wifi_qos_daemon: stc_send_async_flow_stats_cmd: cmd send
08-01 11:28:06.815  2240  3427 D qms     : |QMS|EventManager::processEvents:144 there are 1 file descriptor(s) with events pending
08-01 11:28:06.815  6840  6840 D wpa_supplicant: nl80211: Set mode ifindex 16 iftype 2 (STATION)
08-01 11:28:06.815  2240  3427 D qms     : |QMS|EventManager::processEvents:168 processing event number: 0, handling 1 for 140
08-01 11:28:06.815  2240  3427 D qms     : |QMS|EventManager::processEvents:179 file descriptor '140' is processing events [callback:0x58b4f3bfe8, data:0xb40000713ee3c0c0]
08-01 11:28:06.815  6840  6840 D wpa_supplicant: nl80211: Unsubscribe mgmt frames handle 0x3c8888f149442739 (mode change)
08-01 11:28:06.815  2240  3427 D qms     : |QMS|WpaWrapper::monitorEventsCb:130 WpaWrapper::monitorEventsCb received from wpa: IFNAME=wlan0 <3>CTRL-EVENT-BSS-REMOVED 137 00:03:7f:12:cc:cc
08-01 11:28:06.815  2240  3427 D qms     : |QMS_BASE_MODULE|QmsBaseModule::serviceThread:24 [MutualExModule] processEvents done
08-01 11:28:06.815  2240  3427 D qms     : |QMS|EventManager::processEvents:144 there are 1 file descriptor(s) with events pending
08-01 11:28:06.815  2240  3427 D qms     : |QMS|EventManager::processEvents:168 processing event number: 0, handling 1 for 140
08-01 11:28:06.816  2240  3427 D qms     : |QMS|EventManager::processEvents:179 file descriptor '140' is processing events [callback:0x58b4f3bfe8, data:0xb40000713ee3c0c0]
08-01 11:28:06.816  2240  3427 D qms     : |QMS|WpaWrapper::monitorEventsCb:130 WpaWrapper::monitorEventsCb received from wpa: IFNAME=wlan0 <3>CTRL-EVENT-BSS-REMOVED 95 ca:9c:25:d8:2f:1e
08-01 11:28:06.816  6840  6840 D wpa_supplicant: Deregistering interface from aidl control: wlan0
08-01 11:28:06.816  2240  3427 D qms     : |QMS_BASE_MODULE|QmsBaseModule::serviceThread:24 [MutualExModule] processEvents done
08-01 11:28:06.816  6840  6840 I BpBinder: onLastStrongRef automatically unlinking death recipients: android.hardware.wifi.supplicant.ISupplicantStaIfaceCallback
08-01 11:28:06.816  2240  3427 D qms     : |QMS|EventManager::processEvents:144 there are 1 file descriptor(s) with events pending
08-01 11:28:06.816  6840  6840 D wpa_supplicant: Deregistering interface from vendor aidl control: wlan0
08-01 11:28:06.816  2240  3427 D qms     : |QMS|EventManager::processEvents:168 processing event number: 0, handling 1 for 140
08-01 11:28:06.816  2240  3427 D qms     : |QMS|EventManager::processEvents:179 file descriptor '140' is processing events [callback:0x58b4f3bfe8, data:0xb40000713ee3c0c0]
08-01 11:28:06.816  2240  3427 D qms     : |QMS|WpaWrapper::monitorEventsCb:130 WpaWrapper::monitorEventsCb received from wpa: IFNAME=wlan0 <3>CTRL-EVENT-BSS-REMOVED 93 ca:9c:25:d8:2f:1d
08-01 11:28:06.816  2240  3427 D qms     : |QMS_BASE_MODULE|QmsBaseModule::serviceThread:24 [MutualExModule] processEvents done
08-01 11:28:06.816  2240  3426 D qms     : |QMS|EventManager::processEvents:168 processing event number: 0, handling 1 for 43
08-01 11:28:06.816  6840  6840 D wpa_supplicant: Control interface directory not empty - leaving it behind
08-01 11:28:06.816  2240  3426 D qms     : |QMS|EventManager::processEvents:179 file descriptor '43' is processing events [callback:0x58b4f3bf68, data:0xb40000729ee3f790]
08-01 11:28:06.816  2240  3426 V qms     : |QMS|NetlinkWrapper::readRtmEvents:1609 Received readRtmEvents for fd : 43
08-01 11:28:06.816  2240  3427 D qms     : |QMS|EventManager::processEvents:144 there are 1 file descriptor(s) with events pending
08-01 11:28:06.816  2240  3427 D qms     : |QMS|EventManager::processEvents:168 processing event number: 0, handling 1 for 140
08-01 11:28:06.816  6840  6840 D wpa_supplicant: RTM_NEWLINK: ifi_index=16 ifname=wlan0 operstate=2 linkmode=0 ifi_family=0 ifi_flags=0x1003 ([UP])
08-01 11:28:06.816  2240  3427 D qms     : |QMS|EventManager::processEvents:179 file descriptor '140' is processing events [callback:0x58b4f3bfe8, data:0xb40000713ee3c0c0]
08-01 11:28:06.816  2240  3427 D qms     : |QMS|WpaWrapper::monitorEventsCb:130 WpaWrapper::monitorEventsCb received from wpa: IFNAME=wlan0 <3>CTRL-EVENT-BSS-REMOVED 160 ae:6e:84:77:20:71
08-01 11:28:06.816  2240  3427 D qms     : |QMS_BASE_MODULE|QmsBaseModule::serviceThread:24 [MutualExModule] processEvents done
08-01 11:28:06.816  2240  3427 D qms     : |QMS|EventManager::processEvents:144 there are 1 file descriptor(s) with events pending
08-01 11:28:06.817  2240  3427 D qms     : |QMS|EventManager::processEvents:168 processing event number: 0, handling 1 for 140
08-01 11:28:06.817  2240  3427 D qms     : |QMS|EventManager::processEvents:179 file descriptor '140' is processing events [callback:0x58b4f3bfe8, data:0xb40000713ee3c0c0]
08-01 11:28:06.817  2240  3427 D qms     : |QMS|WpaWrapper::monitorEventsCb:130 WpaWrapper::monitorEventsCb received from wpa: IFNAME=wlan0 <3>CTRL-EVENT-BSS-REMOVED 112 b2:6e:84:77:20:71
08-01 11:28:06.817  2240  3426 V qms     : |QMS|NetlinkWrapper::readRtmEvents:1623 readRtmEvents bytes received is 1484
08-01 11:28:06.817  2240  3426 V qms     : |QMS|NetlinkWrapper::readRtmMessage:1666 readRtmMessage Event 16
08-01 11:28:06.817  2240  3426 I qms     : |QMS|NetlinkWrapper::readRtmMessage:1695 readRtmMessage: RTM_NEWLINK ifaceName[wlan0], UP[1]
08-01 11:28:06.817  2240  3426 D qms     : |QMS|QmsEventHandler::postEvent:84 QmsEventHandler postEvent start for fd[36]
08-01 11:28:06.817  2200  2200 I wificond: Unsubscribe scan result for interface with index: 16
08-01 11:28:06.817  2240  3426 D qms     : |QMS|QmsEventHandler::postEvent:86 Wakelock evt start 0xb40000729ee3f458 0xb4000070fee348e8
08-01 11:28:06.817  2240  3426 D qms     : |QMS|WakelockWrapper::acquireWakelock:83 QmsServices acquireWakelock 0xb40000727ee3a4a8
08-01 11:28:06.818  2240  3427 D qms     : |QMS_BASE_MODULE|QmsBaseModule::serviceThread:24 [MutualExModule] processEvents done
08-01 11:28:06.818  2240  3427 D qms     : |QMS|EventManager::processEvents:144 there are 1 file descriptor(s) with events pending
08-01 11:28:06.818  2240  3427 D qms     : |QMS|EventManager::processEvents:168 processing event number: 0, handling 1 for 140
08-01 11:28:06.818  2240  3427 D qms     : |QMS|EventManager::processEvents:179 file descriptor '140' is processing events [callback:0x58b4f3bfe8, data:0xb40000713ee3c0c0]
08-01 11:28:06.818  2240  3427 D qms     : |QMS|WpaWrapper::monitorEventsCb:130 WpaWrapper::monitorEventsCb received from wpa: IFNAME=wlan0 <3>CTRL-EVENT-BSS-REMOVED 109 a8:6e:84:77:20:71
08-01 11:28:06.818  2240  3427 D qms     : |QMS_BASE_MODULE|QmsBaseModule::serviceThread:24 [MutualExModule] processEvents done
08-01 11:28:06.818  2240  3427 D qms     : |QMS|EventManager::processEvents:144 there are 1 file descriptor(s) with events pending
08-01 11:28:06.818  2240  3427 D qms     : |QMS|EventManager::processEvents:168 processing event number: 0, handling 1 for 140
08-01 11:28:06.818  2240  3427 D qms     : |QMS|EventManager::processEvents:179 file descriptor '140' is processing events [callback:0x58b4f3bfe8, data:0xb40000713ee3c0c0]
08-01 11:28:06.818  2240  3427 D qms     : |QMS|WpaWrapper::monitorEventsCb:130 WpaWrapper::monitorEventsCb received from wpa: IFNAME=wlan0 <3>CTRL-EVENT-BSS-REMOVED 106 a8:0c:ca:88:7c:17
08-01 11:28:06.818  2240  3427 D qms     : |QMS_BASE_MODULE|QmsBaseModule::serviceThread:24 [MutualExModule] processEvents done
08-01 11:28:06.818  2240  3427 D qms     : |QMS|EventManager::processEvents:144 there are 1 file descriptor(s) with events pending
08-01 11:28:06.818  2240  3427 D qms     : |QMS|EventManager::processEvents:168 processing event number: 0, handling 1 for 140
08-01 11:28:06.818  2240  3427 D qms     : |QMS|EventManager::processEvents:179 file descriptor '140' is processing events [callback:0x58b4f3bfe8, data:0xb40000713ee3c0c0]
08-01 11:28:06.818  2240  3427 D qms     : |QMS|WpaWrapper::monitorEventsCb:130 WpaWrapper::monitorEventsCb received from wpa: IFNAME=wlan0 <3>CTRL-EVENT-BSS-REMOVED 138 a8:0c:ca:90:7c:17
08-01 11:28:06.818  2240  3427 D qms     : |QMS_BASE_MODULE|QmsBaseModule::serviceThread:24 [MutualExModule] processEvents done
08-01 11:28:06.818  2240  3427 D qms     : |QMS|EventManager::processEvents:144 there are 1 file descriptor(s) with events pending
08-01 11:28:06.818  2240  3427 D qms     : |QMS|EventManager::processEvents:168 processing event number: 0, handling 1 for 140
08-01 11:28:06.818  2240  3427 D qms     : |QMS|EventManager::processEvents:179 file descriptor '140' is processing events [callback:0x58b4f3bfe8, data:0xb40000713ee3c0c0]
08-01 11:28:06.818  2240  3427 D qms     : |QMS|WpaWrapper::monitorEventsCb:130 WpaWrapper::monitorEventsCb received from wpa: IFNAME=wlan0 <3>CTRL-EVENT-BSS-REMOVED 107 a8:0c:ca:98:7c:17
08-01 11:28:06.818  2240  3427 D qms     : |QMS_BASE_MODULE|QmsBaseModule::serviceThread:24 [MutualExModule] processEvents done
08-01 11:28:06.818  2240  3427 D qms     : |QMS|EventManager::processEvents:144 there are 1 file descriptor(s) with events pending
08-01 11:28:06.818  2240  3427 D qms     : |QMS|EventManager::processEvents:168 processing event number: 0, handling 1 for 140
08-01 11:28:06.818  2240  3427 D qms     : |QMS|EventManager::processEvents:179 file descriptor '140' is processing events [callback:0x58b4f3bfe8, data:0xb40000713ee3c0c0]
08-01 11:28:06.818  2240  3427 D qms     : |QMS|WpaWrapper::monitorEventsCb:130 WpaWrapper::monitorEventsCb received from wpa: IFNAME=wlan0 <3>CTRL-EVENT-BSS-REMOVED 28 9c:3a:9a:99:6c:86
08-01 11:28:06.818  2240  3427 D qms     : |QMS_BASE_MODULE|QmsBaseModule::serviceThread:24 [MutualExModule] processEvents done
08-01 11:28:06.818  2240  3427 D qms     : |QMS|EventManager::processEvents:144 there are 2 file descriptor(s) with events pending
08-01 11:28:06.819  2240  3427 D qms     : |QMS|EventManager::processEvents:168 processing event number: 0, handling 1 for 140
08-01 11:28:06.819  2240  3427 D qms     : |QMS|EventManager::processEvents:179 file descriptor '140' is processing events [callback:0x58b4f3bfe8, data:0xb40000713ee3c0c0]
08-01 11:28:06.819  2240  3427 D qms     : |QMS|WpaWrapper::monitorEventsCb:130 WpaWrapper::monitorEventsCb received from wpa: IFNAME=wlan0 <3>CTRL-EVENT-BSS-REMOVED 20 9c:3a:9a:81:6c:86
08-01 11:28:06.819  2240  3427 D qms     : |QMS|EventManager::processEvents:144 there are 1 file descriptor(s) with events pending
08-01 11:28:06.819  2159  2159 I CNSS    : /sys/wifi/dump_in_progress doesn't exist
08-01 11:28:06.819  2240  3427 D qms     : |QMS|EventManager::processEvents:168 processing event number: 1, handling 1 for 36
08-01 11:28:06.819  2240  3427 D qms     : |QMS|EventManager::processEvents:179 file descriptor '36' is processing events [callback:0x58b4f3bfe0, data:0xb40000729ee3f458]
08-01 11:28:06.819  2240  3427 D qms     : |QMS|QmsEventHandler::cb:103 QmsEventHandler cb start
08-01 11:28:06.819  2159  2159 I CNSS    : /sys/wifi/max_chipset_log_size doesn't exist
08-01 11:28:06.819  2240  3426 D qms     : |QMS|QmsEventHandler::postEvent:84 QmsEventHandler postEvent start for fd[112]
08-01 11:28:06.819  2240  3426 D qms     : |QMS|QmsEventHandler::postEvent:86 Wakelock evt start 0xb4000071dee3ca68 0xb4000070fee34648
08-01 11:28:06.819  2240  3426 D qms     : |QMS|WakelockWrapper::acquireWakelock:83 QmsServices acquireWakelock 0xb40000727ee3a4a8
08-01 11:28:06.819  2240  3426 V qms     : |QMS|NetlinkWrapper::readRtmMessage:1716 readRtmMessage: RTM_NEWLINK iface idx 4[0]
08-01 11:28:06.820  2240  3426 I qms     : |QMS|NetlinkWrapper::readRtmMessage:1719 readRtmMessage: RTM_NEWLINK wlan[1]
08-01 11:28:06.820  2240  3426 I qms     : |QMS|NetlinkWrapper::readRtmMessage:1724 readRtmMessage: RTM_NEWLINK currIfaceName[wlan0]
08-01 11:28:06.820  2240  3426 I qms     : |QMS|NetlinkWrapper::readRtmMessage:1757 readRtmMessage: finalized_iface_name[wlan0], 1
08-01 11:28:06.820  2240  3426 D qms     : |QMS_BASE_MODULE|QmsBaseModule::serviceThread:24 [NetlinkModule] processEvents done
08-01 11:28:06.820  2240  3427 D qms     : |WIFI_MANAGER|WifiMgr::checkAndInitWpa:348 WifiMgr Iface is not belongs to wpa
08-01 11:28:06.820  2240  3427 D qms     : |WIFI_MANAGER|WifiMgr::checkAndInitHostapd:424 WifiMgr Iface is not belongs to hostapd
08-01 11:28:06.820  2240  3427 D qms     : |QMS|WakelockWrapper::releaseWakelock:99 QmsServices releaseWakelock[1], 0xb40000727ee3a4a8
08-01 11:28:06.820  2240  3427 D qms     : |QMS|QmsEventHandler::cb:124 Wakelock evt end 0xb40000729ee3f458 0xb4000070fee348e8
08-01 11:28:06.821  2240  3427 D qms     : |QMS|QmsEventHandler::cb:126 QmsEventHandler cb end
08-01 11:28:06.821  2240  3427 D qms     : |QMS_BASE_MODULE|QmsBaseModule::serviceThread:24 [MutualExModule] processEvents done
08-01 11:28:06.821  2240  3427 D qms     : |QMS|EventManager::processEvents:144 there are 2 file descriptor(s) with events pending
08-01 11:28:06.821  2240  3427 D qms     : |QMS|EventManager::processEvents:168 processing event number: 0, handling 1 for 140
08-01 11:28:06.821  2240  3427 D qms     : |QMS|EventManager::processEvents:179 file descriptor '140' is processing events [callback:0x58b4f3bfe8, data:0xb40000713ee3c0c0]
08-01 11:28:06.821  2240  3427 D qms     : |QMS|WpaWrapper::monitorEventsCb:130 WpaWrapper::monitorEventsCb received from wpa: IFNAME=wlan0 <3>CTRL-EVENT-BSS-REMOVED 87 a8:5b:f7:e1:bb:f1
08-01 11:28:06.821  2240  3427 D qms     : |QMS|EventManager::processEvents:144 there are 1 file descriptor(s) with events pending
08-01 11:28:06.821  2240  3427 D qms     : |QMS|EventManager::processEvents:168 processing event number: 1, handling 1 for 112
08-01 11:28:06.821  2240  3427 D qms     : |QMS|EventManager::processEvents:179 file descriptor '112' is processing events [callback:0x58b4f3bfc0, data:0xb4000071dee3ca68]
08-01 11:28:06.821  2240  3427 D qms     : |QMS|QmsEventHandler::cb:103 QmsEventHandler cb start
08-01 11:28:06.821  2240  3427 V qms     : |WIFI_TECH|N53Me::handleEvent:249 handleEvent 1
08-01 11:28:06.821  2240  3427 D qms     : |QMS|WakelockWrapper::releaseWakelock:99 QmsServices releaseWakelock[0], 0xb40000727ee3a4a8
08-01 11:28:06.821  2240  3427 D qms     : |QMS|WakelockWrapper::releaseWakelock:108 QmsServices releasing wake
08-01 11:28:06.821  2240  3427 D qms     : |QMS|WakelockWrapper::releaseWakelock:114 QmsServices lock held for 200ms
08-01 11:28:06.821  2240  3427 D qms     : |QMS|QmsEventHandler::cb:124 Wakelock evt end 0xb4000071dee3ca68 0xb4000070fee34648
08-01 11:28:06.821  2240  3427 D qms     : |QMS|QmsEventHandler::cb:126 QmsEventHandler cb end
08-01 11:28:06.821  2240  3427 D qms     : |QMS_BASE_MODULE|QmsBaseModule::serviceThread:24 [MutualExModule] processEvents done
08-01 11:28:06.821  2240  3427 D qms     : |QMS|EventManager::processEvents:144 there are 1 file descriptor(s) with events pending
08-01 11:28:06.821  2240  3427 D qms     : |QMS|EventManager::processEvents:168 processing event number: 0, handling 1 for 140
08-01 11:28:06.821  2240  3427 D qms     : |QMS|EventManager::processEvents:179 file descriptor '140' is processing events [callback:0x58b4f3bfe8, data:0xb40000713ee3c0c0]
08-01 11:28:06.821  2240  3427 D qms     : |QMS|WpaWrapper::monitorEventsCb:130 WpaWrapper::monitorEventsCb received from wpa: IFNAME=wlan0 <3>CTRL-EVENT-BSS-REMOVED 40 80:ae:54:b8:29:9a
08-01 11:28:06.821  2240  3427 D qms     : |QMS_BASE_MODULE|QmsBaseModule::serviceThread:24 [MutualExModule] processEvents done
08-01 11:28:06.821  2240  3427 D qms     : |QMS|EventManager::processEvents:144 there are 1 file descriptor(s) with events pending
08-01 11:28:06.822  2240  3427 D qms     : |QMS|EventManager::processEvents:168 processing event number: 0, handling 1 for 140
08-01 11:28:06.822  2240  3427 D qms     : |QMS|EventManager::processEvents:179 file descriptor '140' is processing events [callback:0x58b4f3bfe8, data:0xb40000713ee3c0c0]
08-01 11:28:06.822  2240  3427 D qms     : |QMS|WpaWrapper::monitorEventsCb:130 WpaWrapper::monitorEventsCb received from wpa: IFNAME=wlan0 <3>CTRL-EVENT-BSS-REMOVED 105 40:b0:76:c1:b0:18
08-01 11:28:06.822  2240  3427 D qms     : |QMS_BASE_MODULE|QmsBaseModule::serviceThread:24 [MutualExModule] processEvents done
08-01 11:28:06.822  2240  3427 D qms     : |QMS|EventManager::processEvents:144 there are 1 file descriptor(s) with events pending
08-01 11:28:06.822  2240  3427 D qms     : |QMS|EventManager::processEvents:168 processing event number: 0, handling 1 for 140
08-01 11:28:06.822  2240  3427 D qms     : |QMS|EventManager::processEvents:179 file descriptor '140' is processing events [callback:0x58b4f3bfe8, data:0xb40000713ee3c0c0]
08-01 11:28:06.822  2240  3427 D qms     : |QMS|WpaWrapper::monitorEventsCb:130 WpaWrapper::monitorEventsCb received from wpa: IFNAME=wlan0 <3>CTRL-EVENT-BSS-REMOVED 38 30:86:2d:17:ae:40
08-01 11:28:06.822  2240  3427 D qms     : |QMS_BASE_MODULE|QmsBaseModule::serviceThread:24 [MutualExModule] processEvents done
08-01 11:28:06.822  2240  3427 D qms     : |QMS|EventManager::processEvents:144 there are 1 file descriptor(s) with events pending
08-01 11:28:06.822  2240  3427 D qms     : |QMS|EventManager::processEvents:168 processing event number: 0, handling 1 for 140
08-01 11:28:06.822  2240  3427 D qms     : |QMS|EventManager::processEvents:179 file descriptor '140' is processing events [callback:0x58b4f3bfe8, data:0xb40000713ee3c0c0]
08-01 11:28:06.822  2240  3427 D qms     : |QMS|WpaWrapper::monitorEventsCb:130 WpaWrapper::monitorEventsCb received from wpa: IFNAME=wlan0 <3>CTRL-EVENT-BSS-REMOVED 101 60:3a:7c:e2:77:8e
08-01 11:28:06.822  2240  3427 D qms     : |QMS_BASE_MODULE|QmsBaseModule::serviceThread:24 [MutualExModule] processEvents done
08-01 11:28:06.822  2240  3427 D qms     : |QMS|EventManager::processEvents:144 there are 1 file descriptor(s) with events pending
08-01 11:28:06.822  2240  3427 D qms     : |QMS|EventManager::processEvents:168 processing event number: 0, handling 1 for 140
08-01 11:28:06.822  2240  3427 D qms     : |QMS|EventManager::processEvents:179 file descriptor '140' is processing events [callback:0x58b4f3bfe8, data:0xb40000713ee3c0c0]
08-01 11:28:06.822  2240  3427 D qms     : |QMS|WpaWrapper::monitorEventsCb:130 WpaWrapper::monitorEventsCb received from wpa: IFNAME=wlan0 <3>CTRL-EVENT-BSS-REMOVED 108 a8:0c:ca:80:7c:17
08-01 11:28:06.822  2240  3427 D qms     : |QMS_BASE_MODULE|QmsBaseModule::serviceThread:24 [MutualExModule] processEvents done
08-01 11:28:06.822  2240  3427 D qms     : |QMS|EventManager::processEvents:144 there are 1 file descriptor(s) with events pending
08-01 11:28:06.822  2240  3427 D qms     : |QMS|EventManager::processEvents:168 processing event number: 0, handling 1 for 140
08-01 11:28:06.822  2240  3427 D qms     : |QMS|EventManager::processEvents:179 file descriptor '140' is processing events [callback:0x58b4f3bfe8, data:0xb40000713ee3c0c0]
08-01 11:28:06.822  2240  3427 D qms     : |QMS|WpaWrapper::monitorEventsCb:130 WpaWrapper::monitorEventsCb received from wpa: IFNAME=wlan0 <3>CTRL-EVENT-BSS-REMOVED 100 72:9c:25:d8:2f:21
08-01 11:28:06.822  2240  3427 D qms     : |QMS_BASE_MODULE|QmsBaseModule::serviceThread:24 [MutualExModule] processEvents done
08-01 11:28:06.822  2240  3427 D qms     : |QMS|EventManager::processEvents:144 there are 1 file descriptor(s) with events pending
08-01 11:28:06.822  2240  3427 D qms     : |QMS|EventManager::processEvents:168 processing event number: 0, handling 1 for 140
08-01 11:28:06.822  2240  3427 D qms     : |QMS|EventManager::processEvents:179 file descriptor '140' is processing events [callback:0x58b4f3bfe8, data:0xb40000713ee3c0c0]
08-01 11:28:06.822  2240  3427 D qms     : |QMS|WpaWrapper::monitorEventsCb:130 WpaWrapper::monitorEventsCb received from wpa: IFNAME=wlan0 <3>CTRL-EVENT-BSS-REMOVED 99 e8:9c:25:d8:2f:20
08-01 11:28:06.822  2240  3427 D qms     : |QMS_BASE_MODULE|QmsBaseModule::serviceThread:24 [MutualExModule] processEvents done
08-01 11:28:06.822  2240  3427 D qms     : |QMS|EventManager::processEvents:144 there are 1 file descriptor(s) with events pending
08-01 11:28:06.823  2240  3427 D qms     : |QMS|EventManager::processEvents:168 processing event number: 0, handling 1 for 140
08-01 11:28:06.823  2240  3427 D qms     : |QMS|EventManager::processEvents:179 file descriptor '140' is processing events [callback:0x58b4f3bfe8, data:0xb40000713ee3c0c0]
08-01 11:28:06.823  2240  3427 D qms     : |QMS|WpaWrapper::monitorEventsCb:130 WpaWrapper::monitorEventsCb received from wpa: IFNAME=wlan0 <3>CTRL-EVENT-BSS-REMOVED 37 30:86:2d:17:ae:42
08-01 11:28:06.823  2240  3427 D qms     : |QMS_BASE_MODULE|QmsBaseModule::serviceThread:24 [MutualExModule] processEvents done
08-01 11:28:06.823  2240  3427 D qms     : |QMS|EventManager::processEvents:144 there are 1 file descriptor(s) with events pending
08-01 11:28:06.823  2240  3427 D qms     : |QMS|EventManager::processEvents:168 processing event number: 0, handling 1 for 140
08-01 11:28:06.823  2240  3427 D qms     : |QMS|EventManager::processEvents:179 file descriptor '140' is processing events [callback:0x58b4f3bfe8, data:0xb40000713ee3c0c0]
08-01 11:28:06.823  2240  3427 D qms     : |QMS|WpaWrapper::monitorEventsCb:130 WpaWrapper::monitorEventsCb received from wpa: IFNAME=wlan0 <3>CTRL-EVENT-BSS-REMOVED 102 00:03:7f:12:cc:cc
08-01 11:28:06.823  2240  3427 D qms     : |QMS_BASE_MODULE|QmsBaseModule::serviceThread:24 [MutualExModule] processEvents done
08-01 11:28:06.823  2240  3427 D qms     : |QMS|EventManager::processEvents:144 there are 1 file descriptor(s) with events pending
08-01 11:28:06.823  2240  3427 D qms     : |QMS|EventManager::processEvents:168 processing event number: 0, handling 1 for 140
08-01 11:28:06.823  2240  3427 D qms     : |QMS|EventManager::processEvents:179 file descriptor '140' is processing events [callback:0x58b4f3bfe8, data:0xb40000713ee3c0c0]
08-01 11:28:06.823  2240  3427 D qms     : |QMS|WpaWrapper::monitorEventsCb:130 WpaWrapper::monitorEventsCb received from wpa: IFNAME=wlan0 <3>CTRL-EVENT-BSS-REMOVED 98 d4:5d:64:92:86:74
08-01 11:28:06.823  2240  3427 D qms     : |QMS_BASE_MODULE|QmsBaseModule::serviceThread:24 [MutualExModule] processEvents done
08-01 11:28:06.823  2240  3427 D qms     : |QMS|EventManager::processEvents:144 there are 1 file descriptor(s) with events pending
08-01 11:28:06.823  2240  3427 D qms     : |QMS|EventManager::processEvents:168 processing event number: 0, handling 1 for 140
08-01 11:28:06.823  2240  3427 D qms     : |QMS|EventManager::processEvents:179 file descriptor '140' is processing events [callback:0x58b4f3bfe8, data:0xb40000713ee3c0c0]
