08-01 11:28:06.853  6840  6840 D wpa_supplicant: nl80211: Ignored event 103 (NL80211_CMD_VENDOR) for foreign interface (ifindex 16 wdev 0x0 wiphy -1)
08-01 11:28:06.853  1600  6833 I WifiHAL : event received NL80211_CMD_VENDOR, vendor_id = 0x1374, subcmd = 0xb6
08-01 11:28:06.854  2240  3426 D qms     : |QMS|EventManager::processEvents:144 there are 1 file descriptor(s) with events pending
08-01 11:28:06.854  2240  3426 D qms     : |QMS|EventManager::processEvents:168 processing event number: 0, handling 1 for 57
08-01 11:28:06.854  2240  3426 D qms     : |QMS|EventManager::processEvents:179 file descriptor '57' is processing events [callback:0x58b4f3bf58, data:0xb40000729ee3f790]
08-01 11:28:06.854  2240  3426 V qms     : |QMS|NetlinkWrapper::waitWlanEvents:601 Epoll Event received on netlink fd : 57. Reading Netlink Event
08-01 11:28:06.854  2240  3426 I qms     : |QMS|NetlinkWrapper::readVendorEvents:665 nl80211: readVendorEvents received
08-01 11:28:06.854  2240  3426 D qms     : |QMS|NetlinkWrapper::readVendorEvents:750 nl80211: Received Vendor EVENT for oem_data.
08-01 11:28:06.854  2240  3426 D qms     : |QMS|NetlinkWrapper::readVendorEvents:769 tb_vendor[QCA_WLAN_VENDOR_ATTR_OEM_DATA_CMD_DATA] = [ 1 0 4 0 14 0 0 0 53 0 4 0 1 0 0 0 54 0 4 0 4 0 0 0 55 0 4 0 0 0 0 0 56 0 0 0]
08-01 11:28:06.854  2240  3426 I qms     : |QMS|NetlinkWrapper::oem_read_tlv:2368 oem_read_tlv: type=1, length=4, read_len=8
08-01 11:28:06.854  2240  3426 D qms     : |QMS|NetlinkWrapper::handleOEMVendorSubCommand:1073 handleOEMVendorSubCommand:[20] buffer[[ 53 0 4 0 1 0 0 0 54 0 4 0 4 0 0 0 55 0 4 0 0 0 0 0 56 0 0 0]]
08-01 11:28:06.855  2240  3426 I qms     : |QMS|NetlinkWrapper::handleOEMVendorSubCommand:1159 handleOEMVendorSubCommand: unsupported command 20. Ignoring this event.
08-01 11:28:06.855  2240  3426 D qms     : |QMS_BASE_MODULE|QmsBaseModule::serviceThread:24 [NetlinkModule] processEvents done
08-01 11:28:06.856  2652  6835 D LOWI-9.0.1.118: [LOWI-Scan] wait_event:Wait done with Cmd 103
08-01 11:28:06.856  2652  6835 D LOWI-9.0.1.118: [LOWI-Scan] do_listen_events: Rcvd valid Netlink Cmd 0 Err 0
08-01 11:28:06.856  2446  2446 D wifi_qos_daemon: Event 103 received
08-01 11:28:06.858  2312  2312 I cnss-daemon: nl80211 response handler invoked
08-01 11:28:06.859  2312  2312 I cnss-daemon: nl80211_response_handler: cmd 103, vendorID 4980, subcmd 182  received
08-01 11:28:06.901  2200  2200 I [wifico][0x9ab4665a][11:28:06.873980] wcn7750: [2200:I:HDD] vdev 0 destroyed successfully
08-01 11:28:06.903  2200  2200 E [wifico][0x9ab5107f][11:28:06.876246] wcn7750: [2200:E:HDD] wlan_hdd_is_mlo_connection: invalid vdev
08-01 11:28:06.917  6822  6822 E [schedu][0x9ab8e9a9][11:28:06.889381] wcn7750: [6822:E:WMA] Peer fa:ae:be:19:f4:37 not found
08-01 11:28:06.928  6822  6822 E [schedu][0x9abc657f][11:28:06.901272] wcn7750: [6822:E:DP] dp_tx_flow_pool_unmap_handler: flow pool id: 1 is inactive, ignore unmap
08-01 11:28:06.964  2200  2200 I [wifico][0x9ac6d076][11:28:06.936833] wcn7750: [2200:I:HDD] vdev 1 destroyed successfully
08-01 11:28:06.937  6840  6840 D wpa_supplicant: RTM_NEWLINK: ifi_index=16 ifname=wlan0 operstate=2 linkmode=0 ifi_family=0 ifi_flags=0x1002 ()
08-01 11:28:06.940  2446  2446 D wifi_qos_daemon: Interface change event received
08-01 11:28:06.941  2446  2446 I wifi_qos_daemon: RTM_NEWLINK Event Received for wlan0
08-01 11:28:06.941  2446  2446 D wifi_qos_daemon: stc_send_async_flow_stats_cmd: cmd send
08-01 11:28:06.942  2652  2713 D wlc     : Interface change event received
08-01 11:28:06.942  2652  2713 D wlc     : wifi disabled
08-01 11:28:06.943  2240  3426 D qms     : |QMS|EventManager::processEvents:144 there are 1 file descriptor(s) with events pending
08-01 11:28:06.943  2240  3426 D qms     : |QMS|EventManager::processEvents:168 processing event number: 0, handling 1 for 43
08-01 11:28:06.943  2652  2705 D LOWI-9.0.1.118: [LOWINetlinkSocketReceiver] unpackRTMLinkMessage: RTM_NEWLINK - ifname wlan0, flags 0x1002 ()
08-01 11:28:06.943  2240  3426 D qms     : |QMS|EventManager::processEvents:179 file descriptor '43' is processing events [callback:0x58b4f3bf68, data:0xb40000729ee3f790]
08-01 11:28:06.943  2652  2705 D LOWI-9.0.1.118: [LOWINetlinkSocketReceiver] processNetlinkPacket: ifname(wlan0) status(0)
08-01 11:28:06.943  2240  3426 V qms     : |QMS|NetlinkWrapper::readRtmEvents:1609 Received readRtmEvents for fd : 43
08-01 11:28:06.943  2652  2705 D LOWI-9.0.1.118: [LOWIController] intfStateReceived: ifname(wlan0) state(0)
08-01 11:28:06.943  2240  3426 V qms     : |QMS|NetlinkWrapper::readRtmEvents:1623 readRtmEvents bytes received is 1484
08-01 11:28:06.943  2240  3426 V qms     : |QMS|NetlinkWrapper::readRtmMessage:1666 readRtmMessage Event 16
08-01 11:28:06.944  2240  3426 I qms     : |QMS|NetlinkWrapper::readRtmMessage:1695 readRtmMessage: RTM_NEWLINK ifaceName[wlan0], UP[0]
08-01 11:28:06.944  2240  3426 D qms     : |QMS|QmsEventHandler::postEvent:84 QmsEventHandler postEvent start for fd[36]
08-01 11:28:06.944  2240  3426 D qms     : |QMS|QmsEventHandler::postEvent:86 Wakelock evt start 0xb40000729ee3f458 0xb4000070fee34168
08-01 11:28:06.944  2240  3426 D qms     : |QMS|WakelockWrapper::acquireWakelock:83 QmsServices acquireWakelock 0xb40000727ee3a4a8
08-01 11:28:06.944  2652  2715 D LOWI-9.0.1.118: [LOWIEventReceiver] handleEvent:FROM:NA, TO:NA, REQ:NA, IREQ:NA, REQ_ID:0, RESP:NA, INFO:INTF-STATUS-UPDATE
08-01 11:28:06.944  2652  2715 D LOWI-9.0.1.118: [LOWIEventReceiver] Info to [INTF-STATUS-UPDATE]
08-01 11:28:06.944  2652  2715 D LOWI-9.0.1.118: [LOWIController] updateIntfState: WIFI enabled 0 mNlWifiStatus 1 mWifiStateEnabled 1
08-01 11:28:06.944  2652  2715 D LOWI-9.0.1.118: [LOWIController] isWifiEnabled: mNlWifiStatus 0 mWifiStateEnabled 1
08-01 11:28:06.944  2652  2715 I LOWI-9.0.1.118: [LOWIController] isWifiEnabled: Wifi is now disabled
08-01 11:28:06.944  2652  2715 D LOWI-9.0.1.118: [LOWIController] terminateScanResultReceiver
08-01 11:28:06.946  2652  6835 D LOWI-9.0.1.118: [LOWI-Scan] wips_wait_on_nl_socket: read returned 6, Received string: Close 
08-01 11:28:06.947  2652  6835 D LOWI-9.0.1.118: [LOWI-Scan] do_listen_events: Select Error return - -301
08-01 11:28:06.947  2652  6835 D LOWI-9.0.1.118: [LOWI-Scan] No dump done. Error -301
08-01 11:28:06.947  2652  6835 D LOWI-9.0.1.118: [LOWI-Scan] WipsScanUsingNL: passive scan cached 0, took 4443 ms, err -301
08-01 11:28:06.947  2652  6835 D LOWI-9.0.1.118: [LOWI-Scan] lowi_proc_req_passive_scan_with_live_meas - No WLAN Frames to be parsed
08-01 11:28:06.947  2652  6835 D LOWI-9.0.1.118: [LOWIWifiDriverInterface] Scan terminated for passive listening request
08-01 11:28:06.947  2652  6835 I LOWI-9.0.1.118: [LOWIScanResultReceiver] Thread terminate was requested
08-01 11:28:06.947  2200  2200 I wificond: tearDownClientInterface: erasing wiphy_index for iface_name wlan0
08-01 11:28:06.947  2446  2446 E wifi_qos_daemon: Error in sending vendor command -100
08-01 11:28:06.947  2200  2200 I wificond: remove channel type 0 support at wiphy index 0
08-01 11:28:06.947  2652  6835 I LOWI-9.0.1.118: [LOWI-Scan] nl80211_cleanup: nl_cache addr: 0xb400007145a55790
08-01 11:28:06.947  2200  2200 I wificond: remove channel type 1 support at wiphy index 0
08-01 11:28:06.947  2200  2200 I wificond: remove channel type 3 support at wiphy index 0
08-01 11:28:06.948  2652  6835 D LOWI-9.0.1.118: [LOWI-Scan] Closing the pipe
08-01 11:28:06.950  2652  2715 D LOWI-9.0.1.118: [LOWIScanResultReceiver] After join complete
08-01 11:28:06.950  2652  2715 D LOWI-9.0.1.118: [LOWI-ROME-RTT] RomeUnblockRangingThread
08-01 11:28:06.951  1893  3556 I SupplicantStaIfaceHalAidlImpl: Terminate supplicant service
08-01 11:28:06.952  6840  6840 I wpa_supplicant: Terminating...
08-01 11:28:06.953  2240  3426 D qms     : |QMS|QmsEventHandler::postEvent:84 QmsEventHandler postEvent start for fd[112]
08-01 11:28:06.953  6840  6840 D wpa_supplicant: Deiniting aidl control
08-01 11:28:06.953  2240  3426 D qms     : |QMS|QmsEventHandler::postEvent:86 Wakelock evt start 0xb4000071dee3ca68 0xb4000070fee34528
08-01 11:28:06.953  2652  6836 D LOWI-9.0.1.118: [LOWI-ROME-RTT] RomeWaitOnActivityOnSocketOrPipe: Ranging thread Received string: Close, request socket shutdown 
08-01 11:28:06.953  2652  6836 D LOWI-9.0.1.118: [LOWIRangingFSM] FSM: Received Terminate Thread request from Controller
08-01 11:28:06.953  2240  3426 D qms     : |QMS|WakelockWrapper::acquireWakelock:83 QmsServices acquireWakelock 0xb40000727ee3a4a8
08-01 11:28:06.953  2240  3427 D qms     : |QMS|EventManager::processEvents:144 there are 1 file descriptor(s) with events pending
08-01 11:28:06.953  6840  6840 D wpa_supplicant: Deiniting vendor aidl control
08-01 11:28:06.954  2652  6836 I LOWI-9.0.1.118: [LOWIScanResultReceiver] Thread terminate was requested
08-01 11:28:06.954  2652  6836 D LOWI-9.0.1.118: [LOWI-ROME-RTT] Closing the Ranging pipe
08-01 11:28:06.954  2240  3426 V qms     : |QMS|NetlinkWrapper::readRtmMessage:1716 readRtmMessage: RTM_NEWLINK iface idx 4[0]
08-01 11:28:06.954  2240  3426 I qms     : |QMS|NetlinkWrapper::readRtmMessage:1719 readRtmMessage: RTM_NEWLINK wlan[0]
08-01 11:28:06.954  2240  3427 D qms     : |QMS|EventManager::processEvents:168 processing event number: 0, handling 1 for 36
08-01 11:28:06.954  2240  3427 D qms     : |QMS|EventManager::processEvents:179 file descriptor '36' is processing events [callback:0x58b4f3bfe0, data:0xb40000729ee3f458]
08-01 11:28:06.955  2240  3427 D qms     : |QMS|QmsEventHandler::cb:103 QmsEventHandler cb start
08-01 11:28:06.955  2240  3426 I qms     : |QMS|NetlinkWrapper::readRtmMessage:1724 readRtmMessage: RTM_NEWLINK currIfaceName[]
08-01 11:28:06.955  2240  3426 D qms     : |QMS|QmsEventHandler::postEvent:84 QmsEventHandler postEvent start for fd[50]
08-01 11:28:06.955  2240  3426 D qms     : |QMS|QmsEventHandler::postEvent:86 Wakelock evt start 0xb4000071dee3b0f8 0xb4000070fee333f0
08-01 11:28:06.955  2240  3426 D qms     : |QMS|WakelockWrapper::acquireWakelock:83 QmsServices acquireWakelock 0xb40000727ee3a4a8
08-01 11:28:06.955  2240  3426 D qms     : |QMS|NetlinkWrapper::readRtmMessage:1740 finalizedIfaceName set to empty string
08-01 11:28:06.956  2240  3426 I qms     : |QMS|NetlinkWrapper::readRtmMessage:1757 readRtmMessage: finalized_iface_name[], 0
08-01 11:28:06.956  2240  3426 D qms     : |QMS_BASE_MODULE|QmsBaseModule::serviceThread:24 [NetlinkModule] processEvents done
08-01 11:28:06.957  2240  3428 D qms     : |QMS|EventManager::processEvents:144 there are 1 file descriptor(s) with events pending
08-01 11:28:06.957  2240  3428 D qms     : |QMS|EventManager::processEvents:168 processing event number: 0, handling 1 for 50
08-01 11:28:06.957  2240  3428 D qms     : |QMS|EventManager::processEvents:179 file descriptor '50' is processing events [callback:0x58b4f3c008, data:0xb4000071dee3b0f8]
08-01 11:28:06.958  2652  2715 D LOWI-9.0.1.118: [LOWIScanResultReceiver] After join complete
08-01 11:28:06.958  2652  2715 D LOWI-9.0.1.118: [LOWIController] terminateWifiDriver
08-01 11:28:06.958  2240  3428 D qms     : |QMS|QmsEventHandler::cb:103 QmsEventHandler cb start
08-01 11:28:06.958  2240  3428 D qms     : |WIFI_TECH|WlanTechHandler::handleEvent:408 WlanTechHandler:handleEvent [2]
08-01 11:28:06.958  2240  3428 D qms     : |MODEM_INTERFACE|SmartTxManager::onWlanAvailable:295 SmartTxManager:onWlanAvailable normal or after recovery: is Available 0 
08-01 11:28:06.958  2240  3428 D qms     : |QMS|QmsEventHandler::postEvent:84 QmsEventHandler postEvent start for fd[49]
08-01 11:28:06.958  2652  2715 I CLD80211: lowi-server: Sent msg on exit sock to unblock poll()
08-01 11:28:06.958  2240  3428 D qms     : |QMS|QmsEventHandler::postEvent:86 Wakelock evt start 0xb40000729ee3a208 0xb40000728ee3da28
08-01 11:28:06.958  2240  3428 D qms     : |QMS|WakelockWrapper::acquireWakelock:83 QmsServices acquireWakelock 0xb40000727ee3a4a8
08-01 11:28:06.959  2240  3428 D qms     : |QMS|WakelockWrapper::releaseWakelock:99 QmsServices releaseWakelock[3], 0xb40000727ee3a4a8
08-01 11:28:06.959  2240  3428 D qms     : |QMS|QmsEventHandler::cb:124 Wakelock evt end 0xb4000071dee3b0f8 0xb4000070fee333f0
08-01 11:28:06.959  2240  3428 D qms     : |QMS|QmsEventHandler::cb:126 QmsEventHandler cb end
08-01 11:28:06.959  2240  3428 D qms     : |QMS_BASE_MODULE|QmsBaseModule::serviceThread:24 [StxModule] processEvents done
08-01 11:28:06.959  2240  3428 D qms     : |QMS|EventManager::processEvents:144 there are 1 file descriptor(s) with events pending
08-01 11:28:06.959  2240  3428 D qms     : |QMS|EventManager::processEvents:168 processing event number: 0, handling 1 for 49
08-01 11:28:06.960  2240  3428 D qms     : |QMS|EventManager::processEvents:179 file descriptor '49' is processing events [callback:0x58b4f3bf30, data:0xb40000729ee3a208]
08-01 11:28:06.960  2240  3428 D qms     : |QMS|QmsEventHandler::cb:103 QmsEventHandler cb start
08-01 11:28:06.960  2240  3428 V qms     : |MODEM_INTERFACE|SmartTxManager::handleEvent:131 SmartTxManager:handleEvent 1
08-01 11:28:06.960  2240  3428 D qms     : |MODEM_INTERFACE|SmartTxManager::handleEvent:216 SmartTxManager:handleEvent SET_RADIO_STATUS
08-01 11:28:06.960  2240  3428 D qms     : |MODEM_INTERFACE|SmartTxManager::handleSetRadioStatus:779 SmartTxManager:handleSetRadioStatus SET_RADIO_STATUS: OOS=0, cachAPM=0, APM=0
08-01 11:28:06.960  2240  3428 D qms     : |MODEM_INTERFACE|SmartTxManager::handleSetRadioStatus:787 SmartTxManager:handleSetRadioStatus SET_RADIO_STATUS: cachAPM=0, APM=0
08-01 11:28:06.961  2240  3428 D qms     : |QMS|WakelockWrapper::releaseWakelock:99 QmsServices releaseWakelock[2], 0xb40000727ee3a4a8
08-01 11:28:06.961  2240  3428 D qms     : |QMS|QmsEventHandler::cb:124 Wakelock evt end 0xb40000729ee3a208 0xb40000728ee3da28
08-01 11:28:06.961  2240  3428 D qms     : |QMS|QmsEventHandler::cb:126 QmsEventHandler cb end
08-01 11:28:06.961  2240  3428 D qms     : |QMS_BASE_MODULE|QmsBaseModule::serviceThread:24 [StxModule] processEvents done
08-01 11:28:06.962  2240  3427 E qms     : |WIFI_MANAGER|WifiMgr::onDisconnected:668 Iface wlan0 cannot be removed, does not exist
08-01 11:28:06.962  2240  3427 E qms     : |QMS|WpaWrapper::~WpaWrapper:386 wpawrapper dtor
08-01 11:28:06.962  2240  3427 D qms     : |QMS|EventManager::removeEventHandler:297 removeEventHandler(int fd: 140) EX
08-01 11:28:06.962  2240  3427 D qms     : |QMS|WpaWrapper::disconnect:171 Disconnected from wpa
08-01 11:28:06.963  2240  3427 D qms     : |QMS|WakelockWrapper::releaseWakelock:99 QmsServices releaseWakelock[1], 0xb40000727ee3a4a8
08-01 11:28:06.963  2240  3427 D qms     : |QMS|QmsEventHandler::cb:124 Wakelock evt end 0xb40000729ee3f458 0xb4000070fee34168
08-01 11:28:06.963  2240  3427 D qms     : |QMS|QmsEventHandler::cb:126 QmsEventHandler cb end
08-01 11:28:06.964  2240  3427 D qms     : |QMS_BASE_MODULE|QmsBaseModule::serviceThread:24 [MutualExModule] processEvents done
08-01 11:28:06.964  2240  3427 D qms     : |QMS|EventManager::processEvents:144 there are 2 file descriptor(s) with events pending
08-01 11:28:06.964  2240  3427 D qms     : |QMS|EventManager::processEvents:168 processing event number: 0, handling 1 for 112
08-01 11:28:06.964  2240  3427 D qms     : |QMS|EventManager::processEvents:179 file descriptor '112' is processing events [callback:0x58b4f3bfc0, data:0xb4000071dee3ca68]
08-01 11:28:06.964  2240  3427 D qms     : |QMS|QmsEventHandler::cb:103 QmsEventHandler cb start
08-01 11:28:06.964  2240  3427 V qms     : |WIFI_TECH|N53Me::handleEvent:249 handleEvent 1
08-01 11:28:06.964  2240  3427 D qms     : |WIFI_TECH|N53Me::handleWlanUpdate:169 mWpaWrapper deinit (WLAN high priority mode off if enabled)
08-01 11:28:06.965  2240  3427 E qms     : |QMS|WpaWrapper::~WpaWrapper:386 wpawrapper dtor
08-01 11:28:06.965  2240  3427 D qms     : |QMS|WpaWrapper::disconnect:171 Disconnected from wpa
08-01 11:28:06.965  2240  3427 D qms     : |QMS|WakelockWrapper::releaseWakelock:99 QmsServices releaseWakelock[0], 0xb40000727ee3a4a8
08-01 11:28:06.966  2240  3427 D qms     : |QMS|WakelockWrapper::releaseWakelock:108 QmsServices releasing wake
08-01 11:28:06.966  2240  3427 D qms     : |QMS|WakelockWrapper::releaseWakelock:114 QmsServices lock held for 200ms
08-01 11:28:06.966  2240  3427 D qms     : |QMS|QmsEventHandler::cb:124 Wakelock evt end 0xb4000071dee3ca68 0xb4000070fee34528
08-01 11:28:06.966  2240  3427 D qms     : |QMS|QmsEventHandler::cb:126 QmsEventHandler cb end
08-01 11:28:06.966  2240  3427 D qms     : |QMS|EventManager::processEvents:144 there are 1 file descriptor(s) with events pending
08-01 11:28:06.966  2240  3427 D qms     : |QMS|EventManager::processRemove:435 processRemove enter
08-01 11:28:06.967  2240  3427 D qms     : |QMS|EventManager::processRemove:442 removing 140 from epollFd
08-01 11:28:06.967  2240  3427 D qms     : |QMS|EventManager::processRemove:450 Closed 140
08-01 11:28:06.967  2240  3427 D qms     : |QMS|EventManager::processRemove:459 Clearing local update FD:140
08-01 11:28:06.967  2240  3427 D qms     : |QMS|EventManager::processRemove:472 processRemove exit
08-01 11:28:06.967  2240  3427 D qms     : |QMS_BASE_MODULE|QmsBaseModule::serviceThread:24 [MutualExModule] processEvents done
08-01 11:28:06.976  1893  4175 W SupplicantStaIfaceHalAidlImpl: ISupplicant binder died. who=android.os.BinderProxy@51b3238, service=android.os.BinderProxy@51b3238
08-01 11:28:06.976  1893  4175 W SupplicantStaIfaceHalAidlImpl: Handle supplicant death
08-01 11:28:06.976  1893  4175 I SupplicantStaIfaceHalAidlImpl: Clearing internal state
08-01 11:28:06.977  1893  3556 D SupplicantStaIfaceHalAidlImpl: Got service death confirmation
08-01 11:28:06.977  1893  3556 D WifiNl80211Manager: tearing down interfaces in wificond
08-01 11:28:06.977  1893  3556 D WifiNl80211Manager: Wificond handle already retrieved
08-01 11:28:06.982  1600  1600 I WifiHAL : Sent msg on exit sock to unblock poll()
08-01 11:28:06.982  1600  6833 I WifiHAL : exit_event_handler, buf=E
08-01 11:28:07.003     1     1 I init    : Service 'wpa_supplicant' (pid 6840) exited with status 0 oneshot service took 28.709999 seconds in background
08-01 11:28:07.003     1     1 I init    : Sending signal 9 to service 'wpa_supplicant' (pid 6840) process group...
08-01 11:28:07.004     1     1 I libprocessgroup: Removed cgroup /sys/fs/cgroup/uid_0/pid_6840
08-01 11:28:07.006   895   895 I servicemanager: Caller(pid=1893,uid=1000,sid=u:r:system_server:s0) Found android.hardware.wifi.IWifi/default in device VINTF manifest.
08-01 11:28:06.985  1600  6833 I CLD80211: android.hardware.wifi-service: Sent msg on exit sock to unblock poll()
08-01 11:28:06.985  1600  6833 V WifiHAL : Successfully removed event handler for vendor 0x1374
08-01 11:28:06.985  1600  6833 D WifiHAL : wlan_service_update_sys_param: /proc/sys/net/ipv4/tcp_limit_output_bytes 506072
08-01 11:28:06.985  1600  6833 E WifiHAL : wlan_service_update_sys_param: unable to open /proc/sys/net/ipv4/tcp_use_userconfig
08-01 11:28:06.986  1600  6833 V WifiHAL : Successfully removed event handler for vendor 0x1374
08-01 11:28:06.986  1600  6833 V WifiHAL : cleanupTwtCommand:Enter
08-01 11:28:06.986  1600  6833 V WifiHAL : Successfully removed event handler for vendor 0x1374
08-01 11:28:06.986  1600  6833 D WifiHAL : NAN NIK: De-Initialize
08-01 11:28:06.986  1600  6833 E WifiHAL : 2 events were leftover without being freed
08-01 11:28:06.986  1600  6833 I android.hardware.wifi-service: Legacy HAL stop complete callback received
08-01 11:28:06.986  1600  6833 I WifiHAL : wifi_event_loop() exits success
08-01 11:28:07.015  1600  1600 I [binder][0x9ad5c5a4][11:28:06.987887] wcn7750: [1600:I:HDD] wlan_hdd_state_ctrl_param_write: Wifi turning off from UI
08-01 11:28:06.991  1600  1600 I android.hardware.wifi-service: Wifi HAL stopped
08-01 11:28:06.993  1893  3556 V WifiAwareNativeManager: onStatusChanged
08-01 11:28:06.994  1893  3556 D WifiAwareNativeManager: awareIsDown: mWifiNanIface=null, mReferenceCount =0
08-01 11:28:06.995  1893  3556 I WifiVendorHal: Device Manager onStatusChanged. isReady(): true, isStarted(): false
08-01 11:28:06.996  1893  3556 I WifiVendorHal: Vendor Hal stopped
08-01 11:28:06.996  1893  3556 I WifiNative: Successfully torn down Iface:{Name=wlan0,Id=0,Type=STA_CONNECTIVITY}
08-01 11:28:06.996  1893  3556 D HalDevMgr: updateRttController: no one is interested in RTT controllers
08-01 11:28:06.996  1893  3556 I WifiNative: Successfully initiated teardown for iface=wlan0
08-01 11:28:06.996  1893  3556 I WifiClientModeManager[90445:unknown]: StartedState.exit(), setting mRole = null
08-01 11:28:06.997  1893  3556 D WifiClientModeManager[90445:unknown]: IdleState.exit()
08-01 11:28:06.997  1893  3556 V WifiConnectivityManager: handleConnectionStateChanged: state=transitioning
08-01 11:28:06.997  1893  3556 V WifiConnectivityManager: startConnectivityScan: screenOn=true wifiState=transitioning scanImmediately=false wifiEnabled=true mAutoJoinEnabled=true mAutoJoinEnabledExternal=true mAutoJoinEnabledExternalSetByDeviceAdmin=false mPnoScanEnabledByFramework=true mEnablePnoScanAfterWifiToggle=true mSpecificNetworkRequestInProgress=false mTrustedConnectionAllowed=true isSufficiencyCheckEnabled=true isAssociatedNetworkSelectionEnabled=true noPotentialNetworkAvailable=false
08-01 11:28:06.997  1893  3556 V WifiConnectivityManager: cancelPeriodicScanTimer
08-01 11:28:06.999  1893  3556 W BestClock: java.time.DateTimeException: Missing network time fix
08-01 11:28:06.999  2240  2382 D qms     : |QMS|WakelockWrapper::doResetTimer:42 QmsServices doResetTimer 0xb40000727ee3a4a8, 0, 0
08-01 11:28:07.000  1893  3556 W BestClock: java.time.DateTimeException: Missing network time fix
08-01 11:28:07.001  1893  3556 W BestClock: java.time.DateTimeException: Missing network time fix
08-01 11:28:07.001  1893  3556 E SupplicantStaIfaceHalAidlImpl: Can't call listNetworks, ISupplicantStaIface is null for iface=wlan0
08-01 11:28:07.002  1893  3556 E SupplicantStaIfaceHalAidlImpl: removeAllNetworks failed, got null networks
08-01 11:28:07.002  1893  3556 E WifiClientModeImpl[92695:wlan0]: Failed to remove networks on exiting connect mode
08-01 11:28:07.002  1893  3556 V WifiClientModeImpl[92695:wlan0]: handleNetworkDisconnect: newConnectionInProgress: false
08-01 11:28:07.002  1893  3556 V WifiClientModeImpl[92695:wlan0]: java.lang.Throwable
08-01 11:28:07.002  1893  3556 V WifiClientModeImpl[92695:wlan0]: 	at com.android.server.wifi.ClientModeImpl.handleNetworkDisconnect(ClientModeImpl.java:3524)
08-01 11:28:07.002  1893  3556 V WifiClientModeImpl[92695:wlan0]: 	at com.android.server.wifi.ClientModeImpl.stopClientMode(ClientModeImpl.java:4458)
08-01 11:28:07.002  1893  3556 V WifiClientModeImpl[92695:wlan0]: 	at com.android.server.wifi.ClientModeImpl.-$$Nest$mstopClientMode(ClientModeImpl.java:0)
08-01 11:28:07.002  1893  3556 V WifiClientModeImpl[92695:wlan0]: 	at com.android.server.wifi.ClientModeImpl$ConnectableState.exitImpl(ClientModeImpl.java:4721)
08-01 11:28:07.002  1893  3556 V WifiClientModeImpl[92695:wlan0]: 	at com.android.server.wifi.RunnerState.exit(RunnerState.java:103)
08-01 11:28:07.002  1893  3556 V WifiClientModeImpl[92695:wlan0]: 	at com.android.wifi.x.com.android.internal.util.StateMachine$SmHandler.invokeExitMethods(StateMachine.java:1026)
08-01 11:28:07.002  1893  3556 V WifiClientModeImpl[92695:wlan0]: 	at com.android.wifi.x.com.android.internal.util.StateMachine$SmHandler.performTransitions(StateMachine.java:886)
08-01 11:28:07.002  1893  3556 V WifiClientModeImpl[92695:wlan0]: 	at com.android.wifi.x.com.android.internal.util.StateMachine$SmHandler.handleMessage(StateMachine.java:828)
08-01 11:28:07.002  1893  3556 V WifiClientModeImpl[92695:wlan0]: 	at android.os.Handler.dispatchMessage(Handler.java:107)
08-01 11:28:07.002  1893  3556 V WifiClientModeImpl[92695:wlan0]: 	at android.os.Looper.loopOnce(Looper.java:232)
08-01 11:28:07.002  1893  3556 V WifiClientModeImpl[92695:wlan0]: 	at android.os.Looper.loop(Looper.java:317)
08-01 11:28:07.002  1893  3556 V WifiClientModeImpl[92695:wlan0]: 	at android.os.HandlerThread.run(HandlerThread.java:85)
08-01 11:28:07.003  1893  3556 D WifiClientModeImpl[92695:wlan0]: setSuspendOptimizationsNative: 1 true -want true stack:setSuspendOptimizationsNative - handlePostDhcpSetup - stopDhcpSetup - handleNetworkDisconnect
08-01 11:28:07.003  1893  3556 D WifiClientModeImpl[92695:wlan0]: Request to set power save for: wlan0 to: true requested by: 1, mPowerSaveDisableRequests = 0
08-01 11:28:07.003  1893  3556 D WifiClientModeImpl[92695:wlan0]: Setting power save to: true, mPowerSaveDisableRequests = 0
08-01 11:28:07.003  1893  3556 E SupplicantStaIfaceHalAidlImpl: Can't call setPowerSave, ISupplicantStaIface is null for iface=wlan0
08-01 11:28:07.003  1893  3556 E SupplicantStaIfaceHalAidlImpl: Can't call setBtCoexistenceMode, ISupplicantStaIface is null for iface=wlan0
08-01 11:28:07.003  1893  3556 V WifiClientModeImpl[92695:wlan0]: stopIpClient IpClientWithPreConnection: false
08-01 11:28:07.004  1893  3556 D WifiScoreReport: reset
08-01 11:28:07.004  1893  3556 D WifiClientModeImpl[92695:wlan0]: sendNetworkChangeBroadcast oldState=DISCONNECTED newState=DISCONNECTED hidden=false
08-01 11:28:07.004  1893  3556 D WifiScoreCard: network update DISCONNECTION  ID: 1389349600 RSSI -127 txSpeed -1
08-01 11:28:07.005  1893  3556 D WifiDiags: stopLogging() iface list is {} after removing wlan0
08-01 11:28:07.006  1893  3556 W WifiDiags: Fail to reset log handler
08-01 11:28:07.006  1893  3556 D MboOceController: Disable MBO-OCE
08-01 11:28:07.010  1893  3556 D WifiClientModeImpl[92695:wlan0]: Queuing broadcast=SUPPLICANT_CONNECTION_CHANGE_ACTION EXTRA_SUPPLICANT_CONNECTED=false
08-01 11:28:07.010  1893  3556 D WifiClientModeImpl[92695:wlan0]: Sending broadcast=SUPPLICANT_CONNECTION_CHANGE_ACTION EXTRA_SUPPLICANT_CONNECTED=false
08-01 11:28:07.011  1893  3556 I WifiScanningService: enable scan: package android tid 3556 enable false
08-01 11:28:07.011  1893  3556 D WifiScanRequestProxy: Sending scan available broadcast: false
08-01 11:28:07.012  1893  3561 I WifiScanningService: Received a request to disable scanning, UID = 1000
08-01 11:28:07.012  1893  3556 I WifiScanRequestProxy: Scanning is disabled
08-01 11:28:07.012  1893  3561 E WifiNl80211Manager: No valid wificond scanner interface handler for iface=wlan0
08-01 11:28:07.013  1893  3561 I WifiScanningService: Removed an impl for wlan0
08-01 11:28:07.013  1893  3561 I WifiScanningService: wifi driver unloaded
08-01 11:28:07.014  1893  3556 V WifiActiveModeWarden: Primary ClientModeManager changed from ConcreteClientModeManager{id=90445 iface=null role=null} to null
08-01 11:28:07.014  4801  4801 I OsAgent : onReceive: android.net.wifi.action.WIFI_SCAN_AVAILABILITY_CHANGED
08-01 11:28:07.014  1893  3556 D WifiActiveModeWarden: setSupportedFeatureSet 0x399f81defca9b5dd
08-01 11:28:07.014  1893  3556 D WifiActiveModeWarden: setBandSupported 0xb
08-01 11:28:07.014  4801  5010 I OsAgent : updateWiFiScanAvailState, scanAvailable: false
08-01 11:28:07.015  4801  5010 D OsAgentAidlClient: [bool_dataitem_update][1566] [HC] =>> [HS]
08-01 11:28:07.015  1893  3073 I WifiService: getSupportedFeatures uid=1000 returns 399f81defca9b5dd
08-01 11:28:07.016  1893  1893 I WifiService: getWifiEnabledState uid=1000 state=1
08-01 11:28:07.016  1893  1893 I WifiService: isScanAlwaysAvailable uid=1000
08-01 11:28:07.016  1893  3556 V WifiActiveModeWarden: ModeManager removed ConcreteClientModeManager{id=90445 iface=null role=null}
08-01 11:28:07.016  1570  1596 I LocSvc_SystemStatusOsObserver: sendCachedDataItems:471] DataItem: IS_WIFI_HARDWARE_ON: false >> Wiper
08-01 11:28:07.016  1893  3556 I WifiCountryCode: No active mode, call onDriverCountryCodeChanged with Null
08-01 11:28:07.016  1893  3556 V WifiNetworkFactory: ModeManager removed null
08-01 11:28:07.016  1893  3073 I WifiService: getWifiActivityEnergyInfoAsync uid=1000
08-01 11:28:07.017  1893  3556 D WifiHealthMonitor: Set WiFi disabled
08-01 11:28:07.017  1570  1618 I LocSvc_api_v02: ---> locClientSendReq line 2428 QMI_LOC_NOTIFY_WIFI_ENABLED_STATUS_REQ_V02
08-01 11:28:07.019  1570  2970 I LocSvc_ApiV02: <--- globalRespCb line 283 QMI_LOC_NOTIFY_WIFI_ENABLED_STATUS_REQ_V02
08-01 11:28:07.020  1893  3556 W system_server: Core platform API violation: Llibcore/io/Memory;->pokeByte(JB)V from Lcom/android/wifi/x/com/google/protobuf/UnsafeUtil; using reflection
08-01 11:28:07.020  1893  3556 W system_server: Core platform API violation: Llibcore/io/Memory;->peekByte(J)B from Lcom/android/wifi/x/com/google/protobuf/UnsafeUtil; using reflection
08-01 11:28:07.022  1893  3556 V WifiConnectivityManager: Set WiFi disabled
08-01 11:28:07.022  1893  3556 V WifiConfigManager: Clearing last selected network
08-01 11:28:07.022  1893  3556 V WifiConfigManager: Removing all passpoint or ephemeral configured networks
08-01 11:28:07.022  1893  3556 W AlarmManager: Unrecognized alarm listener com.android.server.wifi.hotspot2.ANQPRequestManager$1@d229a9e
08-01 11:28:07.022  1893  3556 V WifiConnectivityManager: Stopping WifiConnectivityManager
08-01 11:28:07.022  1893  3556 I WifiOpenNetworkNotifier: notification canceled
08-01 11:28:07.022  1893  3556 D WifiOpenNetworkNotifier: Notification with state=1 was cleared for recommended network: "000_huafeng_2G"
08-01 11:28:07.022  1893  3556 V WifiAwareStateManager: onReceive: WIFI_STATE_CHANGED_ACTION: intent=Intent { act=android.net.wifi.WIFI_STATE_CHANGED flg=0x4000010 (has extras) }
08-01 11:28:07.022  1893  3556 V WifiAwareStateManager: onReceive: WIFI_STATE_CHANGED_ACTION: intent=Intent { act=android.net.wifi.WIFI_STATE_CHANGED flg=0x4000010 (has extras) }
08-01 11:28:07.023  1893  3556 D WifiP2pService: P2pDisabledState cmd = DISABLE_P2P { when=-233ms what=143377 target=com.android.wifi.x.com.android.internal.util.StateMachine$SmHandler }
08-01 11:28:07.023  1893  3556 D WifiP2pService: DefaultState cmd = DISABLE_P2P { when=-233ms what=143377 target=com.android.wifi.x.com.android.internal.util.StateMachine$SmHandler }
08-01 11:28:07.023  1893  3556 D WifiP2pService: Wifi enabled=false, P2P disallowed by admin=false, D2D allowed when infra sta is disabled=false
08-01 11:28:07.023  1893  3556 D WifiP2pService: P2pDisabledState cmd = DISABLE_P2P { when=-231ms what=143377 target=com.android.wifi.x.com.android.internal.util.StateMachine$SmHandler }
08-01 11:28:07.023  1893  3556 D WifiP2pService: DefaultState cmd = DISABLE_P2P { when=-232ms what=143377 target=com.android.wifi.x.com.android.internal.util.StateMachine$SmHandler }
08-01 11:28:07.024  1893  3556 D WifiAwareStateManager: handleMessage: E msg.what=1
08-01 11:28:07.024  1893  3556 D WifiAwareStateManager: processMsg: WaitState
08-01 11:28:07.024  1893  3556 V WifiAwareStateManager: WaitState{ when=-29ms what=1 arg1=109 target=com.android.wifi.x.com.android.internal.util.StateMachine$SmHandler }
08-01 11:28:07.024  1893  3556 V WifiAwareStateManager: processCommand: msg={ when=-29ms what=1 arg1=109 target=com.android.wifi.x.com.android.internal.util.StateMachine$SmHandler }
08-01 11:28:07.024  1893  3556 D WifiAwareStateManager: disableUsageLocal: transactionId=8, mUsageEnabled=true
08-01 11:28:07.024  1893  3556 D WifiAwareStateManager: onAwareDown: mCurrentAwareConfiguration=null
08-01 11:28:07.024  1893  3556 V WifiAwareStateManager: sendAwareStateChangedBroadcast: enabled=false
08-01 11:28:07.024  1893  3556 D WifiAwareStateManager: handleMessage: X
08-01 11:28:07.024  1893  3556 D RttServiceImpl: onRttControllerDestroyed
08-01 11:28:07.025  1893  3556 D WifiP2pService: P2pDisabledState cmd = BLOCK_DISCOVERY { when=-22ms what=143375 target=com.android.wifi.x.com.android.internal.util.StateMachine$SmHandler }
08-01 11:28:07.025  1893  3556 D WifiP2pService: DefaultState cmd = BLOCK_DISCOVERY { when=-22ms what=143375 target=com.android.wifi.x.com.android.internal.util.StateMachine$SmHandler }
08-01 11:28:07.025  1893  3556 I WifiService: Receive onDriverCountryCodeChanged to null, update available channel list
08-01 11:28:07.025  1893  3556 V WifiPermissionsUtil: checkCallersCoarseLocationPermission(android): returning true because uid 1000has app-op android:coarse_location
08-01 11:28:07.025  1893  3556 I WifiService: onDriverCountryCodeChanged, ReceiverIdentity=CallerIdentity{Uid= 1000, Pid= 1893, PackageName= android, FeatureId= null}
08-01 11:28:07.025  1893  3556 I WifiManager: OnDriverCountryCodeChangedProxy: receive onDriverCountryCodeChanged: null
08-01 11:28:07.025  1893  3556 V WifiPermissionsUtil: checkCallersCoarseLocationPermission(android): returning true because uid 1000has app-op android:coarse_location
08-01 11:28:07.025  1893  3556 I WifiService: onDriverCountryCodeChanged, ReceiverIdentity=CallerIdentity{Uid= 1000, Pid= 1893, PackageName= android, FeatureId= UwbCountryCode}
08-01 11:28:07.025  1893  3556 I WifiManager: OnDriverCountryCodeChangedProxy: receive onDriverCountryCodeChanged: null
08-01 11:28:07.026  1893  3650 D UwbCountryCode: Set wifi country code to: 
08-01 11:28:07.026  1893  3650 D UwbCountryCode: Received empty wifi country code
08-01 11:28:07.026  1893  3650 D UwbCountryCode: Using cached country code
08-01 11:28:07.026  1893  3650 I UwbCountryCode: Ignoring already set country code: US
08-01 11:28:07.026  1893  3556 D WifiController: STA disabled, return to DisabledState.
08-01 11:28:07.026  1893  3556 D WifiController: EnabledState.exit()
08-01 11:28:07.026  1893  3556 D WifiController: DisabledState.enter()
08-01 11:28:07.026  1893  3556 D WifiAwareStateManager: handleMessage: E msg.what=1
08-01 11:28:07.026  1893  3556 D WifiAwareStateManager: processMsg: WaitState
08-01 11:28:07.026  1893  3556 V WifiAwareStateManager: WaitState{ when=-4ms what=1 arg1=109 target=com.android.wifi.x.com.android.internal.util.StateMachine$SmHandler }
08-01 11:28:07.026  1893  3556 V WifiAwareStateManager: processCommand: msg={ when=-4ms what=1 arg1=109 target=com.android.wifi.x.com.android.internal.util.StateMachine$SmHandler }
08-01 11:28:07.026  1893  3556 D WifiAwareStateManager: disableUsageLocal: transactionId=9, mUsageEnabled=false
08-01 11:28:07.026  1893  3556 D WifiAwareStateManager: handleMessage: X
08-01 11:28:07.026  1893  3556 D WifiAwareStateManager: handleMessage: E msg.what=1
08-01 11:28:07.026  1893  3556 D WifiAwareStateManager: processMsg: WaitState
08-01 11:28:07.026  1893  3556 V WifiAwareStateManager: WaitState{ when=-4ms what=1 arg1=109 target=com.android.wifi.x.com.android.internal.util.StateMachine$SmHandler }
08-01 11:28:07.026  1893  3556 V WifiAwareStateManager: processCommand: msg={ when=-4ms what=1 arg1=109 target=com.android.wifi.x.com.android.internal.util.StateMachine$SmHandler }
08-01 11:28:07.026  1893  3556 D WifiAwareStateManager: disableUsageLocal: transactionId=10, mUsageEnabled=false
08-01 11:28:07.026  1893  3556 D WifiAwareStateManager: handleMessage: X
08-01 11:28:07.026  1893  3556 D WifiAwareStateManager: handleMessage: E msg.what=1
08-01 11:28:07.027  1893  3556 D WifiAwareStateManager: processMsg: WaitState
08-01 11:28:07.027  1893  3556 V WifiAwareStateManager: WaitState{ when=-3ms what=1 arg1=124 obj=true target=com.android.wifi.x.com.android.internal.util.StateMachine$SmHandler }
08-01 11:28:07.027  1893  3556 V WifiAwareStateManager: processCommand: msg={ when=-3ms what=1 arg1=124 obj=true target=com.android.wifi.x.com.android.internal.util.StateMachine$SmHandler }
08-01 11:28:07.027  1893  3556 D WifiAwareNativeApi: disable
08-01 11:28:07.027  1893  3556 E WifiAwareNativeApi: disable: null interface
08-01 11:28:07.027  1893  3556 D WifiAwareStateManager: transitionTo: destState=WaitForResponseState
08-01 11:28:07.027  1893  3556 D WifiAwareStateManager: handleMessage: new destination call exit/enter
08-01 11:28:07.027  1893  3556 D WifiAwareStateManager: setupTempStateStackWithStatesToEnter: X mTempStateStackCount=1,curStateInfo: state=DefaultState,active=true,parent=null
08-01 11:28:07.027  1893  3556 D WifiAwareStateManager: invokeExitMethods: WaitState
08-01 11:28:07.027  1893  3556 D WifiAwareStateManager: moveTempStackToStateStack: i=0,j=1
08-01 11:28:07.027  1893  3556 D WifiAwareStateManager: moveTempStackToStateStack: X mStateStackTop=1,startingIndex=1,Top=WaitForResponseState
08-01 11:28:07.027  1893  3556 D WifiAwareStateManager: invokeEnterMethods: WaitForResponseState
08-01 11:28:07.027  1893  3556 D WifiAwareStateManager: handleMessage: X
08-01 11:28:07.028  1893  3556 D WifiAwareStateManager: handleMessage: E msg.what=2
08-01 11:28:07.028  1893  3556 D WifiAwareStateManager: processMsg: WaitForResponseState
08-01 11:28:07.028  1893  3556 V WifiAwareStateManager: WaitForResponseState{ when=-1ms what=2 arg1=213 arg2=11 obj=9 target=com.android.wifi.x.com.android.internal.util.StateMachine$SmHandler }
08-01 11:28:07.028  1893  3556 V WifiAwareStateManager: processResponse: msg={ when=-1ms what=2 arg1=213 arg2=11 obj=9 target=com.android.wifi.x.com.android.internal.util.StateMachine$SmHandler }
08-01 11:28:07.028  1893  3556 D WifiAwareStateManager: onDisableResponseLocal: command={ when=-2m1s202ms what=1 arg1=124 obj=true target=com.android.wifi.x.com.android.internal.util.StateMachine$SmHandler }, reason=9
08-01 11:28:07.028  1893  3556 E WifiAwareStateManager: onDisableResponseLocal: FAILED!? command={ when=-2m1s202ms what=1 arg1=124 obj=true target=com.android.wifi.x.com.android.internal.util.StateMachine$SmHandler }, reason=9
08-01 11:28:07.028  1893  3556 D WifiAwareNativeManager: releaseAware: mWifiNanIface=null, mReferenceCount=0
08-01 11:28:07.028  1893  3556 D WifiAwareStateManager: transitionTo: destState=WaitState
08-01 11:28:07.028  1893  3556 D WifiAwareStateManager: handleMessage: new destination call exit/enter
08-01 11:28:07.028  1893  3556 D WifiAwareStateManager: setupTempStateStackWithStatesToEnter: X mTempStateStackCount=1,curStateInfo: state=DefaultState,active=true,parent=null
08-01 11:28:07.028  1893  3556 D WifiAwareStateManager: invokeExitMethods: WaitForResponseState
08-01 11:28:07.028  1893  3556 D WifiAwareStateManager: moveTempStackToStateStack: i=0,j=1
08-01 11:28:07.028  1893  3556 D WifiAwareStateManager: moveTempStackToStateStack: X mStateStackTop=1,startingIndex=1,Top=WaitState
08-01 11:28:07.028  1893  3556 D WifiAwareStateManager: invokeEnterMethods: WaitState
08-01 11:28:07.028  1893  3556 D WifiAwareStateManager: handleMessage: X
08-01 11:28:07.198  2312  2312 I cnss-daemon: nl80211 response handler invoked
08-01 11:28:07.198  2312  2312 I cnss-daemon: nl80211_response_handler: cmd 103, vendorID 4980, subcmd 254  received
08-01 11:28:07.200  2240  3426 D qms     : |QMS|EventManager::processEvents:144 there are 1 file descriptor(s) with events pending
08-01 11:28:07.200  2240  3426 D qms     : |QMS|EventManager::processEvents:168 processing event number: 0, handling 1 for 57
08-01 11:28:07.200  2240  3426 D qms     : |QMS|EventManager::processEvents:179 file descriptor '57' is processing events [callback:0x58b4f3bf58, data:0xb40000729ee3f790]
08-01 11:28:07.200  2446  2446 D wifi_qos_daemon: Event 103 received
08-01 11:28:07.201  2240  3426 V qms     : |QMS|NetlinkWrapper::waitWlanEvents:601 Epoll Event received on netlink fd : 57. Reading Netlink Event
08-01 11:28:07.202  2240  3426 I qms     : |QMS|NetlinkWrapper::readVendorEvents:665 nl80211: readVendorEvents received
08-01 11:28:07.202  2240  3426 I qms     : |QMS|NetlinkWrapper::readVendorEvents:897 nl80211: Received unintended QCA vendor event 254. Ignoring this event.
08-01 11:28:07.203  2240  3426 D qms     : |QMS_BASE_MODULE|QmsBaseModule::serviceThread:24 [NetlinkModule] processEvents done
08-01 11:28:07.225    51    51 I [kworke][0x9b135009][11:28:07.197946] wcn7750: [51:I:HDD] hdd_psoc_idle_timeout_callback: Psoc idle timeout elapsed; starting psoc shutdown
08-01 11:28:07.238  6822  6822 E [schedu][0x9b173395][11:28:07.211219] wcn7750: [6822:E:SYS] Processing SYS MC STOP
08-01 11:28:07.249    10    10 E [kworke][0x9b1a5baa][11:28:07.221994] wcn7750: [10:E:HDD] hdd_sysfs_destroy_max_chipset_log_size_interface: max_chipset_log_size feature is disabled/no supp
08-01 11:28:07.254  1681  1843 I SDM     : DisplayBase::CommitThread: Received Idle Timeout, panel: cmd, timeout: 70000 us
08-01 11:28:07.296    10    10 I [kworke][0x9b27f0fa][11:28:07.268359] wcn7750: [10:I:WMI] WMI Stop
08-01 11:28:07.296    10    10 I [kworke][0x9b27f315][11:28:07.268386] wcn7750: [10:I:HTC] htc_stop: endpoints cleanup
08-01 11:28:07.296    10    10 I [kworke][0x9b27f738][11:28:07.268441] wcn7750: [10:I:HTC] htc_stop: stopping hif layer
08-01 11:28:07.288  4841  5299 W NearbyMediums: [WIFI_RADIO] State was changed outside of our control. Updating the snapshot to match current radio state.
08-01 11:28:07.289  1893  4511 I WifiService: getWifiEnabledState uid=10118 state=1
08-01 11:28:07.290  1893  4511 I WifiService: getWifiEnabledState uid=10118 state=1
08-01 11:28:07.291  1893  4511 I WifiService: getWifiEnabledState uid=10118 state=1
08-01 11:28:07.292  4841  5380 W Settings: Setting airplane_mode_on has moved from android.provider.Settings.System to android.provider.Settings.Global, returning read-only value.
08-01 11:28:07.293  1893  4511 I WifiService: isScanAlwaysAvailable uid=10118
08-01 11:28:07.351    10    10 I [kworke][0x9b3810a9][11:28:07.323396] wcn7750: [10:I:HTC] htc_stop: flush endpoints Tx lookup queue
08-01 11:28:07.351    10    10 I [kworke][0x9b381431][11:28:07.323442] wcn7750: [10:I:HTC] htc_stop: resetting endpoints state
08-01 11:28:07.570    10    10 E [kworke][0x9b787702][11:28:07.543212] wcn7750: [10:E:DP_INIT] dp_srng_deinit: ffffff8842b00008: Ring type: 27, num:0 not setup
08-01 11:28:07.585    10    10 I [kworke][0x9b7ca17c][11:28:07.557431] wcn7750: [10:I:OSIF] os_if_spectral_free_skb: Socket buffer is null, msg_type= 0
08-01 11:28:07.585    10    10 I [kworke][0x9b7ca20f][11:28:07.557439] wcn7750: [10:I:OSIF] os_if_spectral_free_skb: Socket buffer is null, msg_type= 1
08-01 11:28:07.585    10    10 I [kworke][0x9b7ca26c][11:28:07.557443] wcn7750: [10:I:OSIF] os_if_spectral_free_skb: Socket buffer is null, msg_type= 2
08-01 11:28:07.596    10    10 I [kworke][0x9b800507][11:28:07.568999] wcn7750: [10:I:HTC] htc_cleanup: Non flow ctrl enabled endpoints nbuf map: 13, unamp: 13
08-01 11:28:07.675  6941  6941 I qca_cld3_wcn7750: Hard Unloading driver v5.2.1.123
08-01 11:28:07.694    10    10 I [kworke][0x9b9cbdce][11:28:07.667036] wcn7750: [10:I:SPECTRAL] target_if_spectral_detach: spectral detach
08-01 11:28:07.694    10    10 I [kworke][0x9b9cc238][11:28:07.667095] wcn7750: [10:I:GREEN_AP] wlan_green_ap_pdev_obj_destroy_notification: Deleting green ap pdev obj, green ap ctx: ffffff8852a9d668, pdev: ffffff888e72d068
08-01 11:28:07.694    10    10 I [kworke][0x9b9cc47c][11:28:07.667124] wcn7750: [10:I:GREEN_AP] wlan_green_ap_pdev_obj_destroy_notification: green ap deletion successful
08-01 11:28:07.721    10    10 I icnss2_qmi: Sending Mode request, state: 0x184b048f, mode: 4
08-01 11:28:07.697  2312  6831 I cnss-daemon: wlan_qmi_err_cb: WLPS service disconnect, called with error -2 for client 0x5K
08-01 11:28:07.699  2312  6943 I cnss-daemon: wlan_service_request: Start the pthread
08-01 11:28:07.812  2240  3426 D qms     : |QMS|EventManager::processEvents:144 there are 1 file descriptor(s) with events pending
08-01 11:28:07.812  2240  3426 D qms     : |QMS|EventManager::processEvents:168 processing event number: 0, handling 1 for 57
08-01 11:28:07.812  2240  3426 D qms     : |QMS|EventManager::processEvents:179 file descriptor '57' is processing events [callback:0x58b4f3bf58, data:0xb40000729ee3f790]
08-01 11:28:07.813  2240  3426 V qms     : |QMS|NetlinkWrapper::waitWlanEvents:601 Epoll Event received on netlink fd : 57. Reading Netlink Event
08-01 11:28:07.813  2240  3426 I qms     : |QMS|NetlinkWrapper::readVendorEvents:665 nl80211: readVendorEvents received
08-01 11:28:07.815  2446  2446 D wifi_qos_daemon: Event 103 received
08-01 11:28:07.815  2312  2312 I cnss-daemon: nl80211 response handler invoked
08-01 11:28:07.813  2240  3426 I qms     : |QMS|NetlinkWrapper::readVendorEvents:897 nl80211: Received unintended QCA vendor event 254. Ignoring this event.
08-01 11:28:07.815  2312  2312 I cnss-daemon: nl80211_response_handler: cmd 103, vendorID 4980, subcmd 254  received
08-01 11:28:07.816  2240  3426 D qms     : |QMS_BASE_MODULE|QmsBaseModule::serviceThread:24 [NetlinkModule] processEvents done
08-01 11:28:07.828  1705  1705 I vendor.qti.hardware.servicetrackeraidl-service: bindService is called for service : com.google.android.gms/.chimera.PersistentApiServiceNoInstantApps and for client com.google.android.gms
08-01 11:28:07.828  1705  1705 I vendor.qti.hardware.servicetrackeraidl-service: total connections for service : com.google.android.gms/.chimera.PersistentApiServiceNoInstantAppsare :2
08-01 11:28:07.828  1705  1705 I vendor.qti.hardware.servicetrackeraidl-service: total connections for client : com.google.android.gmsare :4
08-01 11:28:07.835  4841  4867 I NearbySharing: A new client has bound to the NearbySharingService ClientBridge for calling package com.google.android.gms and PID 5145
08-01 11:28:07.840  6941  6941 E [rmmod][0x9bc7568f][11:28:07.812434] wcn7750: [6941:E:QDF] __cds_get_context: Module ID 61 context is Null (via hdd_driver_unload)
08-01 11:28:07.854  6941  6941 E [rmmod][0x9bcb74e9][11:28:07.826490] wcn7750: [6941:E:QDF] __cds_get_context: Module ID 71 context is Null (via __dp_bus_bw_compute_timer_stop)
08-01 11:28:07.873  6941  6941 I         : Device node unregistered
08-01 11:28:07.873  6941  6941 I icnss2  : Unregistering driver, state: 0x1848048d
08-01 11:28:07.873   110   110 I qca_cld3_wcn7750: Removing driver v5.2.1.123
08-01 11:28:07.886  1502  1515 E Diag-Router: diag: glinkpkt_open: failed to create control node for slate_apps
08-01 11:28:07.888  1502  1516 E Diag-Router: diag: glinkpkt_open: failed to create control node for slate_adsp
08-01 11:28:07.890  1502  1515 E Diag-Router: diag: diag_glinkpkt_open_thread: Glinkpkt_open failed for perif: 12 with err: -1, retry_cnt: 19
08-01 11:28:07.890  1502  1516 E Diag-Router: diag: diag_glinkpkt_open_thread: Glinkpkt_open failed for perif: 13 with err: -1, retry_cnt: 19
08-01 11:28:07.901   110   110 E [kworke][0x9bd964a8][11:28:07.874060] wcn7750: [110:E:OSIF] wlan_cfg80211_cleanup_scan_queue: pdev is Null
08-01 11:28:07.914   110   110 E [kworke][0x9bdd11ba][11:28:07.886607] wcn7750: [110:E:QDF] __cds_get_context: Module ID 71 context is Null (via __dp_bus_bw_compute_timer_stop)
08-01 11:28:07.906  2240  3426 D qms     : |QMS|EventManager::processEvents:144 there are 1 file descriptor(s) with events pending
08-01 11:28:07.907  2240  3426 D qms     : |QMS|EventManager::processEvents:168 processing event number: 0, handling 1 for 43
08-01 11:28:07.907  2240  3426 D qms     : |QMS|EventManager::processEvents:179 file descriptor '43' is processing events [callback:0x58b4f3bf68, data:0xb40000729ee3f790]
08-01 11:28:07.907  2240  3426 V qms     : |QMS|NetlinkWrapper::readRtmEvents:1609 Received readRtmEvents for fd : 43
08-01 11:28:07.907  2446  2446 D wifi_qos_daemon: Interface change event received
08-01 11:28:07.907  2240  3426 V qms     : |QMS|NetlinkWrapper::readRtmEvents:1623 readRtmEvents bytes received is 680
08-01 11:28:07.907  2240  3426 V qms     : |QMS|NetlinkWrapper::readRtmMessage:1666 readRtmMessage Event 17
08-01 11:28:07.907  2240  3426 I qms     : |QMS|NetlinkWrapper::readRtmMessage:1695 readRtmMessage: RTM_NEWLINK ifaceName[wlan0], UP[0]
08-01 11:28:07.907  2240  3426 D qms     : |QMS|QmsEventHandler::postEvent:84 QmsEventHandler postEvent start for fd[36]
08-01 11:28:07.907  2240  3426 D qms     : |QMS|QmsEventHandler::postEvent:86 Wakelock evt start 0xb40000729ee3f458 0xb4000070fee33c28
08-01 11:28:07.907  2240  3426 D qms     : |QMS|WakelockWrapper::acquireWakelock:83 QmsServices acquireWakelock 0xb40000727ee3a4a8
08-01 11:28:07.907  2652  2713 D wlc     : Interface change event received
08-01 11:28:07.908  2652  2705 D LOWI-9.0.1.118: [LOWINetlinkSocketReceiver] unpackRTMLinkMessage: RTM_DELLINK - ifname wlan0, flags 0x1002 ()
08-01 11:28:07.908  2652  2705 D LOWI-9.0.1.118: [LOWINetlinkSocketReceiver] processNetlinkPacket: ifname(wlan0) status(0)
08-01 11:28:07.908  2652  2705 D LOWI-9.0.1.118: [LOWIController] intfStateReceived: ifname(wlan0) state(0)
08-01 11:28:07.908  2652  2715 D LOWI-9.0.1.118: [LOWIEventReceiver] handleEvent:FROM:NA, TO:NA, REQ:NA, IREQ:NA, REQ_ID:0, RESP:NA, INFO:INTF-STATUS-UPDATE
08-01 11:28:07.908  2652  2715 D LOWI-9.0.1.118: [LOWIEventReceiver] Info to [INTF-STATUS-UPDATE]
08-01 11:28:07.908  2652  2715 D LOWI-9.0.1.118: [LOWIController] updateIntfState: WIFI enabled 0 mNlWifiStatus 0 mWifiStateEnabled 0
08-01 11:28:07.908  2652  2715 D LOWI-9.0.1.118: [LOWIController] isWifiEnabled: mNlWifiStatus 0 mWifiStateEnabled 0
08-01 11:28:07.908  2240  2382 D qms     : |QMS|WakelockWrapper::doResetTimer:42 QmsServices doResetTimer 0xb40000727ee3a4a8, 0, 1
08-01 11:28:07.908  2240  3426 D qms     : |QMS|QmsEventHandler::postEvent:84 QmsEventHandler postEvent start for fd[112]
08-01 11:28:07.909  2240  3426 D qms     : |QMS|QmsEventHandler::postEvent:86 Wakelock evt start 0xb4000071dee3ca68 0xb4000070fee35668
08-01 11:28:07.909  2240  3426 D qms     : |QMS|WakelockWrapper::acquireWakelock:83 QmsServices acquireWakelock 0xb40000727ee3a4a8
08-01 11:28:07.910  2240  3426 V qms     : |QMS|NetlinkWrapper::readRtmMessage:1716 readRtmMessage: RTM_NEWLINK iface idx 4[0]
08-01 11:28:07.910  2240  3426 I qms     : |QMS|NetlinkWrapper::readRtmMessage:1719 readRtmMessage: RTM_NEWLINK wlan[0]
08-01 11:28:07.910  2240  3426 I qms     : |QMS|NetlinkWrapper::readRtmMessage:1724 readRtmMessage: RTM_NEWLINK currIfaceName[]
08-01 11:28:07.910  2240  3426 I qms     : |QMS|NetlinkWrapper::readRtmMessage:1757 readRtmMessage: finalized_iface_name[], 0
